Archive member included to satisfy reference by file (symbol)

C:/STM/STM32CubeIDE_1.12.1/STM32CubeIDE/plugins/com.st.stm32cube.ide.mcu.externaltools.gnu-tools-for-stm32.12.3.rel1.win32_1.1.0.202410251130/tools/bin/../lib/gcc/arm-none-eabi/12.3.1/../../../../arm-none-eabi/lib/thumb/v7-m/nofp\libc_nano.a(libc_a-exit.o)
                              C:/STM/STM32CubeIDE_1.12.1/STM32CubeIDE/plugins/com.st.stm32cube.ide.mcu.externaltools.gnu-tools-for-stm32.12.3.rel1.win32_1.1.0.202410251130/tools/bin/../lib/gcc/arm-none-eabi/12.3.1/../../../../arm-none-eabi/lib/thumb/v7-m/nofp/crt0.o (exit)
C:/STM/STM32CubeIDE_1.12.1/STM32CubeIDE/plugins/com.st.stm32cube.ide.mcu.externaltools.gnu-tools-for-stm32.12.3.rel1.win32_1.1.0.202410251130/tools/bin/../lib/gcc/arm-none-eabi/12.3.1/../../../../arm-none-eabi/lib/thumb/v7-m/nofp\libc_nano.a(libc_a-findfp.o)
                              C:/STM/STM32CubeIDE_1.12.1/STM32CubeIDE/plugins/com.st.stm32cube.ide.mcu.externaltools.gnu-tools-for-stm32.12.3.rel1.win32_1.1.0.202410251130/tools/bin/../lib/gcc/arm-none-eabi/12.3.1/../../../../arm-none-eabi/lib/thumb/v7-m/nofp\libc_nano.a(libc_a-exit.o) (__stdio_exit_handler)
C:/STM/STM32CubeIDE_1.12.1/STM32CubeIDE/plugins/com.st.stm32cube.ide.mcu.externaltools.gnu-tools-for-stm32.12.3.rel1.win32_1.1.0.202410251130/tools/bin/../lib/gcc/arm-none-eabi/12.3.1/../../../../arm-none-eabi/lib/thumb/v7-m/nofp\libc_nano.a(libc_a-fwalk.o)
                              C:/STM/STM32CubeIDE_1.12.1/STM32CubeIDE/plugins/com.st.stm32cube.ide.mcu.externaltools.gnu-tools-for-stm32.12.3.rel1.win32_1.1.0.202410251130/tools/bin/../lib/gcc/arm-none-eabi/12.3.1/../../../../arm-none-eabi/lib/thumb/v7-m/nofp\libc_nano.a(libc_a-findfp.o) (_fwalk_sglue)
C:/STM/STM32CubeIDE_1.12.1/STM32CubeIDE/plugins/com.st.stm32cube.ide.mcu.externaltools.gnu-tools-for-stm32.12.3.rel1.win32_1.1.0.202410251130/tools/bin/../lib/gcc/arm-none-eabi/12.3.1/../../../../arm-none-eabi/lib/thumb/v7-m/nofp\libc_nano.a(libc_a-puts.o)
                              ./Drivers/FIFO/FIFO.o (puts)
C:/STM/STM32CubeIDE_1.12.1/STM32CubeIDE/plugins/com.st.stm32cube.ide.mcu.externaltools.gnu-tools-for-stm32.12.3.rel1.win32_1.1.0.202410251130/tools/bin/../lib/gcc/arm-none-eabi/12.3.1/../../../../arm-none-eabi/lib/thumb/v7-m/nofp\libc_nano.a(libc_a-stdio.o)
                              C:/STM/STM32CubeIDE_1.12.1/STM32CubeIDE/plugins/com.st.stm32cube.ide.mcu.externaltools.gnu-tools-for-stm32.12.3.rel1.win32_1.1.0.202410251130/tools/bin/../lib/gcc/arm-none-eabi/12.3.1/../../../../arm-none-eabi/lib/thumb/v7-m/nofp\libc_nano.a(libc_a-findfp.o) (__sread)
C:/STM/STM32CubeIDE_1.12.1/STM32CubeIDE/plugins/com.st.stm32cube.ide.mcu.externaltools.gnu-tools-for-stm32.12.3.rel1.win32_1.1.0.202410251130/tools/bin/../lib/gcc/arm-none-eabi/12.3.1/../../../../arm-none-eabi/lib/thumb/v7-m/nofp\libc_nano.a(libc_a-wbuf.o)
                              C:/STM/STM32CubeIDE_1.12.1/STM32CubeIDE/plugins/com.st.stm32cube.ide.mcu.externaltools.gnu-tools-for-stm32.12.3.rel1.win32_1.1.0.202410251130/tools/bin/../lib/gcc/arm-none-eabi/12.3.1/../../../../arm-none-eabi/lib/thumb/v7-m/nofp\libc_nano.a(libc_a-puts.o) (__swbuf_r)
C:/STM/STM32CubeIDE_1.12.1/STM32CubeIDE/plugins/com.st.stm32cube.ide.mcu.externaltools.gnu-tools-for-stm32.12.3.rel1.win32_1.1.0.202410251130/tools/bin/../lib/gcc/arm-none-eabi/12.3.1/../../../../arm-none-eabi/lib/thumb/v7-m/nofp\libc_nano.a(libc_a-wsetup.o)
                              C:/STM/STM32CubeIDE_1.12.1/STM32CubeIDE/plugins/com.st.stm32cube.ide.mcu.externaltools.gnu-tools-for-stm32.12.3.rel1.win32_1.1.0.202410251130/tools/bin/../lib/gcc/arm-none-eabi/12.3.1/../../../../arm-none-eabi/lib/thumb/v7-m/nofp\libc_nano.a(libc_a-puts.o) (__swsetup_r)
C:/STM/STM32CubeIDE_1.12.1/STM32CubeIDE/plugins/com.st.stm32cube.ide.mcu.externaltools.gnu-tools-for-stm32.12.3.rel1.win32_1.1.0.202410251130/tools/bin/../lib/gcc/arm-none-eabi/12.3.1/../../../../arm-none-eabi/lib/thumb/v7-m/nofp\libc_nano.a(libc_a-memset.o)
                              C:/STM/STM32CubeIDE_1.12.1/STM32CubeIDE/plugins/com.st.stm32cube.ide.mcu.externaltools.gnu-tools-for-stm32.12.3.rel1.win32_1.1.0.202410251130/tools/bin/../lib/gcc/arm-none-eabi/12.3.1/../../../../arm-none-eabi/lib/thumb/v7-m/nofp/crt0.o (memset)
C:/STM/STM32CubeIDE_1.12.1/STM32CubeIDE/plugins/com.st.stm32cube.ide.mcu.externaltools.gnu-tools-for-stm32.12.3.rel1.win32_1.1.0.202410251130/tools/bin/../lib/gcc/arm-none-eabi/12.3.1/../../../../arm-none-eabi/lib/thumb/v7-m/nofp\libc_nano.a(libc_a-closer.o)
                              C:/STM/STM32CubeIDE_1.12.1/STM32CubeIDE/plugins/com.st.stm32cube.ide.mcu.externaltools.gnu-tools-for-stm32.12.3.rel1.win32_1.1.0.202410251130/tools/bin/../lib/gcc/arm-none-eabi/12.3.1/../../../../arm-none-eabi/lib/thumb/v7-m/nofp\libc_nano.a(libc_a-stdio.o) (_close_r)
[...]
Memory Configuration

Name             Origin             Length             Attributes
RAM              0x20000000         0x00005000         xrw
FLASH            0x08000000         0x00010000         xr
*default*        0x00000000         0xffffffff

Linker script and memory map

LOAD C:/STM/STM32CubeIDE_1.12.1/STM32CubeIDE/plugins/com.st.stm32cube.ide.mcu.externaltools.gnu-tools-for-stm32.12.3.rel1.win32_1.1.0.202410251130/tools/bin/../lib/gcc/arm-none-eabi/12.3.1/thumb/v7-m/nofp/crti.o
LOAD C:/STM/STM32CubeIDE_1.12.1/STM32CubeIDE/plugins/com.st.stm32cube.ide.mcu.externaltools.gnu-tools-for-stm32.12.3.rel1.win32_1.1.0.202410251130/tools/bin/../lib/gcc/arm-none-eabi/12.3.1/thumb/v7-m/nofp/crtbegin.o
LOAD C:/STM/STM32CubeIDE_1.12.1/STM32CubeIDE/plugins/com.st.stm32cube.ide.mcu.externaltools.gnu-tools-for-stm32.12.3.rel1.win32_1.1.0.202410251130/tools/bin/../lib/gcc/arm-none-eabi/12.3.1/../../../../arm-none-eabi/lib/thumb/v7-m/nofp/crt0.o
LOAD ./Core/Hardware_Interface/Hardware_Interface.o
LOAD ./Core/Src/main.o
LOAD ./Core/Src/stm32f1xx_hal_msp.o
LOAD ./Core/Src/stm32f1xx_it.o
LOAD ./Core/Src/syscalls.o
LOAD ./Core/Src/sysmem.o
LOAD ./Core/Src/system_stm32f1xx.o
LOAD ./Core/Startup/startup_stm32f103c8tx.o
LOAD ./Drivers/FIFO/FIFO.o
LOAD ./Drivers/STM32F1xx_HAL_Driver/Src/stm32f1xx_hal.o
LOAD ./Drivers/STM32F1xx_HAL_Driver/Src/stm32f1xx_hal_cortex.o
LOAD ./Drivers/STM32F1xx_HAL_Driver/Src/stm32f1xx_hal_dma.o
LOAD ./Drivers/STM32F1xx_HAL_Driver/Src/stm32f1xx_hal_exti.o
LOAD ./Drivers/STM32F1xx_HAL_Driver/Src/stm32f1xx_hal_flash.o
LOAD ./Drivers/STM32F1xx_HAL_Driver/Src/stm32f1xx_hal_flash_ex.o
LOAD ./Drivers/STM32F1xx_HAL_Driver/Src/stm32f1xx_hal_gpio.o
LOAD ./Drivers/STM32F1xx_HAL_Driver/Src/stm32f1xx_hal_gpio_ex.o
LOAD ./Drivers/STM32F1xx_HAL_Driver/Src/stm32f1xx_hal_pcd.o
LOAD ./Drivers/STM32F1xx_HAL_Driver/Src/stm32f1xx_hal_pcd_ex.o
LOAD ./Drivers/STM32F1xx_HAL_Driver/Src/stm32f1xx_hal_pwr.o
LOAD ./Drivers/STM32F1xx_HAL_Driver/Src/stm32f1xx_hal_rcc.o
LOAD ./Drivers/STM32F1xx_HAL_Driver/Src/stm32f1xx_hal_rcc_ex.o
LOAD ./Drivers/STM32F1xx_HAL_Driver/Src/stm32f1xx_hal_tim.o
LOAD ./Drivers/STM32F1xx_HAL_Driver/Src/stm32f1xx_hal_tim_ex.o
LOAD ./Drivers/STM32F1xx_HAL_Driver/Src/stm32f1xx_ll_usb.o
LOAD ./Drivers/SbW_Protocol/SbW_Protocol.o
LOAD ./Middlewares/ST/STM32_USB_Device_Library/Class/CDC/Src/usbd_cdc.o
LOAD ./Middlewares/ST/STM32_USB_Device_Library/Core/Src/usbd_core.o
LOAD ./Middlewares/ST/STM32_USB_Device_Library/Core/Src/usbd_ctlreq.o
LOAD ./Middlewares/ST/STM32_USB_Device_Library/Core/Src/usbd_ioreq.o
LOAD ./USB_DEVICE/App/usb_device.o
LOAD ./USB_DEVICE/App/usbd_cdc_if.o
LOAD ./USB_DEVICE/App/usbd_desc.o
LOAD ./USB_DEVICE/Target/usbd_conf.o
START GROUP
LOAD C:/STM/STM32CubeIDE_1.12.1/STM32CubeIDE/plugins/com.st.stm32cube.ide.mcu.externaltools.gnu-tools-for-stm32.12.3.rel1.win32_1.1.0.202410251130/tools/bin/../lib/gcc/arm-none-eabi/12.3.1/../../../../arm-none-eabi/lib/thumb/v7-m/nofp\libc_nano.a
LOAD C:/STM/STM32CubeIDE_1.12.1/STM32CubeIDE/plugins/com.st.stm32cube.ide.mcu.externaltools.gnu-tools-for-stm32.12.3.rel1.win32_1.1.0.202410251130/tools/bin/../lib/gcc/arm-none-eabi/12.3.1/../../../../arm-none-eabi/lib/thumb/v7-m/nofp\libm.a
END GROUP
START GROUP
LOAD C:/STM/STM32CubeIDE_1.12.1/STM32CubeIDE/plugins/com.st.stm32cube.ide.mcu.externaltools.gnu-tools-for-stm32.12.3.rel1.win32_1.1.0.202410251130/tools/bin/../lib/gcc/arm-none-eabi/12.3.1/thumb/v7-m/nofp\libgcc.a
LOAD C:/STM/STM32CubeIDE_1.12.1/STM32CubeIDE/plugins/com.st.stm32cube.ide.mcu.externaltools.gnu-tools-for-stm32.12.3.rel1.win32_1.1.0.202410251130/tools/bin/../lib/gcc/arm-none-eabi/12.3.1/../../../../arm-none-eabi/lib/thumb/v7-m/nofp\libc_nano.a
END GROUP
START GROUP
LOAD C:/STM/STM32CubeIDE_1.12.1/STM32CubeIDE/plugins/com.st.stm32cube.ide.mcu.externaltools.gnu-tools-for-stm32.12.3.rel1.win32_1.1.0.202410251130/tools/bin/../lib/gcc/arm-none-eabi/12.3.1/thumb/v7-m/nofp\libgcc.a
LOAD C:/STM/STM32CubeIDE_1.12.1/STM32CubeIDE/plugins/com.st.stm32cube.ide.mcu.externaltools.gnu-tools-for-stm32.12.3.rel1.win32_1.1.0.202410251130/tools/bin/../lib/gcc/arm-none-eabi/12.3.1/../../../../arm-none-eabi/lib/thumb/v7-m/nofp\libc_nano.a
LOAD C:/STM/STM32CubeIDE_1.12.1/STM32CubeIDE/plugins/com.st.stm32cube.ide.mcu.externaltools.gnu-tools-for-stm32.12.3.rel1.win32_1.1.0.202410251130/tools/bin/../lib/gcc/arm-none-eabi/12.3.1/../../../../arm-none-eabi/lib/thumb/v7-m/nofp\libnosys.a
END GROUP
START GROUP
LOAD C:/STM/STM32CubeIDE_1.12.1/STM32CubeIDE/plugins/com.st.stm32cube.ide.mcu.externaltools.gnu-tools-for-stm32.12.3.rel1.win32_1.1.0.202410251130/tools/bin/../lib/gcc/arm-none-eabi/12.3.1/thumb/v7-m/nofp\libgcc.a
LOAD C:/STM/STM32CubeIDE_1.12.1/STM32CubeIDE/plugins/com.st.stm32cube.ide.mcu.externaltools.gnu-tools-for-stm32.12.3.rel1.win32_1.1.0.202410251130/tools/bin/../lib/gcc/arm-none-eabi/12.3.1/../../../../arm-none-eabi/lib/thumb/v7-m/nofp\libc_nano.a
LOAD C:/STM/STM32CubeIDE_1.12.1/STM32CubeIDE/plugins/com.st.stm32cube.ide.mcu.externaltools.gnu-tools-for-stm32.12.3.rel1.win32_1.1.0.202410251130/tools/bin/../lib/gcc/arm-none-eabi/12.3.1/../../../../arm-none-eabi/lib/thumb/v7-m/nofp\libnosys.a
END GROUP
LOAD C:/STM/STM32CubeIDE_1.12.1/STM32CubeIDE/plugins/com.st.stm32cube.ide.mcu.externaltools.gnu-tools-for-stm32.12.3.rel1.win32_1.1.0.202410251130/tools/bin/../lib/gcc/arm-none-eabi/12.3.1/thumb/v7-m/nofp/crtend.o
LOAD C:/STM/STM32CubeIDE_1.12.1/STM32CubeIDE/plugins/com.st.stm32cube.ide.mcu.externaltools.gnu-tools-for-stm32.12.3.rel1.win32_1.1.0.202410251130/tools/bin/../lib/gcc/arm-none-eabi/12.3.1/thumb/v7-m/nofp/crtn.o
                0x20005000                        _estack = (ORIGIN (RAM) + LENGTH (RAM))
                0x00000200                        _Min_Heap_Size = 0x200
                0x00000400                        _Min_Stack_Size = 0x400

.isr_vector     0x08000000      0x10c
                0x08000000                        . = ALIGN (0x4)
 *(.isr_vector)
 .isr_vector    0x08000000      0x10c ./Core/Startup/startup_stm32f103c8tx.o
                0x08000000                g_pfnVectors
                0x0800010c                        . = ALIGN (0x4)

.text           0x0800010c     0x767c
                0x0800010c                        . = ALIGN (0x4)
 *(.text)
 .text          0x0800010c       0x40 C:/STM/STM32CubeIDE_1.12.1/STM32CubeIDE/plugins/com.st.stm32cube.ide.mcu.externaltools.gnu-tools-for-stm32.12.3.rel1.win32_1.1.0.202410251130/tools/bin/../lib/gcc/arm-none-eabi/12.3.1/thumb/v7-m/nofp/crtbegin.o
 .text          0x0800014c      0x21c C:/STM/STM32CubeIDE_1.12.1/STM32CubeIDE/plugins/com.st.stm32cube.ide.mcu.externaltools.gnu-tools-for-stm32.12.3.rel1.win32_1.1.0.202410251130/tools/bin/../lib/gcc/arm-none-eabi/12.3.1/thumb/v7-m/nofp\libgcc.a(_arm_addsubsf3.o)
                0x0800014c                __aeabi_frsub
                0x08000154                __subsf3
                0x08000154                __aeabi_fsub
                0x08000158                __aeabi_fadd
                0x08000158                __addsf3
                0x080002b8                __aeabi_ui2f
                0x080002b8                __floatunsisf
                0x080002c0                __aeabi_i2f
                0x080002c0                __floatsisf
                0x080002dc                __aeabi_ul2f
                0x080002dc                __floatundisf
                0x080002ec                __aeabi_l2f
                0x080002ec                __floatdisf
 *(.text*)
 .text.SbW_Protocol_Reply
                0x08000368       0x1e ./Core/Hardware_Interface/Hardware_Interface.o
                0x08000368                SbW_Protocol_Reply
 *fill*         0x08000386        0x2 
 .text.main     0x08000388       0x50 ./Core/Src/main.o
                0x08000388                main
 .text.SystemClock_Config
                0x080003d8       0xb6 ./Core/Src/main.o
                0x080003d8                SystemClock_Config
 *fill*         0x0800048e        0x2 
 .text.MX_GPIO_Init
                0x08000490       0x44 ./Core/Src/main.o
 .text.App_User_Callback
                0x080004d4       0x14 ./Core/Src/main.o
                0x080004d4                App_User_Callback
 .text.Error_Handler
                0x080004e8        0xc ./Core/Src/main.o
                0x080004e8                Error_Handler
 .text.HAL_MspInit
                0x080004f4       0x64 ./Core/Src/stm32f1xx_hal_msp.o
                0x080004f4                HAL_MspInit
 .text.NMI_Handler
                0x08000558        0x8 ./Core/Src/stm32f1xx_it.o
                0x08000558                NMI_Handler
 .text.HardFault_Handler
                0x08000560        0x8 ./Core/Src/stm32f1xx_it.o
                0x08000560                HardFault_Handler
 .text.MemManage_Handler
                0x08000568        0x8 ./Core/Src/stm32f1xx_it.o
                0x08000568                MemManage_Handler
 .text.BusFault_Handler
                0x08000570        0x8 ./Core/Src/stm32f1xx_it.o
                0x08000570                BusFault_Handler
 .text.UsageFault_Handler
                0x08000578        0x8 ./Core/Src/stm32f1xx_it.o
                0x08000578                UsageFault_Handler
 .text.SVC_Handler
                0x08000580        0xc ./Core/Src/stm32f1xx_it.o
                0x08000580                SVC_Handler
 .text.DebugMon_Handler
                0x0800058c        0xc ./Core/Src/stm32f1xx_it.o
                0x0800058c                DebugMon_Handler
 .text.PendSV_Handler
                0x08000598        0xc ./Core/Src/stm32f1xx_it.o
                0x08000598                PendSV_Handler
 .text.SysTick_Handler
                0x080005a4        0xc ./Core/Src/stm32f1xx_it.o
                0x080005a4                SysTick_Handler
 .text.USB_LP_CAN1_RX0_IRQHandler
                0x080005b0       0x14 ./Core/Src/stm32f1xx_it.o
                0x080005b0                USB_LP_CAN1_RX0_IRQHandler
 .text.SystemInit
                0x080005c4        0xc ./Core/Src/system_stm32f1xx.o
                0x080005c4                SystemInit
 .text.Reset_Handler
                0x080005d0       0x48 ./Core/Startup/startup_stm32f103c8tx.o
                0x080005d0                Reset_Handler
 .text.Default_Handler
                0x08000618        0x2 ./Core/Startup/startup_stm32f103c8tx.o
                0x08000618                RTC_Alarm_IRQHandler
                0x08000618                EXTI2_IRQHandler
                0x08000618                TIM1_CC_IRQHandler
                0x08000618                PVD_IRQHandler
                0x08000618                EXTI3_IRQHandler
                0x08000618                EXTI0_IRQHandler
                0x08000618                I2C2_EV_IRQHandler
                0x08000618                ADC1_2_IRQHandler
                0x08000618                SPI1_IRQHandler
                0x08000618                TAMPER_IRQHandler
                0x08000618                DMA1_Channel4_IRQHandler
                0x08000618                USART3_IRQHandler
                0x08000618                RTC_IRQHandler
                0x08000618                DMA1_Channel7_IRQHandler
                0x08000618                CAN1_RX1_IRQHandler
                0x08000618                TIM4_IRQHandler
                0x08000618                I2C1_EV_IRQHandler
                0x08000618                DMA1_Channel6_IRQHandler
                0x08000618                TIM3_IRQHandler
                0x08000618                RCC_IRQHandler
                0x08000618                TIM1_TRG_COM_IRQHandler
                0x08000618                DMA1_Channel1_IRQHandler
                0x08000618                Default_Handler
                0x08000618                EXTI15_10_IRQHandler
                0x08000618                EXTI9_5_IRQHandler
                0x08000618                SPI2_IRQHandler
                0x08000618                DMA1_Channel5_IRQHandler
                0x08000618                EXTI4_IRQHandler
                0x08000618                USB_HP_CAN1_TX_IRQHandler
                0x08000618                DMA1_Channel3_IRQHandler
                0x08000618                TIM1_UP_IRQHandler
                0x08000618                WWDG_IRQHandler
                0x08000618                TIM2_IRQHandler
                0x08000618                TIM1_BRK_IRQHandler
                0x08000618                EXTI1_IRQHandler
                0x08000618                USART2_IRQHandler
                0x08000618                I2C2_ER_IRQHandler
                0x08000618                DMA1_Channel2_IRQHandler
                0x08000618                CAN1_SCE_IRQHandler
                0x08000618                FLASH_IRQHandler
                0x08000618                USART1_IRQHandler
                0x08000618                I2C1_ER_IRQHandler
                0x08000618                USBWakeUp_IRQHandler
 .text.fifo_init
                0x0800061a       0x44 ./Drivers/FIFO/FIFO.o
                0x0800061a                fifo_init
 .text.fifo_enqueue
                0x0800065e       0x80 ./Drivers/FIFO/FIFO.o
                0x0800065e                fifo_enqueue
 *fill*         0x080006de        0x2 
 .text.HAL_Init
                0x080006e0       0x2c ./Drivers/STM32F1xx_HAL_Driver/Src/stm32f1xx_hal.o
                0x080006e0                HAL_Init
 .text.HAL_InitTick
                0x0800070c       0x60 ./Drivers/STM32F1xx_HAL_Driver/Src/stm32f1xx_hal.o
                0x0800070c                HAL_InitTick
 .text.HAL_IncTick
                0x0800076c       0x24 ./Drivers/STM32F1xx_HAL_Driver/Src/stm32f1xx_hal.o
                0x0800076c                HAL_IncTick
 .text.HAL_GetTick
                0x08000790       0x14 ./Drivers/STM32F1xx_HAL_Driver/Src/stm32f1xx_hal.o
                0x08000790                HAL_GetTick
 .text.__NVIC_SetPriorityGrouping
                0x080007a4       0x48 ./Drivers/STM32F1xx_HAL_Driver/Src/stm32f1xx_hal_cortex.o
 .text.__NVIC_GetPriorityGrouping
                0x080007ec       0x1c ./Drivers/STM32F1xx_HAL_Driver/Src/stm32f1xx_hal_cortex.o
 .text.__NVIC_EnableIRQ
                0x08000808       0x38 ./Drivers/STM32F1xx_HAL_Driver/Src/stm32f1xx_hal_cortex.o
 .text.__NVIC_SetPriority
                0x08000840       0x54 ./Drivers/STM32F1xx_HAL_Driver/Src/stm32f1xx_hal_cortex.o
 .text.NVIC_EncodePriority
                0x08000894       0x64 ./Drivers/STM32F1xx_HAL_Driver/Src/stm32f1xx_hal_cortex.o
 .text.SysTick_Config
                0x080008f8       0x44 ./Drivers/STM32F1xx_HAL_Driver/Src/stm32f1xx_hal_cortex.o
 .text.HAL_NVIC_SetPriorityGrouping
                0x0800093c       0x16 ./Drivers/STM32F1xx_HAL_Driver/Src/stm32f1xx_hal_cortex.o
                0x0800093c                HAL_NVIC_SetPriorityGrouping
 .text.HAL_NVIC_SetPriority
                0x08000952       0x38 ./Drivers/STM32F1xx_HAL_Driver/Src/stm32f1xx_hal_cortex.o
                0x08000952                HAL_NVIC_SetPriority
 .text.HAL_NVIC_EnableIRQ
                0x0800098a       0x1c ./Drivers/STM32F1xx_HAL_Driver/Src/stm32f1xx_hal_cortex.o
                0x0800098a                HAL_NVIC_EnableIRQ
 .text.HAL_SYSTICK_Config
                0x080009a6       0x18 ./Drivers/STM32F1xx_HAL_Driver/Src/stm32f1xx_hal_cortex.o
                0x080009a6                HAL_SYSTICK_Config
 .text.HAL_PCD_Init
                0x080009be      0x1ec ./Drivers/STM32F1xx_HAL_Driver/Src/stm32f1xx_hal_pcd.o
                0x080009be                HAL_PCD_Init
 .text.HAL_PCD_Start
                0x08000baa       0x4c ./Drivers/STM32F1xx_HAL_Driver/Src/stm32f1xx_hal_pcd.o
                0x08000baa                HAL_PCD_Start
 .text.HAL_PCD_IRQHandler
                0x08000bf6      0x260 ./Drivers/STM32F1xx_HAL_Driver/Src/stm32f1xx_hal_pcd.o
                0x08000bf6                HAL_PCD_IRQHandler
 .text.HAL_PCD_SetAddress
                0x08000e56       0x48 ./Drivers/STM32F1xx_HAL_Driver/Src/stm32f1xx_hal_pcd.o
                0x08000e56                HAL_PCD_SetAddress
 .text.HAL_PCD_EP_Open
                0x08000e9e       0xba ./Drivers/STM32F1xx_HAL_Driver/Src/stm32f1xx_hal_pcd.o
                0x08000e9e                HAL_PCD_EP_Open
 .text.HAL_PCD_EP_Close
                0x08000f58       0x90 ./Drivers/STM32F1xx_HAL_Driver/Src/stm32f1xx_hal_pcd.o
                0x08000f58                HAL_PCD_EP_Close
 .text.HAL_PCD_EP_Receive
                0x08000fe8       0x62 ./Drivers/STM32F1xx_HAL_Driver/Src/stm32f1xx_hal_pcd.o
                0x08000fe8                HAL_PCD_EP_Receive
 .text.HAL_PCD_EP_GetRxCount
                0x0800104a       0x2e ./Drivers/STM32F1xx_HAL_Driver/Src/stm32f1xx_hal_pcd.o
                0x0800104a                HAL_PCD_EP_GetRxCount
 .text.HAL_PCD_EP_Transmit
                0x08001078       0x6e ./Drivers/STM32F1xx_HAL_Driver/Src/stm32f1xx_hal_pcd.o
                0x08001078                HAL_PCD_EP_Transmit
 .text.HAL_PCD_EP_SetStall
                0x080010e6       0xc0 ./Drivers/STM32F1xx_HAL_Driver/Src/stm32f1xx_hal_pcd.o
                0x080010e6                HAL_PCD_EP_SetStall
 .text.HAL_PCD_EP_ClrStall
                0x080011a6       0xa8 ./Drivers/STM32F1xx_HAL_Driver/Src/stm32f1xx_hal_pcd.o
                0x080011a6                HAL_PCD_EP_ClrStall
 .text.PCD_EP_ISR_Handler
                0x0800124e      0x79e ./Drivers/STM32F1xx_HAL_Driver/Src/stm32f1xx_hal_pcd.o
 .text.HAL_PCD_EP_DB_Receive
                0x080019ec      0x21a ./Drivers/STM32F1xx_HAL_Driver/Src/stm32f1xx_hal_pcd.o
 .text.HAL_PCD_EP_DB_Transmit
                0x08001c06      0x7f4 ./Drivers/STM32F1xx_HAL_Driver/Src/stm32f1xx_hal_pcd.o
 .text.HAL_PCDEx_PMAConfig
                0x080023fa       0x84 ./Drivers/STM32F1xx_HAL_Driver/Src/stm32f1xx_hal_pcd_ex.o
                0x080023fa                HAL_PCDEx_PMAConfig
 *fill*         0x0800247e        0x2 
 .text.HAL_RCC_OscConfig
                0x08002480      0x504 ./Drivers/STM32F1xx_HAL_Driver/Src/stm32f1xx_hal_rcc.o
                0x08002480                HAL_RCC_OscConfig
 .text.HAL_RCC_ClockConfig
                0x08002984      0x1d4 ./Drivers/STM32F1xx_HAL_Driver/Src/stm32f1xx_hal_rcc.o
                0x08002984                HAL_RCC_ClockConfig
 .text.HAL_RCC_GetSysClockFreq
                0x08002b58       0xa8 ./Drivers/STM32F1xx_HAL_Driver/Src/stm32f1xx_hal_rcc.o
                0x08002b58                HAL_RCC_GetSysClockFreq
 .text.RCC_Delay
                0x08002c00       0x3c ./Drivers/STM32F1xx_HAL_Driver/Src/stm32f1xx_hal_rcc.o
 .text.HAL_RCCEx_PeriphCLKConfig
                0x08002c3c      0x16c ./Drivers/STM32F1xx_HAL_Driver/Src/stm32f1xx_hal_rcc_ex.o
                0x08002c3c                HAL_RCCEx_PeriphCLKConfig
 .text.USB_CoreInit
                0x08002da8       0x1a ./Drivers/STM32F1xx_HAL_Driver/Src/stm32f1xx_ll_usb.o
                0x08002da8                USB_CoreInit
 .text.USB_EnableGlobalInt
                0x08002dc2       0x2c ./Drivers/STM32F1xx_HAL_Driver/Src/stm32f1xx_ll_usb.o
                0x08002dc2                USB_EnableGlobalInt
 .text.USB_DisableGlobalInt
                0x08002dee       0x34 ./Drivers/STM32F1xx_HAL_Driver/Src/stm32f1xx_ll_usb.o
                0x08002dee                USB_DisableGlobalInt
 .text.USB_SetCurrentMode
                0x08002e22       0x18 ./Drivers/STM32F1xx_HAL_Driver/Src/stm32f1xx_ll_usb.o
                0x08002e22                USB_SetCurrentMode
 .text.USB_DevInit
                0x08002e3a       0x3a ./Drivers/STM32F1xx_HAL_Driver/Src/stm32f1xx_ll_usb.o
                0x08002e3a                USB_DevInit
 .text.USB_ActivateEndpoint
                0x08002e74      0x780 ./Drivers/STM32F1xx_HAL_Driver/Src/stm32f1xx_ll_usb.o
                0x08002e74                USB_ActivateEndpoint
 .text.USB_DeactivateEndpoint
                0x080035f4      0x3d8 ./Drivers/STM32F1xx_HAL_Driver/Src/stm32f1xx_ll_usb.o
                0x080035f4                USB_DeactivateEndpoint
 .text.USB_EPStartXfer
                0x080039cc     0x1762 ./Drivers/STM32F1xx_HAL_Driver/Src/stm32f1xx_ll_usb.o
                0x080039cc                USB_EPStartXfer
 .text.USB_EPSetStall
                0x0800512e       0xa0 ./Drivers/STM32F1xx_HAL_Driver/Src/stm32f1xx_ll_usb.o
                0x0800512e                USB_EPSetStall
 .text.USB_EPClearStall
                0x080051ce      0x15a ./Drivers/STM32F1xx_HAL_Driver/Src/stm32f1xx_ll_usb.o
                0x080051ce                USB_EPClearStall
 .text.USB_SetDevAddress
                0x08005328       0x26 ./Drivers/STM32F1xx_HAL_Driver/Src/stm32f1xx_ll_usb.o
                0x08005328                USB_SetDevAddress
 .text.USB_DevConnect
                0x0800534e       0x14 ./Drivers/STM32F1xx_HAL_Driver/Src/stm32f1xx_ll_usb.o
                0x0800534e                USB_DevConnect
 .text.USB_DevDisconnect
                0x08005362       0x14 ./Drivers/STM32F1xx_HAL_Driver/Src/stm32f1xx_ll_usb.o
                0x08005362                USB_DevDisconnect
 .text.USB_ReadInterrupts
                0x08005376       0x1e ./Drivers/STM32F1xx_HAL_Driver/Src/stm32f1xx_ll_usb.o
                0x08005376                USB_ReadInterrupts
 .text.USB_EP0_OutStart
                0x08005394       0x16 ./Drivers/STM32F1xx_HAL_Driver/Src/stm32f1xx_ll_usb.o
                0x08005394                USB_EP0_OutStart
 .text.USB_WritePMA
                0x080053aa       0x8a ./Drivers/STM32F1xx_HAL_Driver/Src/stm32f1xx_ll_usb.o
                0x080053aa                USB_WritePMA
 .text.USB_ReadPMA
                0x08005434       0x9e ./Drivers/STM32F1xx_HAL_Driver/Src/stm32f1xx_ll_usb.o
                0x08005434                USB_ReadPMA
 .text.CRC16    0x080054d2       0x40 ./Drivers/SbW_Protocol/SbW_Protocol.o
 .text.SbW_Init
                0x08005512       0x1a ./Drivers/SbW_Protocol/SbW_Protocol.o
                0x08005512                SbW_Init
 .text.SbW_Request_Received_CB
                0x0800552c      0x170 ./Drivers/SbW_Protocol/SbW_Protocol.o
                0x0800552c                SbW_Request_Received_CB
 .text.SbW_Timer_Callback
                0x0800569c       0x3e ./Drivers/SbW_Protocol/SbW_Protocol.o
                0x0800569c                SbW_Timer_Callback
 .text.USBD_CDC_Init
                0x080056da       0xf4 ./Middlewares/ST/STM32_USB_Device_Library/Class/CDC/Src/usbd_cdc.o
 .text.USBD_CDC_DeInit
                0x080057ce       0x6e ./Middlewares/ST/STM32_USB_Device_Library/Class/CDC/Src/usbd_cdc.o
 .text.USBD_CDC_Setup
                0x0800583c      0x146 ./Middlewares/ST/STM32_USB_Device_Library/Class/CDC/Src/usbd_cdc.o
 .text.USBD_CDC_DataIn
                0x08005982       0xa6 ./Middlewares/ST/STM32_USB_Device_Library/Class/CDC/Src/usbd_cdc.o
 .text.USBD_CDC_DataOut
                0x08005a28       0x56 ./Middlewares/ST/STM32_USB_Device_Library/Class/CDC/Src/usbd_cdc.o
 .text.USBD_CDC_EP0_RxReady
                0x08005a7e       0x4e ./Middlewares/ST/STM32_USB_Device_Library/Class/CDC/Src/usbd_cdc.o
 .text.USBD_CDC_GetFSCfgDesc
                0x08005acc       0x20 ./Middlewares/ST/STM32_USB_Device_Library/Class/CDC/Src/usbd_cdc.o
 .text.USBD_CDC_GetHSCfgDesc
                0x08005aec       0x20 ./Middlewares/ST/STM32_USB_Device_Library/Class/CDC/Src/usbd_cdc.o
 .text.USBD_CDC_GetOtherSpeedCfgDesc
                0x08005b0c       0x20 ./Middlewares/ST/STM32_USB_Device_Library/Class/CDC/Src/usbd_cdc.o
 .text.USBD_CDC_GetDeviceQualifierDescriptor
                0x08005b2c       0x20 ./Middlewares/ST/STM32_USB_Device_Library/Class/CDC/Src/usbd_cdc.o
                0x08005b2c                USBD_CDC_GetDeviceQualifierDescriptor
 .text.USBD_CDC_RegisterInterface
                0x08005b4c       0x2c ./Middlewares/ST/STM32_USB_Device_Library/Class/CDC/Src/usbd_cdc.o
                0x08005b4c                USBD_CDC_RegisterInterface
 .text.USBD_CDC_SetTxBuffer
                0x08005b78       0x32 ./Middlewares/ST/STM32_USB_Device_Library/Class/CDC/Src/usbd_cdc.o
                0x08005b78                USBD_CDC_SetTxBuffer
 .text.USBD_CDC_SetRxBuffer
                0x08005baa       0x26 ./Middlewares/ST/STM32_USB_Device_Library/Class/CDC/Src/usbd_cdc.o
                0x08005baa                USBD_CDC_SetRxBuffer
 .text.USBD_CDC_TransmitPacket
                0x08005bd0       0x5e ./Middlewares/ST/STM32_USB_Device_Library/Class/CDC/Src/usbd_cdc.o
                0x08005bd0                USBD_CDC_TransmitPacket
 .text.USBD_CDC_ReceivePacket
                0x08005c2e       0x54 ./Middlewares/ST/STM32_USB_Device_Library/Class/CDC/Src/usbd_cdc.o
                0x08005c2e                USBD_CDC_ReceivePacket
 .text.USBD_Init
                0x08005c82       0x56 ./Middlewares/ST/STM32_USB_Device_Library/Core/Src/usbd_core.o
                0x08005c82                USBD_Init
 .text.USBD_RegisterClass
                0x08005cd8       0x32 ./Middlewares/ST/STM32_USB_Device_Library/Core/Src/usbd_core.o
                0x08005cd8                USBD_RegisterClass
 .text.USBD_Start
                0x08005d0a       0x18 ./Middlewares/ST/STM32_USB_Device_Library/Core/Src/usbd_core.o
                0x08005d0a                USBD_Start
 .text.USBD_RunTestMode
                0x08005d22       0x14 ./Middlewares/ST/STM32_USB_Device_Library/Core/Src/usbd_core.o
                0x08005d22                USBD_RunTestMode
 .text.USBD_SetClassConfig
                0x08005d36       0x3e ./Middlewares/ST/STM32_USB_Device_Library/Core/Src/usbd_core.o
                0x08005d36                USBD_SetClassConfig
 .text.USBD_ClrClassConfig
                0x08005d74       0x26 ./Middlewares/ST/STM32_USB_Device_Library/Core/Src/usbd_core.o
                0x08005d74                USBD_ClrClassConfig
 .text.USBD_LL_SetupStage
                0x08005d9a       0x9a ./Middlewares/ST/STM32_USB_Device_Library/Core/Src/usbd_core.o
                0x08005d9a                USBD_LL_SetupStage
 .text.USBD_LL_DataOutStage
                0x08005e34       0xe2 ./Middlewares/ST/STM32_USB_Device_Library/Core/Src/usbd_core.o
                0x08005e34                USBD_LL_DataOutStage
 .text.USBD_LL_DataInStage
                0x08005f16      0x14a ./Middlewares/ST/STM32_USB_Device_Library/Core/Src/usbd_core.o
                0x08005f16                USBD_LL_DataInStage
 .text.USBD_LL_Reset
                0x08006060       0x82 ./Middlewares/ST/STM32_USB_Device_Library/Core/Src/usbd_core.o
                0x08006060                USBD_LL_Reset
 .text.USBD_LL_SetSpeed
                0x080060e2       0x1e ./Middlewares/ST/STM32_USB_Device_Library/Core/Src/usbd_core.o
                0x080060e2                USBD_LL_SetSpeed
 .text.USBD_LL_Suspend
                0x08006100       0x28 ./Middlewares/ST/STM32_USB_Device_Library/Core/Src/usbd_core.o
                0x08006100                USBD_LL_Suspend
 .text.USBD_LL_Resume
                0x08006128       0x2a ./Middlewares/ST/STM32_USB_Device_Library/Core/Src/usbd_core.o
                0x08006128                USBD_LL_Resume
 .text.USBD_LL_SOF
                0x08006152       0x34 ./Middlewares/ST/STM32_USB_Device_Library/Core/Src/usbd_core.o
                0x08006152                USBD_LL_SOF
 *fill*         0x08006186        0x2 
 .text.USBD_StdDevReq
                0x08006188       0xd4 ./Middlewares/ST/STM32_USB_Device_Library/Core/Src/usbd_ctlreq.o
                0x08006188                USBD_StdDevReq
 .text.USBD_StdItfReq
                0x0800625c       0x90 ./Middlewares/ST/STM32_USB_Device_Library/Core/Src/usbd_ctlreq.o
                0x0800625c                USBD_StdItfReq
 .text.USBD_StdEPReq
                0x080062ec      0x2c6 ./Middlewares/ST/STM32_USB_Device_Library/Core/Src/usbd_ctlreq.o
                0x080062ec                USBD_StdEPReq
 *fill*         0x080065b2        0x2 
 .text.USBD_GetDescriptor
                0x080065b4      0x2d0 ./Middlewares/ST/STM32_USB_Device_Library/Core/Src/usbd_ctlreq.o
 .text.USBD_SetAddress
                0x08006884       0x86 ./Middlewares/ST/STM32_USB_Device_Library/Core/Src/usbd_ctlreq.o
 *fill*         0x0800690a        0x2 
 .text.USBD_SetConfig
                0x0800690c      0x11c ./Middlewares/ST/STM32_USB_Device_Library/Core/Src/usbd_ctlreq.o
 .text.USBD_GetConfig
                0x08006a28       0x6a ./Middlewares/ST/STM32_USB_Device_Library/Core/Src/usbd_ctlreq.o
 .text.USBD_GetStatus
                0x08006a92       0x66 ./Middlewares/ST/STM32_USB_Device_Library/Core/Src/usbd_ctlreq.o
 .text.USBD_SetFeature
                0x08006af8       0x28 ./Middlewares/ST/STM32_USB_Device_Library/Core/Src/usbd_ctlreq.o
 .text.USBD_ClrFeature
                0x08006b20       0x42 ./Middlewares/ST/STM32_USB_Device_Library/Core/Src/usbd_ctlreq.o
 .text.USBD_ParseSetupRequest
                0x08006b62       0x72 ./Middlewares/ST/STM32_USB_Device_Library/Core/Src/usbd_ctlreq.o
                0x08006b62                USBD_ParseSetupRequest
 .text.USBD_CtlError
                0x08006bd4       0x22 ./Middlewares/ST/STM32_USB_Device_Library/Core/Src/usbd_ctlreq.o
                0x08006bd4                USBD_CtlError
 .text.USBD_GetString
                0x08006bf6       0x84 ./Middlewares/ST/STM32_USB_Device_Library/Core/Src/usbd_ctlreq.o
                0x08006bf6                USBD_GetString
 .text.USBD_GetLen
                0x08006c7a       0x2e ./Middlewares/ST/STM32_USB_Device_Library/Core/Src/usbd_ctlreq.o
 .text.USBD_CtlSendData
                0x08006ca8       0x38 ./Middlewares/ST/STM32_USB_Device_Library/Core/Src/usbd_ioreq.o
                0x08006ca8                USBD_CtlSendData
 .text.USBD_CtlContinueSendData
                0x08006ce0       0x24 ./Middlewares/ST/STM32_USB_Device_Library/Core/Src/usbd_ioreq.o
                0x08006ce0                USBD_CtlContinueSendData
 .text.USBD_CtlPrepareRx
                0x08006d04       0x3c ./Middlewares/ST/STM32_USB_Device_Library/Core/Src/usbd_ioreq.o
                0x08006d04                USBD_CtlPrepareRx
 .text.USBD_CtlContinueRx
                0x08006d40       0x24 ./Middlewares/ST/STM32_USB_Device_Library/Core/Src/usbd_ioreq.o
                0x08006d40                USBD_CtlContinueRx
 .text.USBD_CtlSendStatus
                0x08006d64       0x26 ./Middlewares/ST/STM32_USB_Device_Library/Core/Src/usbd_ioreq.o
                0x08006d64                USBD_CtlSendStatus
 .text.USBD_CtlReceiveStatus
                0x08006d8a       0x26 ./Middlewares/ST/STM32_USB_Device_Library/Core/Src/usbd_ioreq.o
                0x08006d8a                USBD_CtlReceiveStatus
 .text.MX_USB_DEVICE_Init
                0x08006db0       0x60 ./USB_DEVICE/App/usb_device.o
                0x08006db0                MX_USB_DEVICE_Init
 .text.CDC_Init_FS
                0x08006e10       0x28 ./USB_DEVICE/App/usbd_cdc_if.o
 .text.CDC_DeInit_FS
                0x08006e38        0xe ./USB_DEVICE/App/usbd_cdc_if.o
 *fill*         0x08006e46        0x2 
 .text.CDC_Control_FS
                0x08006e48       0xbc ./USB_DEVICE/App/usbd_cdc_if.o
 .text.CDC_Receive_FS
                0x08006f04       0x3c ./USB_DEVICE/App/usbd_cdc_if.o
 .text.CDC_Transmit_FS
                0x08006f40       0x4c ./USB_DEVICE/App/usbd_cdc_if.o
                0x08006f40                CDC_Transmit_FS
 .text.USBD_FS_DeviceDescriptor
                0x08006f8c       0x24 ./USB_DEVICE/App/usbd_desc.o
                0x08006f8c                USBD_FS_DeviceDescriptor
 .text.USBD_FS_LangIDStrDescriptor
                0x08006fb0       0x24 ./USB_DEVICE/App/usbd_desc.o
                0x08006fb0                USBD_FS_LangIDStrDescriptor
 .text.USBD_FS_ProductStrDescriptor
                0x08006fd4       0x3c ./USB_DEVICE/App/usbd_desc.o
                0x08006fd4                USBD_FS_ProductStrDescriptor
 .text.USBD_FS_ManufacturerStrDescriptor
                0x08007010       0x28 ./USB_DEVICE/App/usbd_desc.o
                0x08007010                USBD_FS_ManufacturerStrDescriptor
 .text.USBD_FS_SerialStrDescriptor
                0x08007038       0x24 ./USB_DEVICE/App/usbd_desc.o
                0x08007038                USBD_FS_SerialStrDescriptor
 .text.USBD_FS_ConfigStrDescriptor
                0x0800705c       0x3c ./USB_DEVICE/App/usbd_desc.o
                0x0800705c                USBD_FS_ConfigStrDescriptor
 .text.USBD_FS_InterfaceStrDescriptor
                0x08007098       0x3c ./USB_DEVICE/App/usbd_desc.o
                0x08007098                USBD_FS_InterfaceStrDescriptor
 .text.Get_SerialNum
                0x080070d4       0x58 ./USB_DEVICE/App/usbd_desc.o
 .text.IntToUnicode
                0x0800712c       0x7c ./USB_DEVICE/App/usbd_desc.o
 .text.HAL_PCD_MspInit
                0x080071a8       0x4c ./USB_DEVICE/Target/usbd_conf.o
                0x080071a8                HAL_PCD_MspInit
 .text.HAL_PCD_SetupStageCallback
                0x080071f4       0x24 ./USB_DEVICE/Target/usbd_conf.o
                0x080071f4                HAL_PCD_SetupStageCallback
 .text.HAL_PCD_DataOutStageCallback
                0x08007218       0x36 ./USB_DEVICE/Target/usbd_conf.o
                0x08007218                HAL_PCD_DataOutStageCallback
 .text.HAL_PCD_DataInStageCallback
                0x0800724e       0x34 ./USB_DEVICE/Target/usbd_conf.o
                0x0800724e                HAL_PCD_DataInStageCallback
 .text.HAL_PCD_SOFCallback
                0x08007282       0x1c ./USB_DEVICE/Target/usbd_conf.o
                0x08007282                HAL_PCD_SOFCallback
 .text.HAL_PCD_ResetCallback
                0x0800729e       0x3c ./USB_DEVICE/Target/usbd_conf.o
                0x0800729e                HAL_PCD_ResetCallback
 *fill*         0x080072da        0x2 
 .text.HAL_PCD_SuspendCallback
                0x080072dc       0x34 ./USB_DEVICE/Target/usbd_conf.o
                0x080072dc                HAL_PCD_SuspendCallback
 .text.HAL_PCD_ResumeCallback
                0x08007310       0x1c ./USB_DEVICE/Target/usbd_conf.o
                0x08007310                HAL_PCD_ResumeCallback
 .text.USBD_LL_Init
                0x0800732c       0xb4 ./USB_DEVICE/Target/usbd_conf.o
                0x0800732c                USBD_LL_Init
 .text.USBD_LL_Start
                0x080073e0       0x36 ./USB_DEVICE/Target/usbd_conf.o
                0x080073e0                USBD_LL_Start
 .text.USBD_LL_OpenEP
                0x08007416       0x4c ./USB_DEVICE/Target/usbd_conf.o
                0x08007416                USBD_LL_OpenEP
 .text.USBD_LL_CloseEP
                0x08007462       0x3e ./USB_DEVICE/Target/usbd_conf.o
                0x08007462                USBD_LL_CloseEP
 .text.USBD_LL_StallEP
                0x080074a0       0x3e ./USB_DEVICE/Target/usbd_conf.o
                0x080074a0                USBD_LL_StallEP
 .text.USBD_LL_ClearStallEP
                0x080074de       0x3e ./USB_DEVICE/Target/usbd_conf.o
                0x080074de                USBD_LL_ClearStallEP
 .text.USBD_LL_IsStallEP
                0x0800751c       0x56 ./USB_DEVICE/Target/usbd_conf.o
                0x0800751c                USBD_LL_IsStallEP
 .text.USBD_LL_SetUSBAddress
                0x08007572       0x3e ./USB_DEVICE/Target/usbd_conf.o
                0x08007572                USBD_LL_SetUSBAddress
 .text.USBD_LL_Transmit
                0x080075b0       0x46 ./USB_DEVICE/Target/usbd_conf.o
                0x080075b0                USBD_LL_Transmit
 .text.USBD_LL_PrepareReceive
                0x080075f6       0x46 ./USB_DEVICE/Target/usbd_conf.o
                0x080075f6                USBD_LL_PrepareReceive
 .text.USBD_LL_GetRxDataSize
                0x0800763c       0x26 ./USB_DEVICE/Target/usbd_conf.o
                0x0800763c                USBD_LL_GetRxDataSize
 *fill*         0x08007662        0x2 
 .text.USBD_static_malloc
                0x08007664       0x18 ./USB_DEVICE/Target/usbd_conf.o
                0x08007664                USBD_static_malloc
 .text.USBD_static_free
                0x0800767c       0x12 ./USB_DEVICE/Target/usbd_conf.o
                0x0800767c                USBD_static_free
 .text.HAL_PCDEx_SetConnectionState
                0x0800768e       0x16 ./USB_DEVICE/Target/usbd_conf.o
                0x0800768e                HAL_PCDEx_SetConnectionState
 .text.USBD_Get_USB_Status
                0x080076a4       0x58 ./USB_DEVICE/Target/usbd_conf.o
 .text.memset   0x080076fc       0x10 C:/STM/STM32CubeIDE_1.12.1/STM32CubeIDE/plugins/com.st.stm32cube.ide.mcu.externaltools.gnu-tools-for-stm32.12.3.rel1.win32_1.1.0.202410251130/tools/bin/../lib/gcc/arm-none-eabi/12.3.1/../../../../arm-none-eabi/lib/thumb/v7-m/nofp\libc_nano.a(libc_a-memset.o)
                0x080076fc                memset
 .text.__libc_init_array
                0x0800770c       0x48 C:/STM/STM32CubeIDE_1.12.1/STM32CubeIDE/plugins/com.st.stm32cube.ide.mcu.externaltools.gnu-tools-for-stm32.12.3.rel1.win32_1.1.0.202410251130/tools/bin/../lib/gcc/arm-none-eabi/12.3.1/../../../../arm-none-eabi/lib/thumb/v7-m/nofp\libc_nano.a(libc_a-init.o)
                0x0800770c                __libc_init_array
 .text.memcpy   0x08007754       0x1c C:/STM/STM32CubeIDE_1.12.1/STM32CubeIDE/plugins/com.st.stm32cube.ide.mcu.externaltools.gnu-tools-for-stm32.12.3.rel1.win32_1.1.0.202410251130/tools/bin/../lib/gcc/arm-none-eabi/12.3.1/../../../../arm-none-eabi/lib/thumb/v7-m/nofp\libc_nano.a(libc_a-memcpy-stub.o)
                0x08007754                memcpy
 *(.glue_7)
 .glue_7        0x08007770        0x0 linker stubs
 *(.glue_7t)
 .glue_7t       0x08007770        0x0 linker stubs
 *(.eh_frame)
 .eh_frame      0x08007770        0x0 C:/STM/STM32CubeIDE_1.12.1/STM32CubeIDE/plugins/com.st.stm32cube.ide.mcu.externaltools.gnu-tools-for-stm32.12.3.rel1.win32_1.1.0.202410251130/tools/bin/../lib/gcc/arm-none-eabi/12.3.1/thumb/v7-m/nofp/crtbegin.o
 *(.init)
 .init          0x08007770        0x4 C:/STM/STM32CubeIDE_1.12.1/STM32CubeIDE/plugins/com.st.stm32cube.ide.mcu.externaltools.gnu-tools-for-stm32.12.3.rel1.win32_1.1.0.202410251130/tools/bin/../lib/gcc/arm-none-eabi/12.3.1/thumb/v7-m/nofp/crti.o
                0x08007770                _init
 .init          0x08007774        0x8 C:/STM/STM32CubeIDE_1.12.1/STM32CubeIDE/plugins/com.st.stm32cube.ide.mcu.externaltools.gnu-tools-for-stm32.12.3.rel1.win32_1.1.0.202410251130/tools/bin/../lib/gcc/arm-none-eabi/12.3.1/thumb/v7-m/nofp/crtn.o
 *(.fini)
 .fini          0x0800777c        0x4 C:/STM/STM32CubeIDE_1.12.1/STM32CubeIDE/plugins/com.st.stm32cube.ide.mcu.externaltools.gnu-tools-for-stm32.12.3.rel1.win32_1.1.0.202410251130/tools/bin/../lib/gcc/arm-none-eabi/12.3.1/thumb/v7-m/nofp/crti.o
                0x0800777c                _fini
 .fini          0x08007780        0x8 C:/STM/STM32CubeIDE_1.12.1/STM32CubeIDE/plugins/com.st.stm32cube.ide.mcu.externaltools.gnu-tools-for-stm32.12.3.rel1.win32_1.1.0.202410251130/tools/bin/../lib/gcc/arm-none-eabi/12.3.1/thumb/v7-m/nofp/crtn.o
                0x08007788                        . = ALIGN (0x4)
                0x08007788                        _etext = .

.vfp11_veneer   0x08007788        0x0
 .vfp11_veneer  0x08007788        0x0 linker stubs

.v4_bx          0x08007788        0x0
 .v4_bx         0x08007788        0x0 linker stubs

.iplt           0x08007788        0x0
 .iplt          0x08007788        0x0 C:/STM/STM32CubeIDE_1.12.1/STM32CubeIDE/plugins/com.st.stm32cube.ide.mcu.externaltools.gnu-tools-for-stm32.12.3.rel1.win32_1.1.0.202410251130/tools/bin/../lib/gcc/arm-none-eabi/12.3.1/thumb/v7-m/nofp/crtbegin.o

.rodata         0x08007788       0x6c
                0x08007788                        . = ALIGN (0x4)
 *(.rodata)
 .rodata        0x08007788       0x46 ./USB_DEVICE/App/usbd_desc.o
 *(.rodata*)
 *fill*         0x080077ce        0x2 
 .rodata.AHBPrescTable
                0x080077d0       0x10 ./Core/Src/system_stm32f1xx.o
                0x080077d0                AHBPrescTable
 .rodata.aPLLMULFactorTable.1
                0x080077e0       0x10 ./Drivers/STM32F1xx_HAL_Driver/Src/stm32f1xx_hal_rcc.o
 .rodata.aPredivFactorTable.0
                0x080077f0        0x2 ./Drivers/STM32F1xx_HAL_Driver/Src/stm32f1xx_hal_rcc.o
                0x080077f4                        . = ALIGN (0x4)
 *fill*         0x080077f2        0x2 

.rel.dyn        0x080077f4        0x0
 .rel.iplt      0x080077f4        0x0 C:/STM/STM32CubeIDE_1.12.1/STM32CubeIDE/plugins/com.st.stm32cube.ide.mcu.externaltools.gnu-tools-for-stm32.12.3.rel1.win32_1.1.0.202410251130/tools/bin/../lib/gcc/arm-none-eabi/12.3.1/thumb/v7-m/nofp/crtbegin.o

.ARM.extab      0x080077f4        0x0
                0x080077f4                        . = ALIGN (0x4)
 *(.ARM.extab* .gnu.linkonce.armextab.*)
                0x080077f4                        . = ALIGN (0x4)

.ARM            0x080077f4        0x0
                0x080077f4                        . = ALIGN (0x4)
                0x080077f4                        __exidx_start = .
 *(.ARM.exidx*)
                0x080077f4                        __exidx_end = .
                0x080077f4                        . = ALIGN (0x4)

.preinit_array  0x080077f4        0x0
                0x080077f4                        . = ALIGN (0x4)
                0x080077f4                        PROVIDE (__preinit_array_start = .)
 *(.preinit_array*)
                0x080077f4                        PROVIDE (__preinit_array_end = .)
                0x080077f4                        . = ALIGN (0x4)

.init_array     0x080077f4        0x4
                0x080077f4                        . = ALIGN (0x4)
                0x080077f4                        PROVIDE (__init_array_start = .)
 *(SORT_BY_NAME(.init_array.*))
 *(.init_array*)
 .init_array    0x080077f4        0x4 C:/STM/STM32CubeIDE_1.12.1/STM32CubeIDE/plugins/com.st.stm32cube.ide.mcu.externaltools.gnu-tools-for-stm32.12.3.rel1.win32_1.1.0.202410251130/tools/bin/../lib/gcc/arm-none-eabi/12.3.1/thumb/v7-m/nofp/crtbegin.o
                0x080077f8                        PROVIDE (__init_array_end = .)
                0x080077f8                        . = ALIGN (0x4)

.fini_array     0x080077f8        0x4
                0x080077f8                        . = ALIGN (0x4)
                [!provide]                        PROVIDE (__fini_array_start = .)
 *(SORT_BY_NAME(.fini_array.*))
 *(.fini_array*)
 .fini_array    0x080077f8        0x4 C:/STM/STM32CubeIDE_1.12.1/STM32CubeIDE/plugins/com.st.stm32cube.ide.mcu.externaltools.gnu-tools-for-stm32.12.3.rel1.win32_1.1.0.202410251130/tools/bin/../lib/gcc/arm-none-eabi/12.3.1/thumb/v7-m/nofp/crtbegin.o
                [!provide]                        PROVIDE (__fini_array_end = .)
                0x080077fc                        . = ALIGN (0x4)
                0x080077fc                        _sidata = LOADADDR (.data)

.data           0x20000000      0x1a8 load address 0x080077fc
                0x20000000                        . = ALIGN (0x4)
                0x20000000                        _sdata = .
 *(.data)
 *(.data*)
 .data.S        0x20000000       0x2c ./Core/Src/main.o
                0x20000000                S
 .data.SystemCoreClock
                0x2000002c        0x4 ./Core/Src/system_stm32f1xx.o
                0x2000002c                SystemCoreClock
 .data.uwTickPrio
                0x20000030        0x4 ./Drivers/STM32F1xx_HAL_Driver/Src/stm32f1xx_hal.o
                0x20000030                uwTickPrio
 .data.uwTickFreq
                0x20000034        0x1 ./Drivers/STM32F1xx_HAL_Driver/Src/stm32f1xx_hal.o
                0x20000034                uwTickFreq
 *fill*         0x20000035        0x3 
 .data.USBD_CDC_DeviceQualifierDesc
                0x20000038        0xa ./Middlewares/ST/STM32_USB_Device_Library/Class/CDC/Src/usbd_cdc.o
 *fill*         0x20000042        0x2 
 .data.USBD_CDC
                0x20000044       0x38 ./Middlewares/ST/STM32_USB_Device_Library/Class/CDC/Src/usbd_cdc.o
                0x20000044                USBD_CDC
 .data.USBD_CDC_CfgHSDesc
                0x2000007c       0x43 ./Middlewares/ST/STM32_USB_Device_Library/Class/CDC/Src/usbd_cdc.o
                0x2000007c                USBD_CDC_CfgHSDesc
 *fill*         0x200000bf        0x1 
 .data.USBD_CDC_CfgFSDesc
                0x200000c0       0x43 ./Middlewares/ST/STM32_USB_Device_Library/Class/CDC/Src/usbd_cdc.o
                0x200000c0                USBD_CDC_CfgFSDesc
 *fill*         0x20000103        0x1 
 .data.USBD_CDC_OtherSpeedCfgDesc
                0x20000104       0x43 ./Middlewares/ST/STM32_USB_Device_Library/Class/CDC/Src/usbd_cdc.o
                0x20000104                USBD_CDC_OtherSpeedCfgDesc
 *fill*         0x20000147        0x1 
 .data.USBD_Interface_fops_FS
                0x20000148       0x10 ./USB_DEVICE/App/usbd_cdc_if.o
                0x20000148                USBD_Interface_fops_FS
 .data.FS_Desc  0x20000158       0x1c ./USB_DEVICE/App/usbd_desc.o
                0x20000158                FS_Desc
 .data.USBD_FS_DeviceDesc
                0x20000174       0x12 ./USB_DEVICE/App/usbd_desc.o
                0x20000174                USBD_FS_DeviceDesc
 *fill*         0x20000186        0x2 
 .data.USBD_LangIDDesc
                0x20000188        0x4 ./USB_DEVICE/App/usbd_desc.o
                0x20000188                USBD_LangIDDesc
 .data.USBD_StringSerial
                0x2000018c       0x1a ./USB_DEVICE/App/usbd_desc.o
                0x2000018c                USBD_StringSerial
 *(.RamFunc)
 *(.RamFunc*)
                0x200001a8                        . = ALIGN (0x4)
 *fill*         0x200001a6        0x2 
                0x200001a8                        _edata = .

.igot.plt       0x200001a8        0x0 load address 0x080079a4
 .igot.plt      0x200001a8        0x0 C:/STM/STM32CubeIDE_1.12.1/STM32CubeIDE/plugins/com.st.stm32cube.ide.mcu.externaltools.gnu-tools-for-stm32.12.3.rel1.win32_1.1.0.202410251130/tools/bin/../lib/gcc/arm-none-eabi/12.3.1/thumb/v7-m/nofp/crtbegin.o
                0x200001a8                        . = ALIGN (0x4)

.bss            0x200001a8     0x1510 load address 0x080079a4
                0x200001a8                        _sbss = .
                0x200001a8                        __bss_start__ = _sbss
 *(.bss)
 .bss           0x200001a8       0x1c C:/STM/STM32CubeIDE_1.12.1/STM32CubeIDE/plugins/com.st.stm32cube.ide.mcu.externaltools.gnu-tools-for-stm32.12.3.rel1.win32_1.1.0.202410251130/tools/bin/../lib/gcc/arm-none-eabi/12.3.1/thumb/v7-m/nofp/crtbegin.o
 *(.bss*)
 .bss.F         0x200001c4       0x10 ./Core/Src/main.o
                0x200001c4                F
 .bss.FrameBuffer
                0x200001d4      0x320 ./Core/Src/main.o
                0x200001d4                FrameBuffer
 .bss.uwTick    0x200004f4        0x4 ./Drivers/STM32F1xx_HAL_Driver/Src/stm32f1xx_hal.o
                0x200004f4                uwTick
 .bss.cfgidx.0  0x200004f8        0x1 ./Middlewares/ST/STM32_USB_Device_Library/Core/Src/usbd_ctlreq.o
 *fill*         0x200004f9        0x3 
 .bss.hUsbDeviceFS
                0x200004fc      0x2c4 ./USB_DEVICE/App/usb_device.o
                0x200004fc                hUsbDeviceFS
 .bss.UserRxBufferFS
                0x200007c0      0x400 ./USB_DEVICE/App/usbd_cdc_if.o
                0x200007c0                UserRxBufferFS
 .bss.UserTxBufferFS
                0x20000bc0      0x400 ./USB_DEVICE/App/usbd_cdc_if.o
                0x20000bc0                UserTxBufferFS
 .bss.USBD_StrDesc
                0x20000fc0      0x200 ./USB_DEVICE/App/usbd_desc.o
                0x20000fc0                USBD_StrDesc
 .bss.hpcd_USB_FS
                0x200011c0      0x2d8 ./USB_DEVICE/Target/usbd_conf.o
                0x200011c0                hpcd_USB_FS
 .bss.mem.0     0x20001498      0x220 ./USB_DEVICE/Target/usbd_conf.o
 *(COMMON)
                0x200016b8                        . = ALIGN (0x4)
                0x200016b8                        _ebss = .
                0x200016b8                        __bss_end__ = _ebss

._user_heap_stack
                0x200016b8      0x600 load address 0x080079a4
                0x200016b8                        . = ALIGN (0x8)
                [!provide]                        PROVIDE (end = .)
                0x200016b8                        PROVIDE (_end = .)
                0x200018b8                        . = (. + _Min_Heap_Size)
 *fill*         0x200016b8      0x200 
                0x20001cb8                        . = (. + _Min_Stack_Size)
 *fill*         0x200018b8      0x400 
                0x20001cb8                        . = ALIGN (0x8)

/DISCARD/
 libc.a(*)
 libm.a(*)
 libgcc.a(*)

.ARM.attributes
                0x00000000       0x29
 *(.ARM.attributes)
 .ARM.attributes
                0x00000000       0x1d C:/STM/STM32CubeIDE_1.12.1/STM32CubeIDE/plugins/com.st.stm32cube.ide.mcu.externaltools.gnu-tools-for-stm32.12.3.rel1.win32_1.1.0.202410251130/tools/bin/../lib/gcc/arm-none-eabi/12.3.1/thumb/v7-m/nofp/crti.o
 .ARM.attributes
                0x0000001d       0x2d C:/STM/STM32CubeIDE_1.12.1/STM32CubeIDE/plugins/com.st.stm32cube.ide.mcu.externaltools.gnu-tools-for-stm32.12.3.rel1.win32_1.1.0.202410251130/tools/bin/../lib/gcc/arm-none-eabi/12.3.1/thumb/v7-m/nofp/crtbegin.o
 .ARM.attributes
                0x0000004a       0x2d ./Core/Hardware_Interface/Hardware_Interface.o
 .ARM.attributes
                0x00000077       0x2d ./Core/Src/main.o
 .ARM.attributes
                0x000000a4       0x2d ./Core/Src/stm32f1xx_hal_msp.o
 .ARM.attributes
                0x000000d1       0x2d ./Core/Src/stm32f1xx_it.o
 .ARM.attributes
                0x000000fe       0x2d ./Core/Src/system_stm32f1xx.o
 .ARM.attributes
                0x0000012b       0x21 ./Core/Startup/startup_stm32f103c8tx.o
 .ARM.attributes
                0x0000014c       0x2d ./Drivers/FIFO/FIFO.o
 .ARM.attributes
                0x00000179       0x2d ./Drivers/STM32F1xx_HAL_Driver/Src/stm32f1xx_hal.o
 .ARM.attributes
                0x000001a6       0x2d ./Drivers/STM32F1xx_HAL_Driver/Src/stm32f1xx_hal_cortex.o
 .ARM.attributes
                0x000001d3       0x2d ./Drivers/STM32F1xx_HAL_Driver/Src/stm32f1xx_hal_pcd.o
 .ARM.attributes
                0x00000200       0x2d ./Drivers/STM32F1xx_HAL_Driver/Src/stm32f1xx_hal_pcd_ex.o
 .ARM.attributes
                0x0000022d       0x2d ./Drivers/STM32F1xx_HAL_Driver/Src/stm32f1xx_hal_rcc.o
 .ARM.attributes
                0x0000025a       0x2d ./Drivers/STM32F1xx_HAL_Driver/Src/stm32f1xx_hal_rcc_ex.o
 .ARM.attributes
                0x00000287       0x2d ./Drivers/STM32F1xx_HAL_Driver/Src/stm32f1xx_ll_usb.o
 .ARM.attributes
                0x000002b4       0x2d ./Drivers/SbW_Protocol/SbW_Protocol.o
 .ARM.attributes
                0x000002e1       0x2d ./Middlewares/ST/STM32_USB_Device_Library/Class/CDC/Src/usbd_cdc.o
 .ARM.attributes
                0x0000030e       0x2d ./Middlewares/ST/STM32_USB_Device_Library/Core/Src/usbd_core.o
 .ARM.attributes
                0x0000033b       0x2d ./Middlewares/ST/STM32_USB_Device_Library/Core/Src/usbd_ctlreq.o
 .ARM.attributes
                0x00000368       0x2d ./Middlewares/ST/STM32_USB_Device_Library/Core/Src/usbd_ioreq.o
 .ARM.attributes
                0x00000395       0x2d ./USB_DEVICE/App/usb_device.o
 .ARM.attributes
                0x000003c2       0x2d ./USB_DEVICE/App/usbd_cdc_if.o
 .ARM.attributes
                0x000003ef       0x2d ./USB_DEVICE/App/usbd_desc.o
 .ARM.attributes
                0x0000041c       0x2d ./USB_DEVICE/Target/usbd_conf.o
 .ARM.attributes
                0x00000449       0x2d C:/STM/STM32CubeIDE_1.12.1/STM32CubeIDE/plugins/com.st.stm32cube.ide.mcu.externaltools.gnu-tools-for-stm32.12.3.rel1.win32_1.1.0.202410251130/tools/bin/../lib/gcc/arm-none-eabi/12.3.1/../../../../arm-none-eabi/lib/thumb/v7-m/nofp\libc_nano.a(libc_a-memset.o)
 .ARM.attributes
                0x00000476       0x2d C:/STM/STM32CubeIDE_1.12.1/STM32CubeIDE/plugins/com.st.stm32cube.ide.mcu.externaltools.gnu-tools-for-stm32.12.3.rel1.win32_1.1.0.202410251130/tools/bin/../lib/gcc/arm-none-eabi/12.3.1/../../../../arm-none-eabi/lib/thumb/v7-m/nofp\libc_nano.a(libc_a-init.o)
 .ARM.attributes
                0x000004a3       0x2d C:/STM/STM32CubeIDE_1.12.1/STM32CubeIDE/plugins/com.st.stm32cube.ide.mcu.externaltools.gnu-tools-for-stm32.12.3.rel1.win32_1.1.0.202410251130/tools/bin/../lib/gcc/arm-none-eabi/12.3.1/../../../../arm-none-eabi/lib/thumb/v7-m/nofp\libc_nano.a(libc_a-memcpy-stub.o)
 .ARM.attributes
                0x000004d0       0x1d C:/STM/STM32CubeIDE_1.12.1/STM32CubeIDE/plugins/com.st.stm32cube.ide.mcu.externaltools.gnu-tools-for-stm32.12.3.rel1.win32_1.1.0.202410251130/tools/bin/../lib/gcc/arm-none-eabi/12.3.1/thumb/v7-m/nofp\libgcc.a(_arm_addsubsf3.o)
 .ARM.attributes
                0x000004ed       0x1d C:/STM/STM32CubeIDE_1.12.1/STM32CubeIDE/plugins/com.st.stm32cube.ide.mcu.externaltools.gnu-tools-for-stm32.12.3.rel1.win32_1.1.0.202410251130/tools/bin/../lib/gcc/arm-none-eabi/12.3.1/thumb/v7-m/nofp/crtn.o
OUTPUT(USB_Custom_Protocol.elf elf32-littlearm)
LOAD linker stubs
LOAD C:/STM/STM32CubeIDE_1.12.1/STM32CubeIDE/plugins/com.st.stm32cube.ide.mcu.externaltools.gnu-tools-for-stm32.12.3.rel1.win32_1.1.0.202410251130/tools/bin/../lib/gcc/arm-none-eabi/12.3.1/../../../../arm-none-eabi/lib/thumb/v7-m/nofp\libc.a
LOAD C:/STM/STM32CubeIDE_1.12.1/STM32CubeIDE/plugins/com.st.stm32cube.ide.mcu.externaltools.gnu-tools-for-stm32.12.3.rel1.win32_1.1.0.202410251130/tools/bin/../lib/gcc/arm-none-eabi/12.3.1/../../../../arm-none-eabi/lib/thumb/v7-m/nofp\libm.a
LOAD C:/STM/STM32CubeIDE_1.12.1/STM32CubeIDE/plugins/com.st.stm32cube.ide.mcu.externaltools.gnu-tools-for-stm32.12.3.rel1.win32_1.1.0.202410251130/tools/bin/../lib/gcc/arm-none-eabi/12.3.1/thumb/v7-m/nofp\libgcc.a

.debug_info     0x00000000     0xc688
 .debug_info    0x00000000      0x101 ./Core/Hardware_Interface/Hardware_Interface.o
 .debug_info    0x00000101      0xc30 ./Core/Src/main.o
 .debug_info    0x00000d31      0x1f1 ./Core/Src/stm32f1xx_hal_msp.o
 .debug_info    0x00000f22      0x602 ./Core/Src/stm32f1xx_it.o
 .debug_info    0x00001524      0x222 ./Core/Src/system_stm32f1xx.o
 .debug_info    0x00001746       0x30 ./Core/Startup/startup_stm32f103c8tx.o
 .debug_info    0x00001776      0x1d2 ./Drivers/FIFO/FIFO.o
 .debug_info    0x00001948      0x704 ./Drivers/STM32F1xx_HAL_Driver/Src/stm32f1xx_hal.o
 .debug_info    0x0000204c      0xa87 ./Drivers/STM32F1xx_HAL_Driver/Src/stm32f1xx_hal_cortex.o
 .debug_info    0x00002ad3     0x16dc ./Drivers/STM32F1xx_HAL_Driver/Src/stm32f1xx_hal_pcd.o
 .debug_info    0x000041af      0x6c3 ./Drivers/STM32F1xx_HAL_Driver/Src/stm32f1xx_hal_pcd_ex.o
 .debug_info    0x00004872      0x7d5 ./Drivers/STM32F1xx_HAL_Driver/Src/stm32f1xx_hal_rcc.o
 .debug_info    0x00005047      0x3c0 ./Drivers/STM32F1xx_HAL_Driver/Src/stm32f1xx_hal_rcc_ex.o
 .debug_info    0x00005407     0x17ae ./Drivers/STM32F1xx_HAL_Driver/Src/stm32f1xx_ll_usb.o
 .debug_info    0x00006bb5      0x3e6 ./Drivers/SbW_Protocol/SbW_Protocol.o
 .debug_info    0x00006f9b     0x1043 ./Middlewares/ST/STM32_USB_Device_Library/Class/CDC/Src/usbd_cdc.o
 .debug_info    0x00007fde      0xa52 ./Middlewares/ST/STM32_USB_Device_Library/Core/Src/usbd_core.o
 .debug_info    0x00008a30      0x91c ./Middlewares/ST/STM32_USB_Device_Library/Core/Src/usbd_ctlreq.o
 .debug_info    0x0000934c      0x6a0 ./Middlewares/ST/STM32_USB_Device_Library/Core/Src/usbd_ioreq.o
 .debug_info    0x000099ec      0x63d ./USB_DEVICE/App/usb_device.o
 .debug_info    0x0000a029      0x9b1 ./USB_DEVICE/App/usbd_cdc_if.o
 .debug_info    0x0000a9da      0x44a ./USB_DEVICE/App/usbd_desc.o
 .debug_info    0x0000ae24     0x1864 ./USB_DEVICE/Target/usbd_conf.o

.debug_abbrev   0x00000000     0x2bb9
 .debug_abbrev  0x00000000       0x9d ./Core/Hardware_Interface/Hardware_Interface.o
 .debug_abbrev  0x0000009d      0x2cb ./Core/Src/main.o
 .debug_abbrev  0x00000368       0xdb ./Core/Src/stm32f1xx_hal_msp.o
 .debug_abbrev  0x00000443      0x192 ./Core/Src/stm32f1xx_it.o
 .debug_abbrev  0x000005d5      0x13f ./Core/Src/system_stm32f1xx.o
 .debug_abbrev  0x00000714       0x24 ./Core/Startup/startup_stm32f103c8tx.o
 .debug_abbrev  0x00000738       0xd3 ./Drivers/FIFO/FIFO.o
 .debug_abbrev  0x0000080b      0x201 ./Drivers/STM32F1xx_HAL_Driver/Src/stm32f1xx_hal.o
 .debug_abbrev  0x00000a0c      0x2f8 ./Drivers/STM32F1xx_HAL_Driver/Src/stm32f1xx_hal_cortex.o
 .debug_abbrev  0x00000d04      0x2d6 ./Drivers/STM32F1xx_HAL_Driver/Src/stm32f1xx_hal_pcd.o
 .debug_abbrev  0x00000fda      0x189 ./Drivers/STM32F1xx_HAL_Driver/Src/stm32f1xx_hal_pcd_ex.o
 .debug_abbrev  0x00001163      0x2b3 ./Drivers/STM32F1xx_HAL_Driver/Src/stm32f1xx_hal_rcc.o
 .debug_abbrev  0x00001416      0x188 ./Drivers/STM32F1xx_HAL_Driver/Src/stm32f1xx_hal_rcc_ex.o
 .debug_abbrev  0x0000159e      0x1de ./Drivers/STM32F1xx_HAL_Driver/Src/stm32f1xx_ll_usb.o
 .debug_abbrev  0x0000177c      0x1b7 ./Drivers/SbW_Protocol/SbW_Protocol.o
 .debug_abbrev  0x00001933      0x2d3 ./Middlewares/ST/STM32_USB_Device_Library/Class/CDC/Src/usbd_cdc.o
 .debug_abbrev  0x00001c06      0x24a ./Middlewares/ST/STM32_USB_Device_Library/Core/Src/usbd_core.o
 .debug_abbrev  0x00001e50      0x26b ./Middlewares/ST/STM32_USB_Device_Library/Core/Src/usbd_ctlreq.o
 .debug_abbrev  0x000020bb      0x192 ./Middlewares/ST/STM32_USB_Device_Library/Core/Src/usbd_ioreq.o
 .debug_abbrev  0x0000224d      0x18d ./USB_DEVICE/App/usb_device.o
 .debug_abbrev  0x000023da      0x2ca ./USB_DEVICE/App/usbd_cdc_if.o
 .debug_abbrev  0x000026a4      0x1ff ./USB_DEVICE/App/usbd_desc.o
 .debug_abbrev  0x000028a3      0x316 ./USB_DEVICE/Target/usbd_conf.o

.debug_aranges  0x00000000      0xab8
 .debug_aranges
                0x00000000       0x20 ./Core/Hardware_Interface/Hardware_Interface.o
 .debug_aranges
                0x00000020       0x40 ./Core/Src/main.o
 .debug_aranges
                0x00000060       0x20 ./Core/Src/stm32f1xx_hal_msp.o
 .debug_aranges
                0x00000080       0x68 ./Core/Src/stm32f1xx_it.o
 .debug_aranges
                0x000000e8       0x28 ./Core/Src/system_stm32f1xx.o
 .debug_aranges
                0x00000110       0x28 ./Core/Startup/startup_stm32f103c8tx.o
 .debug_aranges
                0x00000138       0x38 ./Drivers/FIFO/FIFO.o
 .debug_aranges
                0x00000170       0xe0 ./Drivers/STM32F1xx_HAL_Driver/Src/stm32f1xx_hal.o
 .debug_aranges
                0x00000250      0x100 ./Drivers/STM32F1xx_HAL_Driver/Src/stm32f1xx_hal_cortex.o
 .debug_aranges
                0x00000350      0x140 ./Drivers/STM32F1xx_HAL_Driver/Src/stm32f1xx_hal_pcd.o
 .debug_aranges
                0x00000490       0x38 ./Drivers/STM32F1xx_HAL_Driver/Src/stm32f1xx_hal_pcd_ex.o
 .debug_aranges
                0x000004c8       0x90 ./Drivers/STM32F1xx_HAL_Driver/Src/stm32f1xx_hal_rcc.o
 .debug_aranges
                0x00000558       0x30 ./Drivers/STM32F1xx_HAL_Driver/Src/stm32f1xx_hal_rcc_ex.o
 .debug_aranges
                0x00000588       0xf8 ./Drivers/STM32F1xx_HAL_Driver/Src/stm32f1xx_ll_usb.o
 .debug_aranges
                0x00000680       0x40 ./Drivers/SbW_Protocol/SbW_Protocol.o
 .debug_aranges
                0x000006c0       0x90 ./Middlewares/ST/STM32_USB_Device_Library/Class/CDC/Src/usbd_cdc.o
 .debug_aranges
                0x00000750       0xb8 ./Middlewares/ST/STM32_USB_Device_Library/Core/Src/usbd_core.o
 .debug_aranges
                0x00000808       0x88 ./Middlewares/ST/STM32_USB_Device_Library/Core/Src/usbd_ctlreq.o
 .debug_aranges
                0x00000890       0x50 ./Middlewares/ST/STM32_USB_Device_Library/Core/Src/usbd_ioreq.o
 .debug_aranges
                0x000008e0       0x20 ./USB_DEVICE/App/usb_device.o
 .debug_aranges
                0x00000900       0x40 ./USB_DEVICE/App/usbd_cdc_if.o
 .debug_aranges
                0x00000940       0x60 ./USB_DEVICE/App/usbd_desc.o
 .debug_aranges
                0x000009a0      0x118 ./USB_DEVICE/Target/usbd_conf.o

.debug_rnglists
                0x00000000      0x7c4
 .debug_rnglists
                0x00000000       0x13 ./Core/Hardware_Interface/Hardware_Interface.o
 .debug_rnglists
                0x00000013       0x2c ./Core/Src/main.o
 .debug_rnglists
                0x0000003f       0x13 ./Core/Src/stm32f1xx_hal_msp.o
 .debug_rnglists
                0x00000052       0x49 ./Core/Src/stm32f1xx_it.o
 .debug_rnglists
                0x0000009b       0x1a ./Core/Src/system_stm32f1xx.o
 .debug_rnglists
                0x000000b5       0x19 ./Core/Startup/startup_stm32f103c8tx.o
 .debug_rnglists
                0x000000ce       0x26 ./Drivers/FIFO/FIFO.o
 .debug_rnglists
                0x000000f4       0xa3 ./Drivers/STM32F1xx_HAL_Driver/Src/stm32f1xx_hal.o
 .debug_rnglists
                0x00000197       0xbb ./Drivers/STM32F1xx_HAL_Driver/Src/stm32f1xx_hal_cortex.o
 .debug_rnglists
                0x00000252       0xf4 ./Drivers/STM32F1xx_HAL_Driver/Src/stm32f1xx_hal_pcd.o
 .debug_rnglists
                0x00000346       0x26 ./Drivers/STM32F1xx_HAL_Driver/Src/stm32f1xx_hal_pcd_ex.o
 .debug_rnglists
                0x0000036c       0x6c ./Drivers/STM32F1xx_HAL_Driver/Src/stm32f1xx_hal_rcc.o
 .debug_rnglists
                0x000003d8       0x21 ./Drivers/STM32F1xx_HAL_Driver/Src/stm32f1xx_hal_rcc_ex.o
 .debug_rnglists
                0x000003f9       0xbd ./Drivers/STM32F1xx_HAL_Driver/Src/stm32f1xx_ll_usb.o
 .debug_rnglists
                0x000004b6       0x2c ./Drivers/SbW_Protocol/SbW_Protocol.o
 .debug_rnglists
                0x000004e2       0x6a ./Middlewares/ST/STM32_USB_Device_Library/Class/CDC/Src/usbd_cdc.o
 .debug_rnglists
                0x0000054c       0x89 ./Middlewares/ST/STM32_USB_Device_Library/Core/Src/usbd_core.o
 .debug_rnglists
                0x000005d5       0x68 ./Middlewares/ST/STM32_USB_Device_Library/Core/Src/usbd_ctlreq.o
 .debug_rnglists
                0x0000063d       0x37 ./Middlewares/ST/STM32_USB_Device_Library/Core/Src/usbd_ioreq.o
 .debug_rnglists
                0x00000674       0x13 ./USB_DEVICE/App/usb_device.o
 .debug_rnglists
                0x00000687       0x2c ./USB_DEVICE/App/usbd_cdc_if.o
 .debug_rnglists
                0x000006b3       0x43 ./USB_DEVICE/App/usbd_desc.o
 .debug_rnglists
                0x000006f6       0xce ./USB_DEVICE/Target/usbd_conf.o

.debug_macro    0x00000000    0x1a026
 .debug_macro   0x00000000      0x385 ./Core/Hardware_Interface/Hardware_Interface.o
 .debug_macro   0x00000385      0xaa8 ./Core/Hardware_Interface/Hardware_Interface.o
 .debug_macro   0x00000e2d       0x22 ./Core/Hardware_Interface/Hardware_Interface.o
 .debug_macro   0x00000e4f       0x8e ./Core/Hardware_Interface/Hardware_Interface.o
 .debug_macro   0x00000edd       0x51 ./Core/Hardware_Interface/Hardware_Interface.o
 .debug_macro   0x00000f2e      0x103 ./Core/Hardware_Interface/Hardware_Interface.o
 .debug_macro   0x00001031       0x6a ./Core/Hardware_Interface/Hardware_Interface.o
 .debug_macro   0x0000109b      0x1df ./Core/Hardware_Interface/Hardware_Interface.o
 .debug_macro   0x0000127a       0x61 ./Core/Hardware_Interface/Hardware_Interface.o
 .debug_macro   0x000012db       0x24 ./Core/Hardware_Interface/Hardware_Interface.o
 .debug_macro   0x000012ff       0x43 ./Core/Hardware_Interface/Hardware_Interface.o
 .debug_macro   0x00001342       0x34 ./Core/Hardware_Interface/Hardware_Interface.o
 .debug_macro   0x00001376       0x16 ./Core/Hardware_Interface/Hardware_Interface.o
 .debug_macro   0x0000138c       0x9e ./Core/Hardware_Interface/Hardware_Interface.o
 .debug_macro   0x0000142a      0x369 ./Core/Hardware_Interface/Hardware_Interface.o
 .debug_macro   0x00001793      0x10b ./Core/Hardware_Interface/Hardware_Interface.o
 .debug_macro   0x0000189e       0x10 ./Core/Hardware_Interface/Hardware_Interface.o
 .debug_macro   0x000018ae       0x16 ./Core/Hardware_Interface/Hardware_Interface.o
 .debug_macro   0x000018c4       0x43 ./Core/Hardware_Interface/Hardware_Interface.o
 .debug_macro   0x00001907       0x34 ./Core/Hardware_Interface/Hardware_Interface.o
 .debug_macro   0x0000193b       0x10 ./Core/Hardware_Interface/Hardware_Interface.o
 .debug_macro   0x0000194b       0x58 ./Core/Hardware_Interface/Hardware_Interface.o
 .debug_macro   0x000019a3       0x8e ./Core/Hardware_Interface/Hardware_Interface.o
 .debug_macro   0x00001a31       0x1c ./Core/Hardware_Interface/Hardware_Interface.o
 .debug_macro   0x00001a4d      0x177 ./Core/Hardware_Interface/Hardware_Interface.o
 .debug_macro   0x00001bc4       0x16 ./Core/Hardware_Interface/Hardware_Interface.o
 .debug_macro   0x00001bda       0x16 ./Core/Hardware_Interface/Hardware_Interface.o
 .debug_macro   0x00001bf0      0x146 ./Core/Hardware_Interface/Hardware_Interface.o
 .debug_macro   0x00001d36       0x16 ./Core/Hardware_Interface/Hardware_Interface.o
 .debug_macro   0x00001d4c       0x35 ./Core/Hardware_Interface/Hardware_Interface.o
 .debug_macro   0x00001d81       0x16 ./Core/Hardware_Interface/Hardware_Interface.o
 .debug_macro   0x00001d97       0x29 ./Core/Hardware_Interface/Hardware_Interface.o
 .debug_macro   0x00001dc0       0x16 ./Core/Hardware_Interface/Hardware_Interface.o
 .debug_macro   0x00001dd6       0x20 ./Core/Hardware_Interface/Hardware_Interface.o
 .debug_macro   0x00001df6      0x21b ./Core/Hardware_Interface/Hardware_Interface.o
 .debug_macro   0x00002011       0x2e ./Core/Hardware_Interface/Hardware_Interface.o
 .debug_macro   0x0000203f       0x22 ./Core/Hardware_Interface/Hardware_Interface.o
 .debug_macro   0x00002061       0x1c ./Core/Hardware_Interface/Hardware_Interface.o
 .debug_macro   0x0000207d       0x22 ./Core/Hardware_Interface/Hardware_Interface.o
 .debug_macro   0x0000209f       0xbd ./Core/Hardware_Interface/Hardware_Interface.o
 .debug_macro   0x0000215c      0xd23 ./Core/Hardware_Interface/Hardware_Interface.o
 .debug_macro   0x00002e7f     0xe09e ./Core/Hardware_Interface/Hardware_Interface.o
 .debug_macro   0x00010f1d       0x6d ./Core/Hardware_Interface/Hardware_Interface.o
 .debug_macro   0x00010f8a     0x34a2 ./Core/Hardware_Interface/Hardware_Interface.o
 .debug_macro   0x0001442c       0x56 ./Core/Hardware_Interface/Hardware_Interface.o
 .debug_macro   0x00014482      0x5bc ./Core/Hardware_Interface/Hardware_Interface.o
 .debug_macro   0x00014a3e      0x289 ./Core/Hardware_Interface/Hardware_Interface.o
 .debug_macro   0x00014cc7      0x1cb ./Core/Hardware_Interface/Hardware_Interface.o
 .debug_macro   0x00014e92      0x114 ./Core/Hardware_Interface/Hardware_Interface.o
 .debug_macro   0x00014fa6      0x1b2 ./Core/Hardware_Interface/Hardware_Interface.o
 .debug_macro   0x00015158       0x27 ./Core/Hardware_Interface/Hardware_Interface.o
 .debug_macro   0x0001517f      0x136 ./Core/Hardware_Interface/Hardware_Interface.o
 .debug_macro   0x000152b5      0x1bc ./Core/Hardware_Interface/Hardware_Interface.o
 .debug_macro   0x00015471       0x34 ./Core/Hardware_Interface/Hardware_Interface.o
 .debug_macro   0x000154a5       0x3c ./Core/Hardware_Interface/Hardware_Interface.o
 .debug_macro   0x000154e1       0x57 ./Core/Hardware_Interface/Hardware_Interface.o
 .debug_macro   0x00015538       0x87 ./Core/Hardware_Interface/Hardware_Interface.o
 .debug_macro   0x000155bf      0x240 ./Core/Hardware_Interface/Hardware_Interface.o
 .debug_macro   0x000157ff      0x140 ./Core/Hardware_Interface/Hardware_Interface.o
 .debug_macro   0x0001593f      0x8ed ./Core/Hardware_Interface/Hardware_Interface.o
 .debug_macro   0x0001622c       0xb7 ./Core/Hardware_Interface/Hardware_Interface.o
 .debug_macro   0x000162e3      0x242 ./Core/Hardware_Interface/Hardware_Interface.o
 .debug_macro   0x00016525       0x83 ./Core/Hardware_Interface/Hardware_Interface.o
 .debug_macro   0x000165a8       0x5f ./Core/Hardware_Interface/Hardware_Interface.o
 .debug_macro   0x00016607      0x1c8 ./Core/Hardware_Interface/Hardware_Interface.o
 .debug_macro   0x000167cf       0x8f ./Core/Hardware_Interface/Hardware_Interface.o
 .debug_macro   0x0001685e       0x10 ./Core/Hardware_Interface/Hardware_Interface.o
 .debug_macro   0x0001686e      0x3a7 ./Core/Src/main.o
 .debug_macro   0x00016c15      0x189 ./Core/Src/main.o
 .debug_macro   0x00016d9e       0x5c ./Core/Src/main.o
 .debug_macro   0x00016dfa      0x1c7 ./Core/Src/stm32f1xx_hal_msp.o
 .debug_macro   0x00016fc1      0x1d1 ./Core/Src/stm32f1xx_it.o
 .debug_macro   0x00017192      0x1bd ./Core/Src/system_stm32f1xx.o
 .debug_macro   0x0001734f      0x1a8 ./Drivers/FIFO/FIFO.o
 .debug_macro   0x000174f7      0x1e1 ./Drivers/STM32F1xx_HAL_Driver/Src/stm32f1xx_hal.o
 .debug_macro   0x000176d8      0x1bd ./Drivers/STM32F1xx_HAL_Driver/Src/stm32f1xx_hal_cortex.o
 .debug_macro   0x00017895      0x1c9 ./Drivers/STM32F1xx_HAL_Driver/Src/stm32f1xx_hal_pcd.o
 .debug_macro   0x00017a5e      0x1bd ./Drivers/STM32F1xx_HAL_Driver/Src/stm32f1xx_hal_pcd_ex.o
 .debug_macro   0x00017c1b      0x1cf ./Drivers/STM32F1xx_HAL_Driver/Src/stm32f1xx_hal_rcc.o
 .debug_macro   0x00017dea      0x1bd ./Drivers/STM32F1xx_HAL_Driver/Src/stm32f1xx_hal_rcc_ex.o
 .debug_macro   0x00017fa7      0x1bd ./Drivers/STM32F1xx_HAL_Driver/Src/stm32f1xx_ll_usb.o
 .debug_macro   0x00018164      0x1b8 ./Drivers/SbW_Protocol/SbW_Protocol.o
 .debug_macro   0x0001831c      0x356 ./Middlewares/ST/STM32_USB_Device_Library/Class/CDC/Src/usbd_cdc.o
 .debug_macro   0x00018672      0x33d ./Middlewares/ST/STM32_USB_Device_Library/Core/Src/usbd_core.o
 .debug_macro   0x000189af      0x1ce ./Middlewares/ST/STM32_USB_Device_Library/Core/Src/usbd_core.o
 .debug_macro   0x00018b7d      0x347 ./Middlewares/ST/STM32_USB_Device_Library/Core/Src/usbd_ctlreq.o
 .debug_macro   0x00018ec4      0x343 ./Middlewares/ST/STM32_USB_Device_Library/Core/Src/usbd_ioreq.o
 .debug_macro   0x00019207      0x37c ./USB_DEVICE/App/usb_device.o
 .debug_macro   0x00019583       0x22 ./USB_DEVICE/App/usb_device.o
 .debug_macro   0x000195a5       0x16 ./USB_DEVICE/App/usb_device.o
 .debug_macro   0x000195bb      0x375 ./USB_DEVICE/App/usbd_cdc_if.o
 .debug_macro   0x00019930      0x37a ./USB_DEVICE/App/usbd_desc.o
 .debug_macro   0x00019caa       0x1c ./USB_DEVICE/App/usbd_desc.o
 .debug_macro   0x00019cc6      0x360 ./USB_DEVICE/Target/usbd_conf.o

.debug_line     0x00000000     0xf809
 .debug_line    0x00000000      0xaaa ./Core/Hardware_Interface/Hardware_Interface.o
 .debug_line    0x00000aaa      0xc2c ./Core/Src/main.o
 .debug_line    0x000016d6      0x730 ./Core/Src/stm32f1xx_hal_msp.o
 .debug_line    0x00001e06      0x80a ./Core/Src/stm32f1xx_it.o
 .debug_line    0x00002610      0x7ae ./Core/Src/system_stm32f1xx.o
 .debug_line    0x00002dbe       0x78 ./Core/Startup/startup_stm32f103c8tx.o
 .debug_line    0x00002e36      0x687 ./Drivers/FIFO/FIFO.o
 .debug_line    0x000034bd      0x9db ./Drivers/STM32F1xx_HAL_Driver/Src/stm32f1xx_hal.o
 .debug_line    0x00003e98      0xbc7 ./Drivers/STM32F1xx_HAL_Driver/Src/stm32f1xx_hal_cortex.o
 .debug_line    0x00004a5f     0x1430 ./Drivers/STM32F1xx_HAL_Driver/Src/stm32f1xx_hal_pcd.o
 .debug_line    0x00005e8f      0x7a9 ./Drivers/STM32F1xx_HAL_Driver/Src/stm32f1xx_hal_pcd_ex.o
 .debug_line    0x00006638      0xde4 ./Drivers/STM32F1xx_HAL_Driver/Src/stm32f1xx_hal_rcc.o
 .debug_line    0x0000741c      0x925 ./Drivers/STM32F1xx_HAL_Driver/Src/stm32f1xx_hal_rcc_ex.o
 .debug_line    0x00007d41     0x10ac ./Drivers/STM32F1xx_HAL_Driver/Src/stm32f1xx_ll_usb.o
 .debug_line    0x00008ded      0x77f ./Drivers/SbW_Protocol/SbW_Protocol.o
 .debug_line    0x0000956c      0xd32 ./Middlewares/ST/STM32_USB_Device_Library/Class/CDC/Src/usbd_cdc.o
 .debug_line    0x0000a29e      0xdae ./Middlewares/ST/STM32_USB_Device_Library/Core/Src/usbd_core.o
 .debug_line    0x0000b04c      0xfee ./Middlewares/ST/STM32_USB_Device_Library/Core/Src/usbd_ctlreq.o
 .debug_line    0x0000c03a      0xa44 ./Middlewares/ST/STM32_USB_Device_Library/Core/Src/usbd_ioreq.o
 .debug_line    0x0000ca7e      0xa04 ./USB_DEVICE/App/usb_device.o
 .debug_line    0x0000d482      0xace ./USB_DEVICE/App/usbd_cdc_if.o
 .debug_line    0x0000df50      0xacd ./USB_DEVICE/App/usbd_desc.o
 .debug_line    0x0000ea1d      0xdec ./USB_DEVICE/Target/usbd_conf.o

.debug_str      0x00000000    0x8b73a
 .debug_str     0x00000000    0x88681 ./Core/Hardware_Interface/Hardware_Interface.o
                              0x88a15 (size before relaxing)
 .debug_str     0x00088681      0x8b8 ./Core/Src/main.o
                              0x89324 (size before relaxing)
 .debug_str     0x00088f39       0x5a ./Core/Src/stm32f1xx_hal_msp.o
                              0x844c2 (size before relaxing)
 .debug_str     0x00088f93      0x3d8 ./Core/Src/stm32f1xx_it.o
                              0x848a1 (size before relaxing)
 .debug_str     0x0008936b       0x7e ./Core/Src/system_stm32f1xx.o
                              0x844ed (size before relaxing)
 .debug_str     0x000893e9       0x44 ./Core/Startup/startup_stm32f103c8tx.o
                                 0xb6 (size before relaxing)
 .debug_str     0x0008942d       0x52 ./Drivers/FIFO/FIFO.o
                               0x7974 (size before relaxing)
 .debug_str     0x0008947f      0x607 ./Drivers/STM32F1xx_HAL_Driver/Src/stm32f1xx_hal.o
                              0x84c20 (size before relaxing)
 .debug_str     0x00089a86      0x293 ./Drivers/STM32F1xx_HAL_Driver/Src/stm32f1xx_hal_cortex.o
                              0x84b6c (size before relaxing)
 .debug_str     0x00089d19      0x5da ./Drivers/STM32F1xx_HAL_Driver/Src/stm32f1xx_hal_pcd.o
                              0x84e0a (size before relaxing)
 .debug_str     0x0008a2f3      0x170 ./Drivers/STM32F1xx_HAL_Driver/Src/stm32f1xx_hal_pcd_ex.o
                              0x8496c (size before relaxing)
 .debug_str     0x0008a463      0x264 ./Drivers/STM32F1xx_HAL_Driver/Src/stm32f1xx_hal_rcc.o
                              0x8491c (size before relaxing)
 .debug_str     0x0008a6c7       0x9f ./Drivers/STM32F1xx_HAL_Driver/Src/stm32f1xx_hal_rcc_ex.o
                              0x8466c (size before relaxing)
 .debug_str     0x0008a766      0x129 ./Drivers/STM32F1xx_HAL_Driver/Src/stm32f1xx_ll_usb.o
                              0x849be (size before relaxing)
 .debug_str     0x0008a88f       0x6a ./Drivers/SbW_Protocol/SbW_Protocol.o
                               0x7ae7 (size before relaxing)
 .debug_str     0x0008a8f9      0x63c ./Middlewares/ST/STM32_USB_Device_Library/Class/CDC/Src/usbd_cdc.o
                              0x893b6 (size before relaxing)
 .debug_str     0x0008af35      0x281 ./Middlewares/ST/STM32_USB_Device_Library/Core/Src/usbd_core.o
                              0x88ce6 (size before relaxing)
 .debug_str     0x0008b1b6      0x120 ./Middlewares/ST/STM32_USB_Device_Library/Core/Src/usbd_ctlreq.o
                              0x88c00 (size before relaxing)
 .debug_str     0x0008b2d6       0x51 ./Middlewares/ST/STM32_USB_Device_Library/Core/Src/usbd_ioreq.o
                              0x88b2d (size before relaxing)
 .debug_str     0x0008b327       0xc6 ./USB_DEVICE/App/usb_device.o
                              0x88eb8 (size before relaxing)
 .debug_str     0x0008b3ed       0x7d ./USB_DEVICE/App/usbd_cdc_if.o
                              0x89062 (size before relaxing)
 .debug_str     0x0008b46a      0x258 ./USB_DEVICE/App/usbd_desc.o
                              0x88a69 (size before relaxing)
 .debug_str     0x0008b6c2       0x78 ./USB_DEVICE/Target/usbd_conf.o
                              0x89943 (size before relaxing)

.comment        0x00000000       0x43
 .comment       0x00000000       0x43 ./Core/Hardware_Interface/Hardware_Interface.o
                                 0x44 (size before relaxing)
 .comment       0x00000043       0x44 ./Core/Src/main.o
 .comment       0x00000043       0x44 ./Core/Src/stm32f1xx_hal_msp.o
 .comment       0x00000043       0x44 ./Core/Src/stm32f1xx_it.o
 .comment       0x00000043       0x44 ./Core/Src/system_stm32f1xx.o
 .comment       0x00000043       0x44 ./Drivers/FIFO/FIFO.o
 .comment       0x00000043       0x44 ./Drivers/STM32F1xx_HAL_Driver/Src/stm32f1xx_hal.o
 .comment       0x00000043       0x44 ./Drivers/STM32F1xx_HAL_Driver/Src/stm32f1xx_hal_cortex.o
 .comment       0x00000043       0x44 ./Drivers/STM32F1xx_HAL_Driver/Src/stm32f1xx_hal_pcd.o
 .comment       0x00000043       0x44 ./Drivers/STM32F1xx_HAL_Driver/Src/stm32f1xx_hal_pcd_ex.o
 .comment       0x00000043       0x44 ./Drivers/STM32F1xx_HAL_Driver/Src/stm32f1xx_hal_rcc.o
 .comment       0x00000043       0x44 ./Drivers/STM32F1xx_HAL_Driver/Src/stm32f1xx_hal_rcc_ex.o
 .comment       0x00000043       0x44 ./Drivers/STM32F1xx_HAL_Driver/Src/stm32f1xx_ll_usb.o
 .comment       0x00000043       0x44 ./Drivers/SbW_Protocol/SbW_Protocol.o
 .comment       0x00000043       0x44 ./Middlewares/ST/STM32_USB_Device_Library/Class/CDC/Src/usbd_cdc.o
 .comment       0x00000043       0x44 ./Middlewares/ST/STM32_USB_Device_Library/Core/Src/usbd_core.o
 .comment       0x00000043       0x44 ./Middlewares/ST/STM32_USB_Device_Library/Core/Src/usbd_ctlreq.o
 .comment       0x00000043       0x44 ./Middlewares/ST/STM32_USB_Device_Library/Core/Src/usbd_ioreq.o
 .comment       0x00000043       0x44 ./USB_DEVICE/App/usb_device.o
 .comment       0x00000043       0x44 ./USB_DEVICE/App/usbd_cdc_if.o
 .comment       0x00000043       0x44 ./USB_DEVICE/App/usbd_desc.o
 .comment       0x00000043       0x44 ./USB_DEVICE/Target/usbd_conf.o

.debug_frame    0x00000000     0x28d8
 .debug_frame   0x00000000       0x34 ./Core/Hardware_Interface/Hardware_Interface.o
 .debug_frame   0x00000034       0xbc ./Core/Src/main.o
 .debug_frame   0x000000f0       0x38 ./Core/Src/stm32f1xx_hal_msp.o
 .debug_frame   0x00000128      0x120 ./Core/Src/stm32f1xx_it.o
 .debug_frame   0x00000248       0x58 ./Core/Src/system_stm32f1xx.o
 .debug_frame   0x000002a0       0xac ./Drivers/FIFO/FIFO.o
 .debug_frame   0x0000034c      0x334 ./Drivers/STM32F1xx_HAL_Driver/Src/stm32f1xx_hal.o
 .debug_frame   0x00000680      0x428 ./Drivers/STM32F1xx_HAL_Driver/Src/stm32f1xx_hal_cortex.o
 .debug_frame   0x00000aa8      0x594 ./Drivers/STM32F1xx_HAL_Driver/Src/stm32f1xx_hal_pcd.o
 .debug_frame   0x0000103c       0xb0 ./Drivers/STM32F1xx_HAL_Driver/Src/stm32f1xx_hal_pcd_ex.o
 .debug_frame   0x000010ec      0x218 ./Drivers/STM32F1xx_HAL_Driver/Src/stm32f1xx_hal_rcc.o
 .debug_frame   0x00001304       0x80 ./Drivers/STM32F1xx_HAL_Driver/Src/stm32f1xx_hal_rcc_ex.o
 .debug_frame   0x00001384      0x470 ./Drivers/STM32F1xx_HAL_Driver/Src/stm32f1xx_ll_usb.o
 .debug_frame   0x000017f4       0xcc ./Drivers/SbW_Protocol/SbW_Protocol.o
 .debug_frame   0x000018c0      0x248 ./Middlewares/ST/STM32_USB_Device_Library/Class/CDC/Src/usbd_cdc.o
 .debug_frame   0x00001b08      0x300 ./Middlewares/ST/STM32_USB_Device_Library/Core/Src/usbd_core.o
 .debug_frame   0x00001e08      0x218 ./Middlewares/ST/STM32_USB_Device_Library/Core/Src/usbd_ctlreq.o
 .debug_frame   0x00002020      0x10c ./Middlewares/ST/STM32_USB_Device_Library/Core/Src/usbd_ioreq.o
 .debug_frame   0x0000212c       0x2c ./USB_DEVICE/App/usb_device.o
 .debug_frame   0x00002158       0xbc ./USB_DEVICE/App/usbd_cdc_if.o
 .debug_frame   0x00002214      0x160 ./USB_DEVICE/App/usbd_desc.o
 .debug_frame   0x00002374      0x4a4 ./USB_DEVICE/Target/usbd_conf.o
 .debug_frame   0x00002818       0x20 C:/STM/STM32CubeIDE_1.12.1/STM32CubeIDE/plugins/com.st.stm32cube.ide.mcu.externaltools.gnu-tools-for-stm32.12.3.rel1.win32_1.1.0.202410251130/tools/bin/../lib/gcc/arm-none-eabi/12.3.1/../../../../arm-none-eabi/lib/thumb/v7-m/nofp\libc_nano.a(libc_a-memset.o)
 .debug_frame   0x00002838       0x2c C:/STM/STM32CubeIDE_1.12.1/STM32CubeIDE/plugins/com.st.stm32cube.ide.mcu.externaltools.gnu-tools-for-stm32.12.3.rel1.win32_1.1.0.202410251130/tools/bin/../lib/gcc/arm-none-eabi/12.3.1/../../../../arm-none-eabi/lib/thumb/v7-m/nofp\libc_nano.a(libc_a-init.o)
 .debug_frame   0x00002864       0x28 C:/STM/STM32CubeIDE_1.12.1/STM32CubeIDE/plugins/com.st.stm32cube.ide.mcu.externaltools.gnu-tools-for-stm32.12.3.rel1.win32_1.1.0.202410251130/tools/bin/../lib/gcc/arm-none-eabi/12.3.1/../../../../arm-none-eabi/lib/thumb/v7-m/nofp\libc_nano.a(libc_a-memcpy-stub.o)
 .debug_frame   0x0000288c       0x4c C:/STM/STM32CubeIDE_1.12.1/STM32CubeIDE/plugins/com.st.stm32cube.ide.mcu.externaltools.gnu-tools-for-stm32.12.3.rel1.win32_1.1.0.202410251130/tools/bin/../lib/gcc/arm-none-eabi/12.3.1/thumb/v7-m/nofp\libgcc.a(_arm_addsubsf3.o)

.debug_line_str
                0x00000000       0x9a
 .debug_line_str
                0x00000000       0x9a ./Core/Startup/startup_stm32f103c8tx.o
