Archive member included to satisfy reference by file (symbol)

C:/STM/STM32CubeIDE_1.12.1/STM32CubeIDE/plugins/com.st.stm32cube.ide.mcu.externaltools.gnu-tools-for-stm32.12.3.rel1.win32_1.1.0.202410251130/tools/bin/../lib/gcc/arm-none-eabi/12.3.1/../../../../arm-none-eabi/lib/thumb/v7-m/nofp\libc_nano.a(libc_a-exit.o)
                              C:/STM/STM32CubeIDE_1.12.1/STM32CubeIDE/plugins/com.st.stm32cube.ide.mcu.externaltools.gnu-tools-for-stm32.12.3.rel1.win32_1.1.0.202410251130/tools/bin/../lib/gcc/arm-none-eabi/12.3.1/../../../../arm-none-eabi/lib/thumb/v7-m/nofp/crt0.o (exit)
C:/STM/STM32CubeIDE_1.12.1/STM32CubeIDE/plugins/com.st.stm32cube.ide.mcu.externaltools.gnu-tools-for-stm32.12.3.rel1.win32_1.1.0.202410251130/tools/bin/../lib/gcc/arm-none-eabi/12.3.1/../../../../arm-none-eabi/lib/thumb/v7-m/nofp\libc_nano.a(libc_a-findfp.o)
                              C:/STM/STM32CubeIDE_1.12.1/STM32CubeIDE/plugins/com.st.stm32cube.ide.mcu.externaltools.gnu-tools-for-stm32.12.3.rel1.win32_1.1.0.202410251130/tools/bin/../lib/gcc/arm-none-eabi/12.3.1/../../../../arm-none-eabi/lib/thumb/v7-m/nofp\libc_nano.a(libc_a-exit.o) (__stdio_exit_handler)
C:/STM/STM32CubeIDE_1.12.1/STM32CubeIDE/plugins/com.st.stm32cube.ide.mcu.externaltools.gnu-tools-for-stm32.12.3.rel1.win32_1.1.0.202410251130/tools/bin/../lib/gcc/arm-none-eabi/12.3.1/../../../../arm-none-eabi/lib/thumb/v7-m/nofp\libc_nano.a(libc_a-fwalk.o)
                              C:/STM/STM32CubeIDE_1.12.1/STM32CubeIDE/plugins/com.st.stm32cube.ide.mcu.externaltools.gnu-tools-for-stm32.12.3.rel1.win32_1.1.0.202410251130/tools/bin/../lib/gcc/arm-none-eabi/12.3.1/../../../../arm-none-eabi/lib/thumb/v7-m/nofp\libc_nano.a(libc_a-findfp.o) (_fwalk_sglue)
C:/STM/STM32CubeIDE_1.12.1/STM32CubeIDE/plugins/com.st.stm32cube.ide.mcu.externaltools.gnu-tools-for-stm32.12.3.rel1.win32_1.1.0.202410251130/tools/bin/../lib/gcc/arm-none-eabi/12.3.1/../../../../arm-none-eabi/lib/thumb/v7-m/nofp\libc_nano.a(libc_a-stdio.o)
                              C:/STM/STM32CubeIDE_1.12.1/STM32CubeIDE/plugins/com.st.stm32cube.ide.mcu.externaltools.gnu-tools-for-stm32.12.3.rel1.win32_1.1.0.202410251130/tools/bin/../lib/gcc/arm-none-eabi/12.3.1/../../../../arm-none-eabi/lib/thumb/v7-m/nofp\libc_nano.a(libc_a-findfp.o) (__sread)
C:/STM/STM32CubeIDE_1.12.1/STM32CubeIDE/plugins/com.st.stm32cube.ide.mcu.externaltools.gnu-tools-for-stm32.12.3.rel1.win32_1.1.0.202410251130/tools/bin/../lib/gcc/arm-none-eabi/12.3.1/../../../../arm-none-eabi/lib/thumb/v7-m/nofp\libc_nano.a(libc_a-memset.o)
                              C:/STM/STM32CubeIDE_1.12.1/STM32CubeIDE/plugins/com.st.stm32cube.ide.mcu.externaltools.gnu-tools-for-stm32.12.3.rel1.win32_1.1.0.202410251130/tools/bin/../lib/gcc/arm-none-eabi/12.3.1/../../../../arm-none-eabi/lib/thumb/v7-m/nofp/crt0.o (memset)
C:/STM/STM32CubeIDE_1.12.1/STM32CubeIDE/plugins/com.st.stm32cube.ide.mcu.externaltools.gnu-tools-for-stm32.12.3.rel1.win32_1.1.0.202410251130/tools/bin/../lib/gcc/arm-none-eabi/12.3.1/../../../../arm-none-eabi/lib/thumb/v7-m/nofp\libc_nano.a(libc_a-closer.o)
                              C:/STM/STM32CubeIDE_1.12.1/STM32CubeIDE/plugins/com.st.stm32cube.ide.mcu.externaltools.gnu-tools-for-stm32.12.3.rel1.win32_1.1.0.202410251130/tools/bin/../lib/gcc/arm-none-eabi/12.3.1/../../../../arm-none-eabi/lib/thumb/v7-m/nofp\libc_nano.a(libc_a-stdio.o) (_close_r)
C:/STM/STM32CubeIDE_1.12.1/STM32CubeIDE/plugins/com.st.stm32cube.ide.mcu.externaltools.gnu-tools-for-stm32.12.3.rel1.win32_1.1.0.202410251130/tools/bin/../lib/gcc/arm-none-eabi/12.3.1/../../../../arm-none-eabi/lib/thumb/v7-m/nofp\libc_nano.a(libc_a-reent.o)
                              C:/STM/STM32CubeIDE_1.12.1/STM32CubeIDE/plugins/com.st.stm32cube.ide.mcu.externaltools.gnu-tools-for-stm32.12.3.rel1.win32_1.1.0.202410251130/tools/bin/../lib/gcc/arm-none-eabi/12.3.1/../../../../arm-none-eabi/lib/thumb/v7-m/nofp\libc_nano.a(libc_a-closer.o) (errno)
C:/STM/STM32CubeIDE_1.12.1/STM32CubeIDE/plugins/com.st.stm32cube.ide.mcu.externaltools.gnu-tools-for-stm32.12.3.rel1.win32_1.1.0.202410251130/tools/bin/../lib/gcc/arm-none-eabi/12.3.1/../../../../arm-none-eabi/lib/thumb/v7-m/nofp\libc_nano.a(libc_a-impure.o)
                              C:/STM/STM32CubeIDE_1.12.1/STM32CubeIDE/plugins/com.st.stm32cube.ide.mcu.externaltools.gnu-tools-for-stm32.12.3.rel1.win32_1.1.0.202410251130/tools/bin/../lib/gcc/arm-none-eabi/12.3.1/../../../../arm-none-eabi/lib/thumb/v7-m/nofp\libc_nano.a(libc_a-reent.o) (_impure_ptr)
C:/STM/STM32CubeIDE_1.12.1/STM32CubeIDE/plugins/com.st.stm32cube.ide.mcu.externaltools.gnu-tools-for-stm32.12.3.rel1.win32_1.1.0.202410251130/tools/bin/../lib/gcc/arm-none-eabi/12.3.1/../../../../arm-none-eabi/lib/thumb/v7-m/nofp\libc_nano.a(libc_a-lseekr.o)
[...]
Memory Configuration

Name             Origin             Length             Attributes
RAM              0x20000000         0x00005000         xrw
FLASH            0x08000000         0x00010000         xr
*default*        0x00000000         0xffffffff

Linker script and memory map

LOAD C:/STM/STM32CubeIDE_1.12.1/STM32CubeIDE/plugins/com.st.stm32cube.ide.mcu.externaltools.gnu-tools-for-stm32.12.3.rel1.win32_1.1.0.202410251130/tools/bin/../lib/gcc/arm-none-eabi/12.3.1/thumb/v7-m/nofp/crti.o
LOAD C:/STM/STM32CubeIDE_1.12.1/STM32CubeIDE/plugins/com.st.stm32cube.ide.mcu.externaltools.gnu-tools-for-stm32.12.3.rel1.win32_1.1.0.202410251130/tools/bin/../lib/gcc/arm-none-eabi/12.3.1/thumb/v7-m/nofp/crtbegin.o
LOAD C:/STM/STM32CubeIDE_1.12.1/STM32CubeIDE/plugins/com.st.stm32cube.ide.mcu.externaltools.gnu-tools-for-stm32.12.3.rel1.win32_1.1.0.202410251130/tools/bin/../lib/gcc/arm-none-eabi/12.3.1/../../../../arm-none-eabi/lib/thumb/v7-m/nofp/crt0.o
LOAD ./Core/Hardware_Interface/Hardware_Interface.o
LOAD ./Core/Src/main.o
LOAD ./Core/Src/stm32f1xx_hal_msp.o
LOAD ./Core/Src/stm32f1xx_it.o
LOAD ./Core/Src/syscalls.o
LOAD ./Core/Src/sysmem.o
LOAD ./Core/Src/system_stm32f1xx.o
LOAD ./Core/Startup/startup_stm32f103c8tx.o
LOAD ./Drivers/STM32F1xx_HAL_Driver/Src/stm32f1xx_hal.o
LOAD ./Drivers/STM32F1xx_HAL_Driver/Src/stm32f1xx_hal_cortex.o
LOAD ./Drivers/STM32F1xx_HAL_Driver/Src/stm32f1xx_hal_dma.o
LOAD ./Drivers/STM32F1xx_HAL_Driver/Src/stm32f1xx_hal_exti.o
LOAD ./Drivers/STM32F1xx_HAL_Driver/Src/stm32f1xx_hal_flash.o
LOAD ./Drivers/STM32F1xx_HAL_Driver/Src/stm32f1xx_hal_flash_ex.o
LOAD ./Drivers/STM32F1xx_HAL_Driver/Src/stm32f1xx_hal_gpio.o
LOAD ./Drivers/STM32F1xx_HAL_Driver/Src/stm32f1xx_hal_gpio_ex.o
LOAD ./Drivers/STM32F1xx_HAL_Driver/Src/stm32f1xx_hal_pcd.o
LOAD ./Drivers/STM32F1xx_HAL_Driver/Src/stm32f1xx_hal_pcd_ex.o
LOAD ./Drivers/STM32F1xx_HAL_Driver/Src/stm32f1xx_hal_pwr.o
LOAD ./Drivers/STM32F1xx_HAL_Driver/Src/stm32f1xx_hal_rcc.o
LOAD ./Drivers/STM32F1xx_HAL_Driver/Src/stm32f1xx_hal_rcc_ex.o
LOAD ./Drivers/STM32F1xx_HAL_Driver/Src/stm32f1xx_hal_tim.o
LOAD ./Drivers/STM32F1xx_HAL_Driver/Src/stm32f1xx_hal_tim_ex.o
LOAD ./Drivers/STM32F1xx_HAL_Driver/Src/stm32f1xx_ll_usb.o
LOAD ./Drivers/SbW_Protocol/SbW_Protocol.o
LOAD ./Middlewares/ST/STM32_USB_Device_Library/Class/CDC/Src/usbd_cdc.o
LOAD ./Middlewares/ST/STM32_USB_Device_Library/Core/Src/usbd_core.o
LOAD ./Middlewares/ST/STM32_USB_Device_Library/Core/Src/usbd_ctlreq.o
LOAD ./Middlewares/ST/STM32_USB_Device_Library/Core/Src/usbd_ioreq.o
LOAD ./USB_DEVICE/App/usb_device.o
LOAD ./USB_DEVICE/App/usbd_cdc_if.o
LOAD ./USB_DEVICE/App/usbd_desc.o
LOAD ./USB_DEVICE/Target/usbd_conf.o
START GROUP
LOAD C:/STM/STM32CubeIDE_1.12.1/STM32CubeIDE/plugins/com.st.stm32cube.ide.mcu.externaltools.gnu-tools-for-stm32.12.3.rel1.win32_1.1.0.202410251130/tools/bin/../lib/gcc/arm-none-eabi/12.3.1/../../../../arm-none-eabi/lib/thumb/v7-m/nofp\libc_nano.a
LOAD C:/STM/STM32CubeIDE_1.12.1/STM32CubeIDE/plugins/com.st.stm32cube.ide.mcu.externaltools.gnu-tools-for-stm32.12.3.rel1.win32_1.1.0.202410251130/tools/bin/../lib/gcc/arm-none-eabi/12.3.1/../../../../arm-none-eabi/lib/thumb/v7-m/nofp\libm.a
END GROUP
START GROUP
LOAD C:/STM/STM32CubeIDE_1.12.1/STM32CubeIDE/plugins/com.st.stm32cube.ide.mcu.externaltools.gnu-tools-for-stm32.12.3.rel1.win32_1.1.0.202410251130/tools/bin/../lib/gcc/arm-none-eabi/12.3.1/thumb/v7-m/nofp\libgcc.a
LOAD C:/STM/STM32CubeIDE_1.12.1/STM32CubeIDE/plugins/com.st.stm32cube.ide.mcu.externaltools.gnu-tools-for-stm32.12.3.rel1.win32_1.1.0.202410251130/tools/bin/../lib/gcc/arm-none-eabi/12.3.1/../../../../arm-none-eabi/lib/thumb/v7-m/nofp\libc_nano.a
END GROUP
START GROUP
LOAD C:/STM/STM32CubeIDE_1.12.1/STM32CubeIDE/plugins/com.st.stm32cube.ide.mcu.externaltools.gnu-tools-for-stm32.12.3.rel1.win32_1.1.0.202410251130/tools/bin/../lib/gcc/arm-none-eabi/12.3.1/thumb/v7-m/nofp\libgcc.a
LOAD C:/STM/STM32CubeIDE_1.12.1/STM32CubeIDE/plugins/com.st.stm32cube.ide.mcu.externaltools.gnu-tools-for-stm32.12.3.rel1.win32_1.1.0.202410251130/tools/bin/../lib/gcc/arm-none-eabi/12.3.1/../../../../arm-none-eabi/lib/thumb/v7-m/nofp\libc_nano.a
LOAD C:/STM/STM32CubeIDE_1.12.1/STM32CubeIDE/plugins/com.st.stm32cube.ide.mcu.externaltools.gnu-tools-for-stm32.12.3.rel1.win32_1.1.0.202410251130/tools/bin/../lib/gcc/arm-none-eabi/12.3.1/../../../../arm-none-eabi/lib/thumb/v7-m/nofp\libnosys.a
END GROUP
START GROUP
LOAD C:/STM/STM32CubeIDE_1.12.1/STM32CubeIDE/plugins/com.st.stm32cube.ide.mcu.externaltools.gnu-tools-for-stm32.12.3.rel1.win32_1.1.0.202410251130/tools/bin/../lib/gcc/arm-none-eabi/12.3.1/thumb/v7-m/nofp\libgcc.a
LOAD C:/STM/STM32CubeIDE_1.12.1/STM32CubeIDE/plugins/com.st.stm32cube.ide.mcu.externaltools.gnu-tools-for-stm32.12.3.rel1.win32_1.1.0.202410251130/tools/bin/../lib/gcc/arm-none-eabi/12.3.1/../../../../arm-none-eabi/lib/thumb/v7-m/nofp\libc_nano.a
LOAD C:/STM/STM32CubeIDE_1.12.1/STM32CubeIDE/plugins/com.st.stm32cube.ide.mcu.externaltools.gnu-tools-for-stm32.12.3.rel1.win32_1.1.0.202410251130/tools/bin/../lib/gcc/arm-none-eabi/12.3.1/../../../../arm-none-eabi/lib/thumb/v7-m/nofp\libnosys.a
END GROUP
LOAD C:/STM/STM32CubeIDE_1.12.1/STM32CubeIDE/plugins/com.st.stm32cube.ide.mcu.externaltools.gnu-tools-for-stm32.12.3.rel1.win32_1.1.0.202410251130/tools/bin/../lib/gcc/arm-none-eabi/12.3.1/thumb/v7-m/nofp/crtend.o
LOAD C:/STM/STM32CubeIDE_1.12.1/STM32CubeIDE/plugins/com.st.stm32cube.ide.mcu.externaltools.gnu-tools-for-stm32.12.3.rel1.win32_1.1.0.202410251130/tools/bin/../lib/gcc/arm-none-eabi/12.3.1/thumb/v7-m/nofp/crtn.o
                0x20005000                        _estack = (ORIGIN (RAM) + LENGTH (RAM))
                0x00000200                        _Min_Heap_Size = 0x200
                0x00000400                        _Min_Stack_Size = 0x400

.isr_vector     0x08000000      0x10c
                0x08000000                        . = ALIGN (0x4)
 *(.isr_vector)
 .isr_vector    0x08000000      0x10c ./Core/Startup/startup_stm32f103c8tx.o
                0x08000000                g_pfnVectors
                0x0800010c                        . = ALIGN (0x4)

.text           0x0800010c     0x72ec
                0x0800010c                        . = ALIGN (0x4)
 *(.text)
 .text          0x0800010c       0x40 C:/STM/STM32CubeIDE_1.12.1/STM32CubeIDE/plugins/com.st.stm32cube.ide.mcu.externaltools.gnu-tools-for-stm32.12.3.rel1.win32_1.1.0.202410251130/tools/bin/../lib/gcc/arm-none-eabi/12.3.1/thumb/v7-m/nofp/crtbegin.o
 *(.text*)
 .text.SbW_Protocol_Reply
                0x0800014c       0x1e ./Core/Hardware_Interface/Hardware_Interface.o
                0x0800014c                SbW_Protocol_Reply
 .text.main     0x0800016a       0x18 ./Core/Src/main.o
                0x0800016a                main
 .text.SystemClock_Config
                0x08000182       0xb6 ./Core/Src/main.o
                0x08000182                SystemClock_Config
 .text.MX_GPIO_Init
                0x08000238       0x44 ./Core/Src/main.o
 .text.App_User_Callback
                0x0800027c       0x14 ./Core/Src/main.o
                0x0800027c                App_User_Callback
 .text.Error_Handler
                0x08000290        0xc ./Core/Src/main.o
                0x08000290                Error_Handler
 .text.HAL_MspInit
                0x0800029c       0x64 ./Core/Src/stm32f1xx_hal_msp.o
                0x0800029c                HAL_MspInit
 .text.NMI_Handler
                0x08000300        0x8 ./Core/Src/stm32f1xx_it.o
                0x08000300                NMI_Handler
 .text.HardFault_Handler
                0x08000308        0x8 ./Core/Src/stm32f1xx_it.o
                0x08000308                HardFault_Handler
 .text.MemManage_Handler
                0x08000310        0x8 ./Core/Src/stm32f1xx_it.o
                0x08000310                MemManage_Handler
 .text.BusFault_Handler
                0x08000318        0x8 ./Core/Src/stm32f1xx_it.o
                0x08000318                BusFault_Handler
 .text.UsageFault_Handler
                0x08000320        0x8 ./Core/Src/stm32f1xx_it.o
                0x08000320                UsageFault_Handler
 .text.SVC_Handler
                0x08000328        0xc ./Core/Src/stm32f1xx_it.o
                0x08000328                SVC_Handler
 .text.DebugMon_Handler
                0x08000334        0xc ./Core/Src/stm32f1xx_it.o
                0x08000334                DebugMon_Handler
 .text.PendSV_Handler
                0x08000340        0xc ./Core/Src/stm32f1xx_it.o
                0x08000340                PendSV_Handler
 .text.SysTick_Handler
                0x0800034c        0xc ./Core/Src/stm32f1xx_it.o
                0x0800034c                SysTick_Handler
 .text.USB_LP_CAN1_RX0_IRQHandler
                0x08000358       0x14 ./Core/Src/stm32f1xx_it.o
                0x08000358                USB_LP_CAN1_RX0_IRQHandler
 .text.SystemInit
                0x0800036c        0xc ./Core/Src/system_stm32f1xx.o
                0x0800036c                SystemInit
 .text.Reset_Handler
                0x08000378       0x48 ./Core/Startup/startup_stm32f103c8tx.o
                0x08000378                Reset_Handler
 .text.Default_Handler
                0x080003c0        0x2 ./Core/Startup/startup_stm32f103c8tx.o
                0x080003c0                RTC_Alarm_IRQHandler
                0x080003c0                EXTI2_IRQHandler
                0x080003c0                TIM1_CC_IRQHandler
                0x080003c0                PVD_IRQHandler
                0x080003c0                EXTI3_IRQHandler
                0x080003c0                EXTI0_IRQHandler
                0x080003c0                I2C2_EV_IRQHandler
                0x080003c0                ADC1_2_IRQHandler
                0x080003c0                SPI1_IRQHandler
                0x080003c0                TAMPER_IRQHandler
                0x080003c0                DMA1_Channel4_IRQHandler
                0x080003c0                USART3_IRQHandler
                0x080003c0                RTC_IRQHandler
                0x080003c0                DMA1_Channel7_IRQHandler
                0x080003c0                CAN1_RX1_IRQHandler
                0x080003c0                TIM4_IRQHandler
                0x080003c0                I2C1_EV_IRQHandler
                0x080003c0                DMA1_Channel6_IRQHandler
                0x080003c0                TIM3_IRQHandler
                0x080003c0                RCC_IRQHandler
                0x080003c0                TIM1_TRG_COM_IRQHandler
                0x080003c0                DMA1_Channel1_IRQHandler
                0x080003c0                Default_Handler
                0x080003c0                EXTI15_10_IRQHandler
                0x080003c0                EXTI9_5_IRQHandler
                0x080003c0                SPI2_IRQHandler
                0x080003c0                DMA1_Channel5_IRQHandler
                0x080003c0                EXTI4_IRQHandler
                0x080003c0                USB_HP_CAN1_TX_IRQHandler
                0x080003c0                DMA1_Channel3_IRQHandler
                0x080003c0                TIM1_UP_IRQHandler
                0x080003c0                WWDG_IRQHandler
                0x080003c0                TIM2_IRQHandler
                0x080003c0                TIM1_BRK_IRQHandler
                0x080003c0                EXTI1_IRQHandler
                0x080003c0                USART2_IRQHandler
                0x080003c0                I2C2_ER_IRQHandler
                0x080003c0                DMA1_Channel2_IRQHandler
                0x080003c0                CAN1_SCE_IRQHandler
                0x080003c0                FLASH_IRQHandler
                0x080003c0                USART1_IRQHandler
                0x080003c0                I2C1_ER_IRQHandler
                0x080003c0                USBWakeUp_IRQHandler
 *fill*         0x080003c2        0x2 
 .text.HAL_Init
                0x080003c4       0x2c ./Drivers/STM32F1xx_HAL_Driver/Src/stm32f1xx_hal.o
                0x080003c4                HAL_Init
 .text.HAL_InitTick
                0x080003f0       0x60 ./Drivers/STM32F1xx_HAL_Driver/Src/stm32f1xx_hal.o
                0x080003f0                HAL_InitTick
 .text.HAL_IncTick
                0x08000450       0x24 ./Drivers/STM32F1xx_HAL_Driver/Src/stm32f1xx_hal.o
                0x08000450                HAL_IncTick
 .text.HAL_GetTick
                0x08000474       0x14 ./Drivers/STM32F1xx_HAL_Driver/Src/stm32f1xx_hal.o
                0x08000474                HAL_GetTick
 .text.__NVIC_SetPriorityGrouping
                0x08000488       0x48 ./Drivers/STM32F1xx_HAL_Driver/Src/stm32f1xx_hal_cortex.o
 .text.__NVIC_GetPriorityGrouping
                0x080004d0       0x1c ./Drivers/STM32F1xx_HAL_Driver/Src/stm32f1xx_hal_cortex.o
 .text.__NVIC_EnableIRQ
                0x080004ec       0x38 ./Drivers/STM32F1xx_HAL_Driver/Src/stm32f1xx_hal_cortex.o
 .text.__NVIC_SetPriority
                0x08000524       0x54 ./Drivers/STM32F1xx_HAL_Driver/Src/stm32f1xx_hal_cortex.o
 .text.NVIC_EncodePriority
                0x08000578       0x64 ./Drivers/STM32F1xx_HAL_Driver/Src/stm32f1xx_hal_cortex.o
 .text.SysTick_Config
                0x080005dc       0x44 ./Drivers/STM32F1xx_HAL_Driver/Src/stm32f1xx_hal_cortex.o
 .text.HAL_NVIC_SetPriorityGrouping
                0x08000620       0x16 ./Drivers/STM32F1xx_HAL_Driver/Src/stm32f1xx_hal_cortex.o
                0x08000620                HAL_NVIC_SetPriorityGrouping
 .text.HAL_NVIC_SetPriority
                0x08000636       0x38 ./Drivers/STM32F1xx_HAL_Driver/Src/stm32f1xx_hal_cortex.o
                0x08000636                HAL_NVIC_SetPriority
 .text.HAL_NVIC_EnableIRQ
                0x0800066e       0x1c ./Drivers/STM32F1xx_HAL_Driver/Src/stm32f1xx_hal_cortex.o
                0x0800066e                HAL_NVIC_EnableIRQ
 .text.HAL_SYSTICK_Config
                0x0800068a       0x18 ./Drivers/STM32F1xx_HAL_Driver/Src/stm32f1xx_hal_cortex.o
                0x0800068a                HAL_SYSTICK_Config
 .text.HAL_PCD_Init
                0x080006a2      0x1ec ./Drivers/STM32F1xx_HAL_Driver/Src/stm32f1xx_hal_pcd.o
                0x080006a2                HAL_PCD_Init
 .text.HAL_PCD_Start
                0x0800088e       0x4c ./Drivers/STM32F1xx_HAL_Driver/Src/stm32f1xx_hal_pcd.o
                0x0800088e                HAL_PCD_Start
 .text.HAL_PCD_IRQHandler
                0x080008da      0x260 ./Drivers/STM32F1xx_HAL_Driver/Src/stm32f1xx_hal_pcd.o
                0x080008da                HAL_PCD_IRQHandler
 .text.HAL_PCD_SetAddress
                0x08000b3a       0x48 ./Drivers/STM32F1xx_HAL_Driver/Src/stm32f1xx_hal_pcd.o
                0x08000b3a                HAL_PCD_SetAddress
 .text.HAL_PCD_EP_Open
                0x08000b82       0xba ./Drivers/STM32F1xx_HAL_Driver/Src/stm32f1xx_hal_pcd.o
                0x08000b82                HAL_PCD_EP_Open
 .text.HAL_PCD_EP_Close
                0x08000c3c       0x90 ./Drivers/STM32F1xx_HAL_Driver/Src/stm32f1xx_hal_pcd.o
                0x08000c3c                HAL_PCD_EP_Close
 .text.HAL_PCD_EP_Receive
                0x08000ccc       0x62 ./Drivers/STM32F1xx_HAL_Driver/Src/stm32f1xx_hal_pcd.o
                0x08000ccc                HAL_PCD_EP_Receive
 .text.HAL_PCD_EP_GetRxCount
                0x08000d2e       0x2e ./Drivers/STM32F1xx_HAL_Driver/Src/stm32f1xx_hal_pcd.o
                0x08000d2e                HAL_PCD_EP_GetRxCount
 .text.HAL_PCD_EP_Transmit
                0x08000d5c       0x6e ./Drivers/STM32F1xx_HAL_Driver/Src/stm32f1xx_hal_pcd.o
                0x08000d5c                HAL_PCD_EP_Transmit
 .text.HAL_PCD_EP_SetStall
                0x08000dca       0xc0 ./Drivers/STM32F1xx_HAL_Driver/Src/stm32f1xx_hal_pcd.o
                0x08000dca                HAL_PCD_EP_SetStall
 .text.HAL_PCD_EP_ClrStall
                0x08000e8a       0xa8 ./Drivers/STM32F1xx_HAL_Driver/Src/stm32f1xx_hal_pcd.o
                0x08000e8a                HAL_PCD_EP_ClrStall
 .text.PCD_EP_ISR_Handler
                0x08000f32      0x79e ./Drivers/STM32F1xx_HAL_Driver/Src/stm32f1xx_hal_pcd.o
 .text.HAL_PCD_EP_DB_Receive
                0x080016d0      0x21a ./Drivers/STM32F1xx_HAL_Driver/Src/stm32f1xx_hal_pcd.o
 .text.HAL_PCD_EP_DB_Transmit
                0x080018ea      0x7f4 ./Drivers/STM32F1xx_HAL_Driver/Src/stm32f1xx_hal_pcd.o
 .text.HAL_PCDEx_PMAConfig
                0x080020de       0x84 ./Drivers/STM32F1xx_HAL_Driver/Src/stm32f1xx_hal_pcd_ex.o
                0x080020de                HAL_PCDEx_PMAConfig
 *fill*         0x08002162        0x2 
 .text.HAL_RCC_OscConfig
                0x08002164      0x504 ./Drivers/STM32F1xx_HAL_Driver/Src/stm32f1xx_hal_rcc.o
                0x08002164                HAL_RCC_OscConfig
 .text.HAL_RCC_ClockConfig
                0x08002668      0x1d4 ./Drivers/STM32F1xx_HAL_Driver/Src/stm32f1xx_hal_rcc.o
                0x08002668                HAL_RCC_ClockConfig
 .text.HAL_RCC_GetSysClockFreq
                0x0800283c       0xa8 ./Drivers/STM32F1xx_HAL_Driver/Src/stm32f1xx_hal_rcc.o
                0x0800283c                HAL_RCC_GetSysClockFreq
 .text.RCC_Delay
                0x080028e4       0x3c ./Drivers/STM32F1xx_HAL_Driver/Src/stm32f1xx_hal_rcc.o
 .text.HAL_RCCEx_PeriphCLKConfig
                0x08002920      0x16c ./Drivers/STM32F1xx_HAL_Driver/Src/stm32f1xx_hal_rcc_ex.o
                0x08002920                HAL_RCCEx_PeriphCLKConfig
 .text.USB_CoreInit
                0x08002a8c       0x1a ./Drivers/STM32F1xx_HAL_Driver/Src/stm32f1xx_ll_usb.o
                0x08002a8c                USB_CoreInit
 .text.USB_EnableGlobalInt
                0x08002aa6       0x2c ./Drivers/STM32F1xx_HAL_Driver/Src/stm32f1xx_ll_usb.o
                0x08002aa6                USB_EnableGlobalInt
 .text.USB_DisableGlobalInt
                0x08002ad2       0x34 ./Drivers/STM32F1xx_HAL_Driver/Src/stm32f1xx_ll_usb.o
                0x08002ad2                USB_DisableGlobalInt
 .text.USB_SetCurrentMode
                0x08002b06       0x18 ./Drivers/STM32F1xx_HAL_Driver/Src/stm32f1xx_ll_usb.o
                0x08002b06                USB_SetCurrentMode
 .text.USB_DevInit
                0x08002b1e       0x3a ./Drivers/STM32F1xx_HAL_Driver/Src/stm32f1xx_ll_usb.o
                0x08002b1e                USB_DevInit
 .text.USB_ActivateEndpoint
                0x08002b58      0x780 ./Drivers/STM32F1xx_HAL_Driver/Src/stm32f1xx_ll_usb.o
                0x08002b58                USB_ActivateEndpoint
 .text.USB_DeactivateEndpoint
                0x080032d8      0x3d8 ./Drivers/STM32F1xx_HAL_Driver/Src/stm32f1xx_ll_usb.o
                0x080032d8                USB_DeactivateEndpoint
 .text.USB_EPStartXfer
                0x080036b0     0x1762 ./Drivers/STM32F1xx_HAL_Driver/Src/stm32f1xx_ll_usb.o
                0x080036b0                USB_EPStartXfer
 .text.USB_EPSetStall
                0x08004e12       0xa0 ./Drivers/STM32F1xx_HAL_Driver/Src/stm32f1xx_ll_usb.o
                0x08004e12                USB_EPSetStall
 .text.USB_EPClearStall
                0x08004eb2      0x15a ./Drivers/STM32F1xx_HAL_Driver/Src/stm32f1xx_ll_usb.o
                0x08004eb2                USB_EPClearStall
 .text.USB_SetDevAddress
                0x0800500c       0x26 ./Drivers/STM32F1xx_HAL_Driver/Src/stm32f1xx_ll_usb.o
                0x0800500c                USB_SetDevAddress
 .text.USB_DevConnect
                0x08005032       0x14 ./Drivers/STM32F1xx_HAL_Driver/Src/stm32f1xx_ll_usb.o
                0x08005032                USB_DevConnect
 .text.USB_DevDisconnect
                0x08005046       0x14 ./Drivers/STM32F1xx_HAL_Driver/Src/stm32f1xx_ll_usb.o
                0x08005046                USB_DevDisconnect
 .text.USB_ReadInterrupts
                0x0800505a       0x1e ./Drivers/STM32F1xx_HAL_Driver/Src/stm32f1xx_ll_usb.o
                0x0800505a                USB_ReadInterrupts
 .text.USB_EP0_OutStart
                0x08005078       0x16 ./Drivers/STM32F1xx_HAL_Driver/Src/stm32f1xx_ll_usb.o
                0x08005078                USB_EP0_OutStart
 .text.USB_WritePMA
                0x0800508e       0x8a ./Drivers/STM32F1xx_HAL_Driver/Src/stm32f1xx_ll_usb.o
                0x0800508e                USB_WritePMA
 .text.USB_ReadPMA
                0x08005118       0x9e ./Drivers/STM32F1xx_HAL_Driver/Src/stm32f1xx_ll_usb.o
                0x08005118                USB_ReadPMA
 .text.CRC16    0x080051b6       0x40 ./Drivers/SbW_Protocol/SbW_Protocol.o
 .text.SbW_Request_Received_CB
                0x080051f6      0x170 ./Drivers/SbW_Protocol/SbW_Protocol.o
                0x080051f6                SbW_Request_Received_CB
 .text.USBD_CDC_Init
                0x08005366       0xf4 ./Middlewares/ST/STM32_USB_Device_Library/Class/CDC/Src/usbd_cdc.o
 .text.USBD_CDC_DeInit
                0x0800545a       0x6e ./Middlewares/ST/STM32_USB_Device_Library/Class/CDC/Src/usbd_cdc.o
 .text.USBD_CDC_Setup
                0x080054c8      0x146 ./Middlewares/ST/STM32_USB_Device_Library/Class/CDC/Src/usbd_cdc.o
 .text.USBD_CDC_DataIn
                0x0800560e       0xa6 ./Middlewares/ST/STM32_USB_Device_Library/Class/CDC/Src/usbd_cdc.o
 .text.USBD_CDC_DataOut
                0x080056b4       0x56 ./Middlewares/ST/STM32_USB_Device_Library/Class/CDC/Src/usbd_cdc.o
 .text.USBD_CDC_EP0_RxReady
                0x0800570a       0x4e ./Middlewares/ST/STM32_USB_Device_Library/Class/CDC/Src/usbd_cdc.o
 .text.USBD_CDC_GetFSCfgDesc
                0x08005758       0x20 ./Middlewares/ST/STM32_USB_Device_Library/Class/CDC/Src/usbd_cdc.o
 .text.USBD_CDC_GetHSCfgDesc
                0x08005778       0x20 ./Middlewares/ST/STM32_USB_Device_Library/Class/CDC/Src/usbd_cdc.o
 .text.USBD_CDC_GetOtherSpeedCfgDesc
                0x08005798       0x20 ./Middlewares/ST/STM32_USB_Device_Library/Class/CDC/Src/usbd_cdc.o
 .text.USBD_CDC_GetDeviceQualifierDescriptor
                0x080057b8       0x20 ./Middlewares/ST/STM32_USB_Device_Library/Class/CDC/Src/usbd_cdc.o
                0x080057b8                USBD_CDC_GetDeviceQualifierDescriptor
 .text.USBD_CDC_RegisterInterface
                0x080057d8       0x2c ./Middlewares/ST/STM32_USB_Device_Library/Class/CDC/Src/usbd_cdc.o
                0x080057d8                USBD_CDC_RegisterInterface
 .text.USBD_CDC_SetTxBuffer
                0x08005804       0x32 ./Middlewares/ST/STM32_USB_Device_Library/Class/CDC/Src/usbd_cdc.o
                0x08005804                USBD_CDC_SetTxBuffer
 .text.USBD_CDC_SetRxBuffer
                0x08005836       0x26 ./Middlewares/ST/STM32_USB_Device_Library/Class/CDC/Src/usbd_cdc.o
                0x08005836                USBD_CDC_SetRxBuffer
 .text.USBD_CDC_TransmitPacket
                0x0800585c       0x5e ./Middlewares/ST/STM32_USB_Device_Library/Class/CDC/Src/usbd_cdc.o
                0x0800585c                USBD_CDC_TransmitPacket
 .text.USBD_CDC_ReceivePacket
                0x080058ba       0x54 ./Middlewares/ST/STM32_USB_Device_Library/Class/CDC/Src/usbd_cdc.o
                0x080058ba                USBD_CDC_ReceivePacket
 .text.USBD_Init
                0x0800590e       0x56 ./Middlewares/ST/STM32_USB_Device_Library/Core/Src/usbd_core.o
                0x0800590e                USBD_Init
 .text.USBD_RegisterClass
                0x08005964       0x32 ./Middlewares/ST/STM32_USB_Device_Library/Core/Src/usbd_core.o
                0x08005964                USBD_RegisterClass
 .text.USBD_Start
                0x08005996       0x18 ./Middlewares/ST/STM32_USB_Device_Library/Core/Src/usbd_core.o
                0x08005996                USBD_Start
 .text.USBD_RunTestMode
                0x080059ae       0x14 ./Middlewares/ST/STM32_USB_Device_Library/Core/Src/usbd_core.o
                0x080059ae                USBD_RunTestMode
 .text.USBD_SetClassConfig
                0x080059c2       0x3e ./Middlewares/ST/STM32_USB_Device_Library/Core/Src/usbd_core.o
                0x080059c2                USBD_SetClassConfig
 .text.USBD_ClrClassConfig
                0x08005a00       0x26 ./Middlewares/ST/STM32_USB_Device_Library/Core/Src/usbd_core.o
                0x08005a00                USBD_ClrClassConfig
 .text.USBD_LL_SetupStage
                0x08005a26       0x9a ./Middlewares/ST/STM32_USB_Device_Library/Core/Src/usbd_core.o
                0x08005a26                USBD_LL_SetupStage
 .text.USBD_LL_DataOutStage
                0x08005ac0       0xe2 ./Middlewares/ST/STM32_USB_Device_Library/Core/Src/usbd_core.o
                0x08005ac0                USBD_LL_DataOutStage
 .text.USBD_LL_DataInStage
                0x08005ba2      0x14a ./Middlewares/ST/STM32_USB_Device_Library/Core/Src/usbd_core.o
                0x08005ba2                USBD_LL_DataInStage
 .text.USBD_LL_Reset
                0x08005cec       0x82 ./Middlewares/ST/STM32_USB_Device_Library/Core/Src/usbd_core.o
                0x08005cec                USBD_LL_Reset
 .text.USBD_LL_SetSpeed
                0x08005d6e       0x1e ./Middlewares/ST/STM32_USB_Device_Library/Core/Src/usbd_core.o
                0x08005d6e                USBD_LL_SetSpeed
 .text.USBD_LL_Suspend
                0x08005d8c       0x28 ./Middlewares/ST/STM32_USB_Device_Library/Core/Src/usbd_core.o
                0x08005d8c                USBD_LL_Suspend
 .text.USBD_LL_Resume
                0x08005db4       0x2a ./Middlewares/ST/STM32_USB_Device_Library/Core/Src/usbd_core.o
                0x08005db4                USBD_LL_Resume
 .text.USBD_LL_SOF
                0x08005dde       0x34 ./Middlewares/ST/STM32_USB_Device_Library/Core/Src/usbd_core.o
                0x08005dde                USBD_LL_SOF
 *fill*         0x08005e12        0x2 
 .text.USBD_StdDevReq
                0x08005e14       0xd4 ./Middlewares/ST/STM32_USB_Device_Library/Core/Src/usbd_ctlreq.o
                0x08005e14                USBD_StdDevReq
 .text.USBD_StdItfReq
                0x08005ee8       0x90 ./Middlewares/ST/STM32_USB_Device_Library/Core/Src/usbd_ctlreq.o
                0x08005ee8                USBD_StdItfReq
 .text.USBD_StdEPReq
                0x08005f78      0x2c6 ./Middlewares/ST/STM32_USB_Device_Library/Core/Src/usbd_ctlreq.o
                0x08005f78                USBD_StdEPReq
 *fill*         0x0800623e        0x2 
 .text.USBD_GetDescriptor
                0x08006240      0x2d0 ./Middlewares/ST/STM32_USB_Device_Library/Core/Src/usbd_ctlreq.o
 .text.USBD_SetAddress
                0x08006510       0x86 ./Middlewares/ST/STM32_USB_Device_Library/Core/Src/usbd_ctlreq.o
 *fill*         0x08006596        0x2 
 .text.USBD_SetConfig
                0x08006598      0x11c ./Middlewares/ST/STM32_USB_Device_Library/Core/Src/usbd_ctlreq.o
 .text.USBD_GetConfig
                0x080066b4       0x6a ./Middlewares/ST/STM32_USB_Device_Library/Core/Src/usbd_ctlreq.o
 .text.USBD_GetStatus
                0x0800671e       0x66 ./Middlewares/ST/STM32_USB_Device_Library/Core/Src/usbd_ctlreq.o
 .text.USBD_SetFeature
                0x08006784       0x28 ./Middlewares/ST/STM32_USB_Device_Library/Core/Src/usbd_ctlreq.o
 .text.USBD_ClrFeature
                0x080067ac       0x42 ./Middlewares/ST/STM32_USB_Device_Library/Core/Src/usbd_ctlreq.o
 .text.USBD_ParseSetupRequest
                0x080067ee       0x72 ./Middlewares/ST/STM32_USB_Device_Library/Core/Src/usbd_ctlreq.o
                0x080067ee                USBD_ParseSetupRequest
 .text.USBD_CtlError
                0x08006860       0x22 ./Middlewares/ST/STM32_USB_Device_Library/Core/Src/usbd_ctlreq.o
                0x08006860                USBD_CtlError
 .text.USBD_GetString
                0x08006882       0x84 ./Middlewares/ST/STM32_USB_Device_Library/Core/Src/usbd_ctlreq.o
                0x08006882                USBD_GetString
 .text.USBD_GetLen
                0x08006906       0x2e ./Middlewares/ST/STM32_USB_Device_Library/Core/Src/usbd_ctlreq.o
 .text.USBD_CtlSendData
                0x08006934       0x38 ./Middlewares/ST/STM32_USB_Device_Library/Core/Src/usbd_ioreq.o
                0x08006934                USBD_CtlSendData
 .text.USBD_CtlContinueSendData
                0x0800696c       0x24 ./Middlewares/ST/STM32_USB_Device_Library/Core/Src/usbd_ioreq.o
                0x0800696c                USBD_CtlContinueSendData
 .text.USBD_CtlPrepareRx
                0x08006990       0x3c ./Middlewares/ST/STM32_USB_Device_Library/Core/Src/usbd_ioreq.o
                0x08006990                USBD_CtlPrepareRx
 .text.USBD_CtlContinueRx
                0x080069cc       0x24 ./Middlewares/ST/STM32_USB_Device_Library/Core/Src/usbd_ioreq.o
                0x080069cc                USBD_CtlContinueRx
 .text.USBD_CtlSendStatus
                0x080069f0       0x26 ./Middlewares/ST/STM32_USB_Device_Library/Core/Src/usbd_ioreq.o
                0x080069f0                USBD_CtlSendStatus
 .text.USBD_CtlReceiveStatus
                0x08006a16       0x26 ./Middlewares/ST/STM32_USB_Device_Library/Core/Src/usbd_ioreq.o
                0x08006a16                USBD_CtlReceiveStatus
 .text.MX_USB_DEVICE_Init
                0x08006a3c       0x60 ./USB_DEVICE/App/usb_device.o
                0x08006a3c                MX_USB_DEVICE_Init
 .text.CDC_Init_FS
                0x08006a9c       0x28 ./USB_DEVICE/App/usbd_cdc_if.o
 .text.CDC_DeInit_FS
                0x08006ac4        0xe ./USB_DEVICE/App/usbd_cdc_if.o
 *fill*         0x08006ad2        0x2 
 .text.CDC_Control_FS
                0x08006ad4       0xbc ./USB_DEVICE/App/usbd_cdc_if.o
 .text.CDC_Receive_FS
                0x08006b90       0x3c ./USB_DEVICE/App/usbd_cdc_if.o
 .text.CDC_Transmit_FS
                0x08006bcc       0x4c ./USB_DEVICE/App/usbd_cdc_if.o
                0x08006bcc                CDC_Transmit_FS
 .text.USBD_FS_DeviceDescriptor
                0x08006c18       0x24 ./USB_DEVICE/App/usbd_desc.o
                0x08006c18                USBD_FS_DeviceDescriptor
 .text.USBD_FS_LangIDStrDescriptor
                0x08006c3c       0x24 ./USB_DEVICE/App/usbd_desc.o
                0x08006c3c                USBD_FS_LangIDStrDescriptor
 .text.USBD_FS_ProductStrDescriptor
                0x08006c60       0x3c ./USB_DEVICE/App/usbd_desc.o
                0x08006c60                USBD_FS_ProductStrDescriptor
 .text.USBD_FS_ManufacturerStrDescriptor
                0x08006c9c       0x28 ./USB_DEVICE/App/usbd_desc.o
                0x08006c9c                USBD_FS_ManufacturerStrDescriptor
 .text.USBD_FS_SerialStrDescriptor
                0x08006cc4       0x24 ./USB_DEVICE/App/usbd_desc.o
                0x08006cc4                USBD_FS_SerialStrDescriptor
 .text.USBD_FS_ConfigStrDescriptor
                0x08006ce8       0x3c ./USB_DEVICE/App/usbd_desc.o
                0x08006ce8                USBD_FS_ConfigStrDescriptor
 .text.USBD_FS_InterfaceStrDescriptor
                0x08006d24       0x3c ./USB_DEVICE/App/usbd_desc.o
                0x08006d24                USBD_FS_InterfaceStrDescriptor
 .text.Get_SerialNum
                0x08006d60       0x58 ./USB_DEVICE/App/usbd_desc.o
 .text.IntToUnicode
                0x08006db8       0x7c ./USB_DEVICE/App/usbd_desc.o
 .text.HAL_PCD_MspInit
                0x08006e34       0x4c ./USB_DEVICE/Target/usbd_conf.o
                0x08006e34                HAL_PCD_MspInit
 .text.HAL_PCD_SetupStageCallback
                0x08006e80       0x24 ./USB_DEVICE/Target/usbd_conf.o
                0x08006e80                HAL_PCD_SetupStageCallback
 .text.HAL_PCD_DataOutStageCallback
                0x08006ea4       0x36 ./USB_DEVICE/Target/usbd_conf.o
                0x08006ea4                HAL_PCD_DataOutStageCallback
 .text.HAL_PCD_DataInStageCallback
                0x08006eda       0x34 ./USB_DEVICE/Target/usbd_conf.o
                0x08006eda                HAL_PCD_DataInStageCallback
 .text.HAL_PCD_SOFCallback
                0x08006f0e       0x1c ./USB_DEVICE/Target/usbd_conf.o
                0x08006f0e                HAL_PCD_SOFCallback
 .text.HAL_PCD_ResetCallback
                0x08006f2a       0x3c ./USB_DEVICE/Target/usbd_conf.o
                0x08006f2a                HAL_PCD_ResetCallback
 *fill*         0x08006f66        0x2 
 .text.HAL_PCD_SuspendCallback
                0x08006f68       0x34 ./USB_DEVICE/Target/usbd_conf.o
                0x08006f68                HAL_PCD_SuspendCallback
 .text.HAL_PCD_ResumeCallback
                0x08006f9c       0x1c ./USB_DEVICE/Target/usbd_conf.o
                0x08006f9c                HAL_PCD_ResumeCallback
 .text.USBD_LL_Init
                0x08006fb8       0xb4 ./USB_DEVICE/Target/usbd_conf.o
                0x08006fb8                USBD_LL_Init
 .text.USBD_LL_Start
                0x0800706c       0x36 ./USB_DEVICE/Target/usbd_conf.o
                0x0800706c                USBD_LL_Start
 .text.USBD_LL_OpenEP
                0x080070a2       0x4c ./USB_DEVICE/Target/usbd_conf.o
                0x080070a2                USBD_LL_OpenEP
 .text.USBD_LL_CloseEP
                0x080070ee       0x3e ./USB_DEVICE/Target/usbd_conf.o
                0x080070ee                USBD_LL_CloseEP
 .text.USBD_LL_StallEP
                0x0800712c       0x3e ./USB_DEVICE/Target/usbd_conf.o
                0x0800712c                USBD_LL_StallEP
 .text.USBD_LL_ClearStallEP
                0x0800716a       0x3e ./USB_DEVICE/Target/usbd_conf.o
                0x0800716a                USBD_LL_ClearStallEP
 .text.USBD_LL_IsStallEP
                0x080071a8       0x56 ./USB_DEVICE/Target/usbd_conf.o
                0x080071a8                USBD_LL_IsStallEP
 .text.USBD_LL_SetUSBAddress
                0x080071fe       0x3e ./USB_DEVICE/Target/usbd_conf.o
                0x080071fe                USBD_LL_SetUSBAddress
 .text.USBD_LL_Transmit
                0x0800723c       0x46 ./USB_DEVICE/Target/usbd_conf.o
                0x0800723c                USBD_LL_Transmit
 .text.USBD_LL_PrepareReceive
                0x08007282       0x46 ./USB_DEVICE/Target/usbd_conf.o
                0x08007282                USBD_LL_PrepareReceive
 .text.USBD_LL_GetRxDataSize
                0x080072c8       0x26 ./USB_DEVICE/Target/usbd_conf.o
                0x080072c8                USBD_LL_GetRxDataSize
 *fill*         0x080072ee        0x2 
 .text.USBD_static_malloc
                0x080072f0       0x18 ./USB_DEVICE/Target/usbd_conf.o
                0x080072f0                USBD_static_malloc
 .text.USBD_static_free
                0x08007308       0x12 ./USB_DEVICE/Target/usbd_conf.o
                0x08007308                USBD_static_free
 .text.HAL_PCDEx_SetConnectionState
                0x0800731a       0x16 ./USB_DEVICE/Target/usbd_conf.o
                0x0800731a                HAL_PCDEx_SetConnectionState
 .text.USBD_Get_USB_Status
                0x08007330       0x58 ./USB_DEVICE/Target/usbd_conf.o
 .text.memset   0x08007388       0x10 C:/STM/STM32CubeIDE_1.12.1/STM32CubeIDE/plugins/com.st.stm32cube.ide.mcu.externaltools.gnu-tools-for-stm32.12.3.rel1.win32_1.1.0.202410251130/tools/bin/../lib/gcc/arm-none-eabi/12.3.1/../../../../arm-none-eabi/lib/thumb/v7-m/nofp\libc_nano.a(libc_a-memset.o)
                0x08007388                memset
 .text.__libc_init_array
                0x08007398       0x48 C:/STM/STM32CubeIDE_1.12.1/STM32CubeIDE/plugins/com.st.stm32cube.ide.mcu.externaltools.gnu-tools-for-stm32.12.3.rel1.win32_1.1.0.202410251130/tools/bin/../lib/gcc/arm-none-eabi/12.3.1/../../../../arm-none-eabi/lib/thumb/v7-m/nofp\libc_nano.a(libc_a-init.o)
                0x08007398                __libc_init_array
 *(.glue_7)
 .glue_7        0x080073e0        0x0 linker stubs
 *(.glue_7t)
 .glue_7t       0x080073e0        0x0 linker stubs
 *(.eh_frame)
 .eh_frame      0x080073e0        0x0 C:/STM/STM32CubeIDE_1.12.1/STM32CubeIDE/plugins/com.st.stm32cube.ide.mcu.externaltools.gnu-tools-for-stm32.12.3.rel1.win32_1.1.0.202410251130/tools/bin/../lib/gcc/arm-none-eabi/12.3.1/thumb/v7-m/nofp/crtbegin.o
 *(.init)
 .init          0x080073e0        0x4 C:/STM/STM32CubeIDE_1.12.1/STM32CubeIDE/plugins/com.st.stm32cube.ide.mcu.externaltools.gnu-tools-for-stm32.12.3.rel1.win32_1.1.0.202410251130/tools/bin/../lib/gcc/arm-none-eabi/12.3.1/thumb/v7-m/nofp/crti.o
                0x080073e0                _init
 .init          0x080073e4        0x8 C:/STM/STM32CubeIDE_1.12.1/STM32CubeIDE/plugins/com.st.stm32cube.ide.mcu.externaltools.gnu-tools-for-stm32.12.3.rel1.win32_1.1.0.202410251130/tools/bin/../lib/gcc/arm-none-eabi/12.3.1/thumb/v7-m/nofp/crtn.o
 *(.fini)
 .fini          0x080073ec        0x4 C:/STM/STM32CubeIDE_1.12.1/STM32CubeIDE/plugins/com.st.stm32cube.ide.mcu.externaltools.gnu-tools-for-stm32.12.3.rel1.win32_1.1.0.202410251130/tools/bin/../lib/gcc/arm-none-eabi/12.3.1/thumb/v7-m/nofp/crti.o
                0x080073ec                _fini
 .fini          0x080073f0        0x8 C:/STM/STM32CubeIDE_1.12.1/STM32CubeIDE/plugins/com.st.stm32cube.ide.mcu.externaltools.gnu-tools-for-stm32.12.3.rel1.win32_1.1.0.202410251130/tools/bin/../lib/gcc/arm-none-eabi/12.3.1/thumb/v7-m/nofp/crtn.o
                0x080073f8                        . = ALIGN (0x4)
                0x080073f8                        _etext = .

.vfp11_veneer   0x080073f8        0x0
 .vfp11_veneer  0x080073f8        0x0 linker stubs

.v4_bx          0x080073f8        0x0
 .v4_bx         0x080073f8        0x0 linker stubs

.iplt           0x080073f8        0x0
 .iplt          0x080073f8        0x0 C:/STM/STM32CubeIDE_1.12.1/STM32CubeIDE/plugins/com.st.stm32cube.ide.mcu.externaltools.gnu-tools-for-stm32.12.3.rel1.win32_1.1.0.202410251130/tools/bin/../lib/gcc/arm-none-eabi/12.3.1/thumb/v7-m/nofp/crtbegin.o

.rodata         0x080073f8       0x6c
                0x080073f8                        . = ALIGN (0x4)
 *(.rodata)
 .rodata        0x080073f8       0x46 ./USB_DEVICE/App/usbd_desc.o
 *(.rodata*)
 *fill*         0x0800743e        0x2 
 .rodata.AHBPrescTable
                0x08007440       0x10 ./Core/Src/system_stm32f1xx.o
                0x08007440                AHBPrescTable
 .rodata.aPLLMULFactorTable.1
                0x08007450       0x10 ./Drivers/STM32F1xx_HAL_Driver/Src/stm32f1xx_hal_rcc.o
 .rodata.aPredivFactorTable.0
                0x08007460        0x2 ./Drivers/STM32F1xx_HAL_Driver/Src/stm32f1xx_hal_rcc.o
                0x08007464                        . = ALIGN (0x4)
 *fill*         0x08007462        0x2 

.rel.dyn        0x08007464        0x0
 .rel.iplt      0x08007464        0x0 C:/STM/STM32CubeIDE_1.12.1/STM32CubeIDE/plugins/com.st.stm32cube.ide.mcu.externaltools.gnu-tools-for-stm32.12.3.rel1.win32_1.1.0.202410251130/tools/bin/../lib/gcc/arm-none-eabi/12.3.1/thumb/v7-m/nofp/crtbegin.o

.ARM.extab      0x08007464        0x0
                0x08007464                        . = ALIGN (0x4)
 *(.ARM.extab* .gnu.linkonce.armextab.*)
                0x08007464                        . = ALIGN (0x4)

.ARM            0x08007464        0x0
                0x08007464                        . = ALIGN (0x4)
                0x08007464                        __exidx_start = .
 *(.ARM.exidx*)
                0x08007464                        __exidx_end = .
                0x08007464                        . = ALIGN (0x4)

.preinit_array  0x08007464        0x0
                0x08007464                        . = ALIGN (0x4)
                0x08007464                        PROVIDE (__preinit_array_start = .)
 *(.preinit_array*)
                0x08007464                        PROVIDE (__preinit_array_end = .)
                0x08007464                        . = ALIGN (0x4)

.init_array     0x08007464        0x4
                0x08007464                        . = ALIGN (0x4)
                0x08007464                        PROVIDE (__init_array_start = .)
 *(SORT_BY_NAME(.init_array.*))
 *(.init_array*)
 .init_array    0x08007464        0x4 C:/STM/STM32CubeIDE_1.12.1/STM32CubeIDE/plugins/com.st.stm32cube.ide.mcu.externaltools.gnu-tools-for-stm32.12.3.rel1.win32_1.1.0.202410251130/tools/bin/../lib/gcc/arm-none-eabi/12.3.1/thumb/v7-m/nofp/crtbegin.o
                0x08007468                        PROVIDE (__init_array_end = .)
                0x08007468                        . = ALIGN (0x4)

.fini_array     0x08007468        0x4
                0x08007468                        . = ALIGN (0x4)
                [!provide]                        PROVIDE (__fini_array_start = .)
 *(SORT_BY_NAME(.fini_array.*))
 *(.fini_array*)
 .fini_array    0x08007468        0x4 C:/STM/STM32CubeIDE_1.12.1/STM32CubeIDE/plugins/com.st.stm32cube.ide.mcu.externaltools.gnu-tools-for-stm32.12.3.rel1.win32_1.1.0.202410251130/tools/bin/../lib/gcc/arm-none-eabi/12.3.1/thumb/v7-m/nofp/crtbegin.o
                [!provide]                        PROVIDE (__fini_array_end = .)
                0x0800746c                        . = ALIGN (0x4)
                0x0800746c                        _sidata = LOADADDR (.data)

.data           0x20000000      0x18c load address 0x0800746c
                0x20000000                        . = ALIGN (0x4)
                0x20000000                        _sdata = .
 *(.data)
 *(.data*)
 .data.S        0x20000000       0x10 ./Core/Src/main.o
                0x20000000                S
 .data.SystemCoreClock
                0x20000010        0x4 ./Core/Src/system_stm32f1xx.o
                0x20000010                SystemCoreClock
 .data.uwTickPrio
                0x20000014        0x4 ./Drivers/STM32F1xx_HAL_Driver/Src/stm32f1xx_hal.o
                0x20000014                uwTickPrio
 .data.uwTickFreq
                0x20000018        0x1 ./Drivers/STM32F1xx_HAL_Driver/Src/stm32f1xx_hal.o
                0x20000018                uwTickFreq
 *fill*         0x20000019        0x3 
 .data.USBD_CDC_DeviceQualifierDesc
                0x2000001c        0xa ./Middlewares/ST/STM32_USB_Device_Library/Class/CDC/Src/usbd_cdc.o
 *fill*         0x20000026        0x2 
 .data.USBD_CDC
                0x20000028       0x38 ./Middlewares/ST/STM32_USB_Device_Library/Class/CDC/Src/usbd_cdc.o
                0x20000028                USBD_CDC
 .data.USBD_CDC_CfgHSDesc
                0x20000060       0x43 ./Middlewares/ST/STM32_USB_Device_Library/Class/CDC/Src/usbd_cdc.o
                0x20000060                USBD_CDC_CfgHSDesc
 *fill*         0x200000a3        0x1 
 .data.USBD_CDC_CfgFSDesc
                0x200000a4       0x43 ./Middlewares/ST/STM32_USB_Device_Library/Class/CDC/Src/usbd_cdc.o
                0x200000a4                USBD_CDC_CfgFSDesc
 *fill*         0x200000e7        0x1 
 .data.USBD_CDC_OtherSpeedCfgDesc
                0x200000e8       0x43 ./Middlewares/ST/STM32_USB_Device_Library/Class/CDC/Src/usbd_cdc.o
                0x200000e8                USBD_CDC_OtherSpeedCfgDesc
 *fill*         0x2000012b        0x1 
 .data.USBD_Interface_fops_FS
                0x2000012c       0x10 ./USB_DEVICE/App/usbd_cdc_if.o
                0x2000012c                USBD_Interface_fops_FS
 .data.FS_Desc  0x2000013c       0x1c ./USB_DEVICE/App/usbd_desc.o
                0x2000013c                FS_Desc
 .data.USBD_FS_DeviceDesc
                0x20000158       0x12 ./USB_DEVICE/App/usbd_desc.o
                0x20000158                USBD_FS_DeviceDesc
 *fill*         0x2000016a        0x2 
 .data.USBD_LangIDDesc
                0x2000016c        0x4 ./USB_DEVICE/App/usbd_desc.o
                0x2000016c                USBD_LangIDDesc
 .data.USBD_StringSerial
                0x20000170       0x1a ./USB_DEVICE/App/usbd_desc.o
                0x20000170                USBD_StringSerial
 *(.RamFunc)
 *(.RamFunc*)
                0x2000018c                        . = ALIGN (0x4)
 *fill*         0x2000018a        0x2 
                0x2000018c                        _edata = .

.igot.plt       0x2000018c        0x0 load address 0x080075f8
 .igot.plt      0x2000018c        0x0 C:/STM/STM32CubeIDE_1.12.1/STM32CubeIDE/plugins/com.st.stm32cube.ide.mcu.externaltools.gnu-tools-for-stm32.12.3.rel1.win32_1.1.0.202410251130/tools/bin/../lib/gcc/arm-none-eabi/12.3.1/thumb/v7-m/nofp/crtbegin.o
                0x2000018c                        . = ALIGN (0x4)

.bss            0x2000018c     0x11e0 load address 0x080075f8
                0x2000018c                        _sbss = .
                0x2000018c                        __bss_start__ = _sbss
 *(.bss)
 .bss           0x2000018c       0x1c C:/STM/STM32CubeIDE_1.12.1/STM32CubeIDE/plugins/com.st.stm32cube.ide.mcu.externaltools.gnu-tools-for-stm32.12.3.rel1.win32_1.1.0.202410251130/tools/bin/../lib/gcc/arm-none-eabi/12.3.1/thumb/v7-m/nofp/crtbegin.o
 *(.bss*)
 .bss.uwTick    0x200001a8        0x4 ./Drivers/STM32F1xx_HAL_Driver/Src/stm32f1xx_hal.o
                0x200001a8                uwTick
 .bss.cfgidx.0  0x200001ac        0x1 ./Middlewares/ST/STM32_USB_Device_Library/Core/Src/usbd_ctlreq.o
 *fill*         0x200001ad        0x3 
 .bss.hUsbDeviceFS
                0x200001b0      0x2c4 ./USB_DEVICE/App/usb_device.o
                0x200001b0                hUsbDeviceFS
 .bss.UserRxBufferFS
                0x20000474      0x400 ./USB_DEVICE/App/usbd_cdc_if.o
                0x20000474                UserRxBufferFS
 .bss.UserTxBufferFS
                0x20000874      0x400 ./USB_DEVICE/App/usbd_cdc_if.o
                0x20000874                UserTxBufferFS
 .bss.USBD_StrDesc
                0x20000c74      0x200 ./USB_DEVICE/App/usbd_desc.o
                0x20000c74                USBD_StrDesc
 .bss.hpcd_USB_FS
                0x20000e74      0x2d8 ./USB_DEVICE/Target/usbd_conf.o
                0x20000e74                hpcd_USB_FS
 .bss.mem.0     0x2000114c      0x220 ./USB_DEVICE/Target/usbd_conf.o
 *(COMMON)
                0x2000136c                        . = ALIGN (0x4)
                0x2000136c                        _ebss = .
                0x2000136c                        __bss_end__ = _ebss

._user_heap_stack
                0x2000136c      0x604 load address 0x080075f8
                0x20001370                        . = ALIGN (0x8)
 *fill*         0x2000136c        0x4 
                [!provide]                        PROVIDE (end = .)
                0x20001370                        PROVIDE (_end = .)
                0x20001570                        . = (. + _Min_Heap_Size)
 *fill*         0x20001370      0x200 
                0x20001970                        . = (. + _Min_Stack_Size)
 *fill*         0x20001570      0x400 
                0x20001970                        . = ALIGN (0x8)

/DISCARD/
 libc.a(*)
 libm.a(*)
 libgcc.a(*)

.ARM.attributes
                0x00000000       0x29
 *(.ARM.attributes)
 .ARM.attributes
                0x00000000       0x1d C:/STM/STM32CubeIDE_1.12.1/STM32CubeIDE/plugins/com.st.stm32cube.ide.mcu.externaltools.gnu-tools-for-stm32.12.3.rel1.win32_1.1.0.202410251130/tools/bin/../lib/gcc/arm-none-eabi/12.3.1/thumb/v7-m/nofp/crti.o
 .ARM.attributes
                0x0000001d       0x2d C:/STM/STM32CubeIDE_1.12.1/STM32CubeIDE/plugins/com.st.stm32cube.ide.mcu.externaltools.gnu-tools-for-stm32.12.3.rel1.win32_1.1.0.202410251130/tools/bin/../lib/gcc/arm-none-eabi/12.3.1/thumb/v7-m/nofp/crtbegin.o
 .ARM.attributes
                0x0000004a       0x2d ./Core/Hardware_Interface/Hardware_Interface.o
 .ARM.attributes
                0x00000077       0x2d ./Core/Src/main.o
 .ARM.attributes
                0x000000a4       0x2d ./Core/Src/stm32f1xx_hal_msp.o
 .ARM.attributes
                0x000000d1       0x2d ./Core/Src/stm32f1xx_it.o
 .ARM.attributes
                0x000000fe       0x2d ./Core/Src/system_stm32f1xx.o
 .ARM.attributes
                0x0000012b       0x21 ./Core/Startup/startup_stm32f103c8tx.o
 .ARM.attributes
                0x0000014c       0x2d ./Drivers/STM32F1xx_HAL_Driver/Src/stm32f1xx_hal.o
 .ARM.attributes
                0x00000179       0x2d ./Drivers/STM32F1xx_HAL_Driver/Src/stm32f1xx_hal_cortex.o
 .ARM.attributes
                0x000001a6       0x2d ./Drivers/STM32F1xx_HAL_Driver/Src/stm32f1xx_hal_pcd.o
 .ARM.attributes
                0x000001d3       0x2d ./Drivers/STM32F1xx_HAL_Driver/Src/stm32f1xx_hal_pcd_ex.o
 .ARM.attributes
                0x00000200       0x2d ./Drivers/STM32F1xx_HAL_Driver/Src/stm32f1xx_hal_rcc.o
 .ARM.attributes
                0x0000022d       0x2d ./Drivers/STM32F1xx_HAL_Driver/Src/stm32f1xx_hal_rcc_ex.o
 .ARM.attributes
                0x0000025a       0x2d ./Drivers/STM32F1xx_HAL_Driver/Src/stm32f1xx_ll_usb.o
 .ARM.attributes
                0x00000287       0x2d ./Drivers/SbW_Protocol/SbW_Protocol.o
 .ARM.attributes
                0x000002b4       0x2d ./Middlewares/ST/STM32_USB_Device_Library/Class/CDC/Src/usbd_cdc.o
 .ARM.attributes
                0x000002e1       0x2d ./Middlewares/ST/STM32_USB_Device_Library/Core/Src/usbd_core.o
 .ARM.attributes
                0x0000030e       0x2d ./Middlewares/ST/STM32_USB_Device_Library/Core/Src/usbd_ctlreq.o
 .ARM.attributes
                0x0000033b       0x2d ./Middlewares/ST/STM32_USB_Device_Library/Core/Src/usbd_ioreq.o
 .ARM.attributes
                0x00000368       0x2d ./USB_DEVICE/App/usb_device.o
 .ARM.attributes
                0x00000395       0x2d ./USB_DEVICE/App/usbd_cdc_if.o
 .ARM.attributes
                0x000003c2       0x2d ./USB_DEVICE/App/usbd_desc.o
 .ARM.attributes
                0x000003ef       0x2d ./USB_DEVICE/Target/usbd_conf.o
 .ARM.attributes
                0x0000041c       0x2d C:/STM/STM32CubeIDE_1.12.1/STM32CubeIDE/plugins/com.st.stm32cube.ide.mcu.externaltools.gnu-tools-for-stm32.12.3.rel1.win32_1.1.0.202410251130/tools/bin/../lib/gcc/arm-none-eabi/12.3.1/../../../../arm-none-eabi/lib/thumb/v7-m/nofp\libc_nano.a(libc_a-memset.o)
 .ARM.attributes
                0x00000449       0x2d C:/STM/STM32CubeIDE_1.12.1/STM32CubeIDE/plugins/com.st.stm32cube.ide.mcu.externaltools.gnu-tools-for-stm32.12.3.rel1.win32_1.1.0.202410251130/tools/bin/../lib/gcc/arm-none-eabi/12.3.1/../../../../arm-none-eabi/lib/thumb/v7-m/nofp\libc_nano.a(libc_a-init.o)
 .ARM.attributes
                0x00000476       0x1d C:/STM/STM32CubeIDE_1.12.1/STM32CubeIDE/plugins/com.st.stm32cube.ide.mcu.externaltools.gnu-tools-for-stm32.12.3.rel1.win32_1.1.0.202410251130/tools/bin/../lib/gcc/arm-none-eabi/12.3.1/thumb/v7-m/nofp/crtn.o
OUTPUT(USB_Custom_Protocol.elf elf32-littlearm)
LOAD linker stubs
LOAD C:/STM/STM32CubeIDE_1.12.1/STM32CubeIDE/plugins/com.st.stm32cube.ide.mcu.externaltools.gnu-tools-for-stm32.12.3.rel1.win32_1.1.0.202410251130/tools/bin/../lib/gcc/arm-none-eabi/12.3.1/../../../../arm-none-eabi/lib/thumb/v7-m/nofp\libc.a
LOAD C:/STM/STM32CubeIDE_1.12.1/STM32CubeIDE/plugins/com.st.stm32cube.ide.mcu.externaltools.gnu-tools-for-stm32.12.3.rel1.win32_1.1.0.202410251130/tools/bin/../lib/gcc/arm-none-eabi/12.3.1/../../../../arm-none-eabi/lib/thumb/v7-m/nofp\libm.a
LOAD C:/STM/STM32CubeIDE_1.12.1/STM32CubeIDE/plugins/com.st.stm32cube.ide.mcu.externaltools.gnu-tools-for-stm32.12.3.rel1.win32_1.1.0.202410251130/tools/bin/../lib/gcc/arm-none-eabi/12.3.1/thumb/v7-m/nofp\libgcc.a

.debug_info     0x00000000     0xbbb0
 .debug_info    0x00000000      0x101 ./Core/Hardware_Interface/Hardware_Interface.o
 .debug_info    0x00000101      0x564 ./Core/Src/main.o
 .debug_info    0x00000665      0x1f1 ./Core/Src/stm32f1xx_hal_msp.o
 .debug_info    0x00000856      0x602 ./Core/Src/stm32f1xx_it.o
 .debug_info    0x00000e58      0x222 ./Core/Src/system_stm32f1xx.o
 .debug_info    0x0000107a       0x30 ./Core/Startup/startup_stm32f103c8tx.o
 .debug_info    0x000010aa      0x704 ./Drivers/STM32F1xx_HAL_Driver/Src/stm32f1xx_hal.o
 .debug_info    0x000017ae      0xa87 ./Drivers/STM32F1xx_HAL_Driver/Src/stm32f1xx_hal_cortex.o
 .debug_info    0x00002235     0x16dc ./Drivers/STM32F1xx_HAL_Driver/Src/stm32f1xx_hal_pcd.o
 .debug_info    0x00003911      0x6c3 ./Drivers/STM32F1xx_HAL_Driver/Src/stm32f1xx_hal_pcd_ex.o
 .debug_info    0x00003fd4      0x7d5 ./Drivers/STM32F1xx_HAL_Driver/Src/stm32f1xx_hal_rcc.o
 .debug_info    0x000047a9      0x3c0 ./Drivers/STM32F1xx_HAL_Driver/Src/stm32f1xx_hal_rcc_ex.o
 .debug_info    0x00004b69     0x17ae ./Drivers/STM32F1xx_HAL_Driver/Src/stm32f1xx_ll_usb.o
 .debug_info    0x00006317      0x26a ./Drivers/SbW_Protocol/SbW_Protocol.o
 .debug_info    0x00006581     0x1043 ./Middlewares/ST/STM32_USB_Device_Library/Class/CDC/Src/usbd_cdc.o
 .debug_info    0x000075c4      0xa52 ./Middlewares/ST/STM32_USB_Device_Library/Core/Src/usbd_core.o
 .debug_info    0x00008016      0x91c ./Middlewares/ST/STM32_USB_Device_Library/Core/Src/usbd_ctlreq.o
 .debug_info    0x00008932      0x6a0 ./Middlewares/ST/STM32_USB_Device_Library/Core/Src/usbd_ioreq.o
 .debug_info    0x00008fd2      0x63d ./USB_DEVICE/App/usb_device.o
 .debug_info    0x0000960f      0x8f3 ./USB_DEVICE/App/usbd_cdc_if.o
 .debug_info    0x00009f02      0x44a ./USB_DEVICE/App/usbd_desc.o
 .debug_info    0x0000a34c     0x1864 ./USB_DEVICE/Target/usbd_conf.o

.debug_abbrev   0x00000000     0x2a3a
 .debug_abbrev  0x00000000       0x9d ./Core/Hardware_Interface/Hardware_Interface.o
 .debug_abbrev  0x0000009d      0x268 ./Core/Src/main.o
 .debug_abbrev  0x00000305       0xdb ./Core/Src/stm32f1xx_hal_msp.o
 .debug_abbrev  0x000003e0      0x192 ./Core/Src/stm32f1xx_it.o
 .debug_abbrev  0x00000572      0x13f ./Core/Src/system_stm32f1xx.o
 .debug_abbrev  0x000006b1       0x24 ./Core/Startup/startup_stm32f103c8tx.o
 .debug_abbrev  0x000006d5      0x201 ./Drivers/STM32F1xx_HAL_Driver/Src/stm32f1xx_hal.o
 .debug_abbrev  0x000008d6      0x2f8 ./Drivers/STM32F1xx_HAL_Driver/Src/stm32f1xx_hal_cortex.o
 .debug_abbrev  0x00000bce      0x2d6 ./Drivers/STM32F1xx_HAL_Driver/Src/stm32f1xx_hal_pcd.o
 .debug_abbrev  0x00000ea4      0x189 ./Drivers/STM32F1xx_HAL_Driver/Src/stm32f1xx_hal_pcd_ex.o
 .debug_abbrev  0x0000102d      0x2b3 ./Drivers/STM32F1xx_HAL_Driver/Src/stm32f1xx_hal_rcc.o
 .debug_abbrev  0x000012e0      0x188 ./Drivers/STM32F1xx_HAL_Driver/Src/stm32f1xx_hal_rcc_ex.o
 .debug_abbrev  0x00001468      0x1de ./Drivers/STM32F1xx_HAL_Driver/Src/stm32f1xx_ll_usb.o
 .debug_abbrev  0x00001646      0x16d ./Drivers/SbW_Protocol/SbW_Protocol.o
 .debug_abbrev  0x000017b3      0x2d3 ./Middlewares/ST/STM32_USB_Device_Library/Class/CDC/Src/usbd_cdc.o
 .debug_abbrev  0x00001a86      0x24a ./Middlewares/ST/STM32_USB_Device_Library/Core/Src/usbd_core.o
 .debug_abbrev  0x00001cd0      0x26b ./Middlewares/ST/STM32_USB_Device_Library/Core/Src/usbd_ctlreq.o
 .debug_abbrev  0x00001f3b      0x192 ./Middlewares/ST/STM32_USB_Device_Library/Core/Src/usbd_ioreq.o
 .debug_abbrev  0x000020cd      0x18d ./USB_DEVICE/App/usb_device.o
 .debug_abbrev  0x0000225a      0x2cb ./USB_DEVICE/App/usbd_cdc_if.o
 .debug_abbrev  0x00002525      0x1ff ./USB_DEVICE/App/usbd_desc.o
 .debug_abbrev  0x00002724      0x316 ./USB_DEVICE/Target/usbd_conf.o

.debug_aranges  0x00000000      0xa70
 .debug_aranges
                0x00000000       0x20 ./Core/Hardware_Interface/Hardware_Interface.o
 .debug_aranges
                0x00000020       0x40 ./Core/Src/main.o
 .debug_aranges
                0x00000060       0x20 ./Core/Src/stm32f1xx_hal_msp.o
 .debug_aranges
                0x00000080       0x68 ./Core/Src/stm32f1xx_it.o
 .debug_aranges
                0x000000e8       0x28 ./Core/Src/system_stm32f1xx.o
 .debug_aranges
                0x00000110       0x28 ./Core/Startup/startup_stm32f103c8tx.o
 .debug_aranges
                0x00000138       0xe0 ./Drivers/STM32F1xx_HAL_Driver/Src/stm32f1xx_hal.o
 .debug_aranges
                0x00000218      0x100 ./Drivers/STM32F1xx_HAL_Driver/Src/stm32f1xx_hal_cortex.o
 .debug_aranges
                0x00000318      0x140 ./Drivers/STM32F1xx_HAL_Driver/Src/stm32f1xx_hal_pcd.o
 .debug_aranges
                0x00000458       0x38 ./Drivers/STM32F1xx_HAL_Driver/Src/stm32f1xx_hal_pcd_ex.o
 .debug_aranges
                0x00000490       0x90 ./Drivers/STM32F1xx_HAL_Driver/Src/stm32f1xx_hal_rcc.o
 .debug_aranges
                0x00000520       0x30 ./Drivers/STM32F1xx_HAL_Driver/Src/stm32f1xx_hal_rcc_ex.o
 .debug_aranges
                0x00000550       0xf8 ./Drivers/STM32F1xx_HAL_Driver/Src/stm32f1xx_ll_usb.o
 .debug_aranges
                0x00000648       0x30 ./Drivers/SbW_Protocol/SbW_Protocol.o
 .debug_aranges
                0x00000678       0x90 ./Middlewares/ST/STM32_USB_Device_Library/Class/CDC/Src/usbd_cdc.o
 .debug_aranges
                0x00000708       0xb8 ./Middlewares/ST/STM32_USB_Device_Library/Core/Src/usbd_core.o
 .debug_aranges
                0x000007c0       0x88 ./Middlewares/ST/STM32_USB_Device_Library/Core/Src/usbd_ctlreq.o
 .debug_aranges
                0x00000848       0x50 ./Middlewares/ST/STM32_USB_Device_Library/Core/Src/usbd_ioreq.o
 .debug_aranges
                0x00000898       0x20 ./USB_DEVICE/App/usb_device.o
 .debug_aranges
                0x000008b8       0x40 ./USB_DEVICE/App/usbd_cdc_if.o
 .debug_aranges
                0x000008f8       0x60 ./USB_DEVICE/App/usbd_desc.o
 .debug_aranges
                0x00000958      0x118 ./USB_DEVICE/Target/usbd_conf.o

.debug_rnglists
                0x00000000      0x792
 .debug_rnglists
                0x00000000       0x13 ./Core/Hardware_Interface/Hardware_Interface.o
 .debug_rnglists
                0x00000013       0x2c ./Core/Src/main.o
 .debug_rnglists
                0x0000003f       0x13 ./Core/Src/stm32f1xx_hal_msp.o
 .debug_rnglists
                0x00000052       0x49 ./Core/Src/stm32f1xx_it.o
 .debug_rnglists
                0x0000009b       0x1a ./Core/Src/system_stm32f1xx.o
 .debug_rnglists
                0x000000b5       0x19 ./Core/Startup/startup_stm32f103c8tx.o
 .debug_rnglists
                0x000000ce       0xa3 ./Drivers/STM32F1xx_HAL_Driver/Src/stm32f1xx_hal.o
 .debug_rnglists
                0x00000171       0xbb ./Drivers/STM32F1xx_HAL_Driver/Src/stm32f1xx_hal_cortex.o
 .debug_rnglists
                0x0000022c       0xf4 ./Drivers/STM32F1xx_HAL_Driver/Src/stm32f1xx_hal_pcd.o
 .debug_rnglists
                0x00000320       0x26 ./Drivers/STM32F1xx_HAL_Driver/Src/stm32f1xx_hal_pcd_ex.o
 .debug_rnglists
                0x00000346       0x6c ./Drivers/STM32F1xx_HAL_Driver/Src/stm32f1xx_hal_rcc.o
 .debug_rnglists
                0x000003b2       0x21 ./Drivers/STM32F1xx_HAL_Driver/Src/stm32f1xx_hal_rcc_ex.o
 .debug_rnglists
                0x000003d3       0xbd ./Drivers/STM32F1xx_HAL_Driver/Src/stm32f1xx_ll_usb.o
 .debug_rnglists
                0x00000490       0x20 ./Drivers/SbW_Protocol/SbW_Protocol.o
 .debug_rnglists
                0x000004b0       0x6a ./Middlewares/ST/STM32_USB_Device_Library/Class/CDC/Src/usbd_cdc.o
 .debug_rnglists
                0x0000051a       0x89 ./Middlewares/ST/STM32_USB_Device_Library/Core/Src/usbd_core.o
 .debug_rnglists
                0x000005a3       0x68 ./Middlewares/ST/STM32_USB_Device_Library/Core/Src/usbd_ctlreq.o
 .debug_rnglists
                0x0000060b       0x37 ./Middlewares/ST/STM32_USB_Device_Library/Core/Src/usbd_ioreq.o
 .debug_rnglists
                0x00000642       0x13 ./USB_DEVICE/App/usb_device.o
 .debug_rnglists
                0x00000655       0x2c ./USB_DEVICE/App/usbd_cdc_if.o
 .debug_rnglists
                0x00000681       0x43 ./USB_DEVICE/App/usbd_desc.o
 .debug_rnglists
                0x000006c4       0xce ./USB_DEVICE/Target/usbd_conf.o

.debug_macro    0x00000000    0x1926e
 .debug_macro   0x00000000      0x366 ./Core/Hardware_Interface/Hardware_Interface.o
 .debug_macro   0x00000366      0xaa8 ./Core/Hardware_Interface/Hardware_Interface.o
 .debug_macro   0x00000e0e       0x22 ./Core/Hardware_Interface/Hardware_Interface.o
 .debug_macro   0x00000e30       0x8e ./Core/Hardware_Interface/Hardware_Interface.o
 .debug_macro   0x00000ebe       0x51 ./Core/Hardware_Interface/Hardware_Interface.o
 .debug_macro   0x00000f0f      0x103 ./Core/Hardware_Interface/Hardware_Interface.o
 .debug_macro   0x00001012       0x6a ./Core/Hardware_Interface/Hardware_Interface.o
 .debug_macro   0x0000107c      0x1df ./Core/Hardware_Interface/Hardware_Interface.o
 .debug_macro   0x0000125b       0x61 ./Core/Hardware_Interface/Hardware_Interface.o
 .debug_macro   0x000012bc       0x24 ./Core/Hardware_Interface/Hardware_Interface.o
 .debug_macro   0x000012e0       0x43 ./Core/Hardware_Interface/Hardware_Interface.o
 .debug_macro   0x00001323       0x34 ./Core/Hardware_Interface/Hardware_Interface.o
 .debug_macro   0x00001357       0x16 ./Core/Hardware_Interface/Hardware_Interface.o
 .debug_macro   0x0000136d       0x9e ./Core/Hardware_Interface/Hardware_Interface.o
 .debug_macro   0x0000140b      0x369 ./Core/Hardware_Interface/Hardware_Interface.o
 .debug_macro   0x00001774      0x10b ./Core/Hardware_Interface/Hardware_Interface.o
 .debug_macro   0x0000187f       0x10 ./Core/Hardware_Interface/Hardware_Interface.o
 .debug_macro   0x0000188f       0x16 ./Core/Hardware_Interface/Hardware_Interface.o
 .debug_macro   0x000018a5       0x43 ./Core/Hardware_Interface/Hardware_Interface.o
 .debug_macro   0x000018e8       0x34 ./Core/Hardware_Interface/Hardware_Interface.o
 .debug_macro   0x0000191c       0x10 ./Core/Hardware_Interface/Hardware_Interface.o
 .debug_macro   0x0000192c       0x58 ./Core/Hardware_Interface/Hardware_Interface.o
 .debug_macro   0x00001984       0x8e ./Core/Hardware_Interface/Hardware_Interface.o
 .debug_macro   0x00001a12       0x1c ./Core/Hardware_Interface/Hardware_Interface.o
 .debug_macro   0x00001a2e      0x177 ./Core/Hardware_Interface/Hardware_Interface.o
 .debug_macro   0x00001ba5       0x16 ./Core/Hardware_Interface/Hardware_Interface.o
 .debug_macro   0x00001bbb       0x16 ./Core/Hardware_Interface/Hardware_Interface.o
 .debug_macro   0x00001bd1      0x146 ./Core/Hardware_Interface/Hardware_Interface.o
 .debug_macro   0x00001d17       0x16 ./Core/Hardware_Interface/Hardware_Interface.o
 .debug_macro   0x00001d2d       0x35 ./Core/Hardware_Interface/Hardware_Interface.o
 .debug_macro   0x00001d62       0x16 ./Core/Hardware_Interface/Hardware_Interface.o
 .debug_macro   0x00001d78       0x29 ./Core/Hardware_Interface/Hardware_Interface.o
 .debug_macro   0x00001da1       0x16 ./Core/Hardware_Interface/Hardware_Interface.o
 .debug_macro   0x00001db7       0x20 ./Core/Hardware_Interface/Hardware_Interface.o
 .debug_macro   0x00001dd7      0x215 ./Core/Hardware_Interface/Hardware_Interface.o
 .debug_macro   0x00001fec       0x2e ./Core/Hardware_Interface/Hardware_Interface.o
 .debug_macro   0x0000201a       0x22 ./Core/Hardware_Interface/Hardware_Interface.o
 .debug_macro   0x0000203c       0x1c ./Core/Hardware_Interface/Hardware_Interface.o
 .debug_macro   0x00002058       0x22 ./Core/Hardware_Interface/Hardware_Interface.o
 .debug_macro   0x0000207a       0xbd ./Core/Hardware_Interface/Hardware_Interface.o
 .debug_macro   0x00002137      0xd23 ./Core/Hardware_Interface/Hardware_Interface.o
 .debug_macro   0x00002e5a     0xe09e ./Core/Hardware_Interface/Hardware_Interface.o
 .debug_macro   0x00010ef8       0x6d ./Core/Hardware_Interface/Hardware_Interface.o
 .debug_macro   0x00010f65     0x34a2 ./Core/Hardware_Interface/Hardware_Interface.o
 .debug_macro   0x00014407       0x56 ./Core/Hardware_Interface/Hardware_Interface.o
 .debug_macro   0x0001445d      0x5bc ./Core/Hardware_Interface/Hardware_Interface.o
 .debug_macro   0x00014a19      0x289 ./Core/Hardware_Interface/Hardware_Interface.o
 .debug_macro   0x00014ca2      0x1cb ./Core/Hardware_Interface/Hardware_Interface.o
 .debug_macro   0x00014e6d      0x114 ./Core/Hardware_Interface/Hardware_Interface.o
 .debug_macro   0x00014f81      0x1b2 ./Core/Hardware_Interface/Hardware_Interface.o
 .debug_macro   0x00015133       0x27 ./Core/Hardware_Interface/Hardware_Interface.o
 .debug_macro   0x0001515a      0x136 ./Core/Hardware_Interface/Hardware_Interface.o
 .debug_macro   0x00015290      0x1bc ./Core/Hardware_Interface/Hardware_Interface.o
 .debug_macro   0x0001544c       0x34 ./Core/Hardware_Interface/Hardware_Interface.o
 .debug_macro   0x00015480       0x3c ./Core/Hardware_Interface/Hardware_Interface.o
 .debug_macro   0x000154bc       0x57 ./Core/Hardware_Interface/Hardware_Interface.o
 .debug_macro   0x00015513       0x87 ./Core/Hardware_Interface/Hardware_Interface.o
 .debug_macro   0x0001559a      0x240 ./Core/Hardware_Interface/Hardware_Interface.o
 .debug_macro   0x000157da      0x140 ./Core/Hardware_Interface/Hardware_Interface.o
 .debug_macro   0x0001591a       0xb7 ./Core/Hardware_Interface/Hardware_Interface.o
 .debug_macro   0x000159d1      0x242 ./Core/Hardware_Interface/Hardware_Interface.o
 .debug_macro   0x00015c13       0x83 ./Core/Hardware_Interface/Hardware_Interface.o
 .debug_macro   0x00015c96       0x5f ./Core/Hardware_Interface/Hardware_Interface.o
 .debug_macro   0x00015cf5      0x1c8 ./Core/Hardware_Interface/Hardware_Interface.o
 .debug_macro   0x00015ebd       0x8f ./Core/Hardware_Interface/Hardware_Interface.o
 .debug_macro   0x00015f4c       0x10 ./Core/Hardware_Interface/Hardware_Interface.o
 .debug_macro   0x00015f5c      0x378 ./Core/Src/main.o
 .debug_macro   0x000162d4      0x189 ./Core/Src/main.o
 .debug_macro   0x0001645d       0x5c ./Core/Src/main.o
 .debug_macro   0x000164b9      0x1b2 ./Core/Src/stm32f1xx_hal_msp.o
 .debug_macro   0x0001666b      0x1bc ./Core/Src/stm32f1xx_it.o
 .debug_macro   0x00016827      0x1a8 ./Core/Src/system_stm32f1xx.o
 .debug_macro   0x000169cf      0x1cc ./Drivers/STM32F1xx_HAL_Driver/Src/stm32f1xx_hal.o
 .debug_macro   0x00016b9b      0x1a8 ./Drivers/STM32F1xx_HAL_Driver/Src/stm32f1xx_hal_cortex.o
 .debug_macro   0x00016d43      0x1b4 ./Drivers/STM32F1xx_HAL_Driver/Src/stm32f1xx_hal_pcd.o
 .debug_macro   0x00016ef7      0x1a8 ./Drivers/STM32F1xx_HAL_Driver/Src/stm32f1xx_hal_pcd_ex.o
 .debug_macro   0x0001709f      0x1ba ./Drivers/STM32F1xx_HAL_Driver/Src/stm32f1xx_hal_rcc.o
 .debug_macro   0x00017259      0x1a8 ./Drivers/STM32F1xx_HAL_Driver/Src/stm32f1xx_hal_rcc_ex.o
 .debug_macro   0x00017401      0x1a8 ./Drivers/STM32F1xx_HAL_Driver/Src/stm32f1xx_ll_usb.o
 .debug_macro   0x000175a9       0x6d ./Drivers/SbW_Protocol/SbW_Protocol.o
 .debug_macro   0x00017616      0x341 ./Middlewares/ST/STM32_USB_Device_Library/Class/CDC/Src/usbd_cdc.o
 .debug_macro   0x00017957      0x328 ./Middlewares/ST/STM32_USB_Device_Library/Core/Src/usbd_core.o
 .debug_macro   0x00017c7f      0x1ce ./Middlewares/ST/STM32_USB_Device_Library/Core/Src/usbd_core.o
 .debug_macro   0x00017e4d      0x332 ./Middlewares/ST/STM32_USB_Device_Library/Core/Src/usbd_ctlreq.o
 .debug_macro   0x0001817f      0x32e ./Middlewares/ST/STM32_USB_Device_Library/Core/Src/usbd_ioreq.o
 .debug_macro   0x000184ad      0x367 ./USB_DEVICE/App/usb_device.o
 .debug_macro   0x00018814       0x22 ./USB_DEVICE/App/usb_device.o
 .debug_macro   0x00018836       0x16 ./USB_DEVICE/App/usb_device.o
 .debug_macro   0x0001884c      0x356 ./USB_DEVICE/App/usbd_cdc_if.o
 .debug_macro   0x00018ba2      0x365 ./USB_DEVICE/App/usbd_desc.o
 .debug_macro   0x00018f07       0x1c ./USB_DEVICE/App/usbd_desc.o
 .debug_macro   0x00018f23      0x34b ./USB_DEVICE/Target/usbd_conf.o

.debug_line     0x00000000     0xea66
 .debug_line    0x00000000      0xa31 ./Core/Hardware_Interface/Hardware_Interface.o
 .debug_line    0x00000a31      0xb5d ./Core/Src/main.o
 .debug_line    0x0000158e      0x6ff ./Core/Src/stm32f1xx_hal_msp.o
 .debug_line    0x00001c8d      0x7d9 ./Core/Src/stm32f1xx_it.o
 .debug_line    0x00002466      0x77d ./Core/Src/system_stm32f1xx.o
 .debug_line    0x00002be3       0x78 ./Core/Startup/startup_stm32f103c8tx.o
 .debug_line    0x00002c5b      0x9aa ./Drivers/STM32F1xx_HAL_Driver/Src/stm32f1xx_hal.o
 .debug_line    0x00003605      0xb96 ./Drivers/STM32F1xx_HAL_Driver/Src/stm32f1xx_hal_cortex.o
 .debug_line    0x0000419b     0x13ff ./Drivers/STM32F1xx_HAL_Driver/Src/stm32f1xx_hal_pcd.o
 .debug_line    0x0000559a      0x778 ./Drivers/STM32F1xx_HAL_Driver/Src/stm32f1xx_hal_pcd_ex.o
 .debug_line    0x00005d12      0xdb3 ./Drivers/STM32F1xx_HAL_Driver/Src/stm32f1xx_hal_rcc.o
 .debug_line    0x00006ac5      0x8f4 ./Drivers/STM32F1xx_HAL_Driver/Src/stm32f1xx_hal_rcc_ex.o
 .debug_line    0x000073b9     0x107b ./Drivers/STM32F1xx_HAL_Driver/Src/stm32f1xx_ll_usb.o
 .debug_line    0x00008434      0x55c ./Drivers/SbW_Protocol/SbW_Protocol.o
 .debug_line    0x00008990      0xd01 ./Middlewares/ST/STM32_USB_Device_Library/Class/CDC/Src/usbd_cdc.o
 .debug_line    0x00009691      0xd7d ./Middlewares/ST/STM32_USB_Device_Library/Core/Src/usbd_core.o
 .debug_line    0x0000a40e      0xfbd ./Middlewares/ST/STM32_USB_Device_Library/Core/Src/usbd_ctlreq.o
 .debug_line    0x0000b3cb      0xa13 ./Middlewares/ST/STM32_USB_Device_Library/Core/Src/usbd_ioreq.o
 .debug_line    0x0000bdde      0x9d3 ./USB_DEVICE/App/usb_device.o
 .debug_line    0x0000c7b1      0xa5e ./USB_DEVICE/App/usbd_cdc_if.o
 .debug_line    0x0000d20f      0xa9c ./USB_DEVICE/App/usbd_desc.o
 .debug_line    0x0000dcab      0xdbb ./USB_DEVICE/Target/usbd_conf.o

.debug_str      0x00000000    0x844a3
 .debug_str     0x00000000    0x8192a ./Core/Hardware_Interface/Hardware_Interface.o
                              0x81cbe (size before relaxing)
 .debug_str     0x0008192a      0x38d ./Core/Src/main.o
                              0x8201d (size before relaxing)
 .debug_str     0x00081cb7       0x5a ./Core/Src/stm32f1xx_hal_msp.o
                              0x7d779 (size before relaxing)
 .debug_str     0x00081d11      0x413 ./Core/Src/stm32f1xx_it.o
                              0x7db58 (size before relaxing)
 .debug_str     0x00082124       0x7e ./Core/Src/system_stm32f1xx.o
                              0x7d7a4 (size before relaxing)
 .debug_str     0x000821a2       0x44 ./Core/Startup/startup_stm32f103c8tx.o
                                 0xb6 (size before relaxing)
 .debug_str     0x000821e6      0x607 ./Drivers/STM32F1xx_HAL_Driver/Src/stm32f1xx_hal.o
                              0x7ded7 (size before relaxing)
 .debug_str     0x000827ed      0x293 ./Drivers/STM32F1xx_HAL_Driver/Src/stm32f1xx_hal_cortex.o
                              0x7de23 (size before relaxing)
 .debug_str     0x00082a80      0x5da ./Drivers/STM32F1xx_HAL_Driver/Src/stm32f1xx_hal_pcd.o
                              0x7e0c1 (size before relaxing)
 .debug_str     0x0008305a      0x170 ./Drivers/STM32F1xx_HAL_Driver/Src/stm32f1xx_hal_pcd_ex.o
                              0x7dc23 (size before relaxing)
 .debug_str     0x000831ca      0x264 ./Drivers/STM32F1xx_HAL_Driver/Src/stm32f1xx_hal_rcc.o
                              0x7dbd3 (size before relaxing)
 .debug_str     0x0008342e       0x9f ./Drivers/STM32F1xx_HAL_Driver/Src/stm32f1xx_hal_rcc_ex.o
                              0x7d923 (size before relaxing)
 .debug_str     0x000834cd      0x129 ./Drivers/STM32F1xx_HAL_Driver/Src/stm32f1xx_ll_usb.o
                              0x7dc75 (size before relaxing)
 .debug_str     0x000835f6       0x63 ./Drivers/SbW_Protocol/SbW_Protocol.o
                               0x3e4a (size before relaxing)
 .debug_str     0x00083659      0x645 ./Middlewares/ST/STM32_USB_Device_Library/Class/CDC/Src/usbd_cdc.o
                              0x8266d (size before relaxing)
 .debug_str     0x00083c9e      0x281 ./Middlewares/ST/STM32_USB_Device_Library/Core/Src/usbd_core.o
                              0x81f9d (size before relaxing)
 .debug_str     0x00083f1f      0x120 ./Middlewares/ST/STM32_USB_Device_Library/Core/Src/usbd_ctlreq.o
                              0x81eb7 (size before relaxing)
 .debug_str     0x0008403f       0x51 ./Middlewares/ST/STM32_USB_Device_Library/Core/Src/usbd_ioreq.o
                              0x81de4 (size before relaxing)
 .debug_str     0x00084090       0xc6 ./USB_DEVICE/App/usb_device.o
                              0x8216f (size before relaxing)
 .debug_str     0x00084156       0x7d ./USB_DEVICE/App/usbd_cdc_if.o
                              0x8227b (size before relaxing)
 .debug_str     0x000841d3      0x258 ./USB_DEVICE/App/usbd_desc.o
                              0x81d20 (size before relaxing)
 .debug_str     0x0008442b       0x78 ./USB_DEVICE/Target/usbd_conf.o
                              0x82bfa (size before relaxing)

.comment        0x00000000       0x43
 .comment       0x00000000       0x43 ./Core/Hardware_Interface/Hardware_Interface.o
                                 0x44 (size before relaxing)
 .comment       0x00000043       0x44 ./Core/Src/main.o
 .comment       0x00000043       0x44 ./Core/Src/stm32f1xx_hal_msp.o
 .comment       0x00000043       0x44 ./Core/Src/stm32f1xx_it.o
 .comment       0x00000043       0x44 ./Core/Src/system_stm32f1xx.o
 .comment       0x00000043       0x44 ./Drivers/STM32F1xx_HAL_Driver/Src/stm32f1xx_hal.o
 .comment       0x00000043       0x44 ./Drivers/STM32F1xx_HAL_Driver/Src/stm32f1xx_hal_cortex.o
 .comment       0x00000043       0x44 ./Drivers/STM32F1xx_HAL_Driver/Src/stm32f1xx_hal_pcd.o
 .comment       0x00000043       0x44 ./Drivers/STM32F1xx_HAL_Driver/Src/stm32f1xx_hal_pcd_ex.o
 .comment       0x00000043       0x44 ./Drivers/STM32F1xx_HAL_Driver/Src/stm32f1xx_hal_rcc.o
 .comment       0x00000043       0x44 ./Drivers/STM32F1xx_HAL_Driver/Src/stm32f1xx_hal_rcc_ex.o
 .comment       0x00000043       0x44 ./Drivers/STM32F1xx_HAL_Driver/Src/stm32f1xx_ll_usb.o
 .comment       0x00000043       0x44 ./Drivers/SbW_Protocol/SbW_Protocol.o
 .comment       0x00000043       0x44 ./Middlewares/ST/STM32_USB_Device_Library/Class/CDC/Src/usbd_cdc.o
 .comment       0x00000043       0x44 ./Middlewares/ST/STM32_USB_Device_Library/Core/Src/usbd_core.o
 .comment       0x00000043       0x44 ./Middlewares/ST/STM32_USB_Device_Library/Core/Src/usbd_ctlreq.o
 .comment       0x00000043       0x44 ./Middlewares/ST/STM32_USB_Device_Library/Core/Src/usbd_ioreq.o
 .comment       0x00000043       0x44 ./USB_DEVICE/App/usb_device.o
 .comment       0x00000043       0x44 ./USB_DEVICE/App/usbd_cdc_if.o
 .comment       0x00000043       0x44 ./USB_DEVICE/App/usbd_desc.o
 .comment       0x00000043       0x44 ./USB_DEVICE/Target/usbd_conf.o

.debug_frame    0x00000000     0x276c
 .debug_frame   0x00000000       0x34 ./Core/Hardware_Interface/Hardware_Interface.o
 .debug_frame   0x00000034       0xb8 ./Core/Src/main.o
 .debug_frame   0x000000ec       0x38 ./Core/Src/stm32f1xx_hal_msp.o
 .debug_frame   0x00000124      0x120 ./Core/Src/stm32f1xx_it.o
 .debug_frame   0x00000244       0x58 ./Core/Src/system_stm32f1xx.o
 .debug_frame   0x0000029c      0x334 ./Drivers/STM32F1xx_HAL_Driver/Src/stm32f1xx_hal.o
 .debug_frame   0x000005d0      0x428 ./Drivers/STM32F1xx_HAL_Driver/Src/stm32f1xx_hal_cortex.o
 .debug_frame   0x000009f8      0x594 ./Drivers/STM32F1xx_HAL_Driver/Src/stm32f1xx_hal_pcd.o
 .debug_frame   0x00000f8c       0xb0 ./Drivers/STM32F1xx_HAL_Driver/Src/stm32f1xx_hal_pcd_ex.o
 .debug_frame   0x0000103c      0x218 ./Drivers/STM32F1xx_HAL_Driver/Src/stm32f1xx_hal_rcc.o
 .debug_frame   0x00001254       0x80 ./Drivers/STM32F1xx_HAL_Driver/Src/stm32f1xx_hal_rcc_ex.o
 .debug_frame   0x000012d4      0x470 ./Drivers/STM32F1xx_HAL_Driver/Src/stm32f1xx_ll_usb.o
 .debug_frame   0x00001744       0x84 ./Drivers/SbW_Protocol/SbW_Protocol.o
 .debug_frame   0x000017c8      0x248 ./Middlewares/ST/STM32_USB_Device_Library/Class/CDC/Src/usbd_cdc.o
 .debug_frame   0x00001a10      0x300 ./Middlewares/ST/STM32_USB_Device_Library/Core/Src/usbd_core.o
 .debug_frame   0x00001d10      0x218 ./Middlewares/ST/STM32_USB_Device_Library/Core/Src/usbd_ctlreq.o
 .debug_frame   0x00001f28      0x10c ./Middlewares/ST/STM32_USB_Device_Library/Core/Src/usbd_ioreq.o
 .debug_frame   0x00002034       0x2c ./USB_DEVICE/App/usb_device.o
 .debug_frame   0x00002060       0xbc ./USB_DEVICE/App/usbd_cdc_if.o
 .debug_frame   0x0000211c      0x160 ./USB_DEVICE/App/usbd_desc.o
 .debug_frame   0x0000227c      0x4a4 ./USB_DEVICE/Target/usbd_conf.o
 .debug_frame   0x00002720       0x20 C:/STM/STM32CubeIDE_1.12.1/STM32CubeIDE/plugins/com.st.stm32cube.ide.mcu.externaltools.gnu-tools-for-stm32.12.3.rel1.win32_1.1.0.202410251130/tools/bin/../lib/gcc/arm-none-eabi/12.3.1/../../../../arm-none-eabi/lib/thumb/v7-m/nofp\libc_nano.a(libc_a-memset.o)
 .debug_frame   0x00002740       0x2c C:/STM/STM32CubeIDE_1.12.1/STM32CubeIDE/plugins/com.st.stm32cube.ide.mcu.externaltools.gnu-tools-for-stm32.12.3.rel1.win32_1.1.0.202410251130/tools/bin/../lib/gcc/arm-none-eabi/12.3.1/../../../../arm-none-eabi/lib/thumb/v7-m/nofp\libc_nano.a(libc_a-init.o)

.debug_line_str
                0x00000000       0x9a
 .debug_line_str
                0x00000000       0x9a ./Core/Startup/startup_stm32f103c8tx.o
